Archive member included to satisfy reference by file (symbol)

c:/program files (x86)/atmel/studio/7.0/toolchain/avr8/avr8-gnu-toolchain/bin/../lib/gcc/avr/5.4.0/../../../../avr/lib/avr6\libm.a(divsf3.o)
                              BTN.o (__divsf3)
c:/program files (x86)/atmel/studio/7.0/toolchain/avr8/avr8-gnu-toolchain/bin/../lib/gcc/avr/5.4.0/../../../../avr/lib/avr6\libm.a(divsf3x.o)
                              c:/program files (x86)/atmel/studio/7.0/toolchain/avr8/avr8-gnu-toolchain/bin/../lib/gcc/avr/5.4.0/../../../../avr/lib/avr6\libm.a(divsf3.o) (__divsf3x)
c:/program files (x86)/atmel/studio/7.0/toolchain/avr8/avr8-gnu-toolchain/bin/../lib/gcc/avr/5.4.0/../../../../avr/lib/avr6\libm.a(fixsfsi.o)
                              BTN.o (__fixsfsi)
c:/program files (x86)/atmel/studio/7.0/toolchain/avr8/avr8-gnu-toolchain/bin/../lib/gcc/avr/5.4.0/../../../../avr/lib/avr6\libm.a(fixunssfsi.o)
                              c:/program files (x86)/atmel/studio/7.0/toolchain/avr8/avr8-gnu-toolchain/bin/../lib/gcc/avr/5.4.0/../../../../avr/lib/avr6\libm.a(fixsfsi.o) (__fixunssfsi)
c:/program files (x86)/atmel/studio/7.0/toolchain/avr8/avr8-gnu-toolchain/bin/../lib/gcc/avr/5.4.0/../../../../avr/lib/avr6\libm.a(floatsisf.o)
                              BTN.o (__floatsisf)
c:/program files (x86)/atmel/studio/7.0/toolchain/avr8/avr8-gnu-toolchain/bin/../lib/gcc/avr/5.4.0/../../../../avr/lib/avr6\libm.a(fp_inf.o)
                              c:/program files (x86)/atmel/studio/7.0/toolchain/avr8/avr8-gnu-toolchain/bin/../lib/gcc/avr/5.4.0/../../../../avr/lib/avr6\libm.a(divsf3x.o) (__fp_inf)
c:/program files (x86)/atmel/studio/7.0/toolchain/avr8/avr8-gnu-toolchain/bin/../lib/gcc/avr/5.4.0/../../../../avr/lib/avr6\libm.a(fp_nan.o)
                              c:/program files (x86)/atmel/studio/7.0/toolchain/avr8/avr8-gnu-toolchain/bin/../lib/gcc/avr/5.4.0/../../../../avr/lib/avr6\libm.a(divsf3x.o) (__fp_nan)
c:/program files (x86)/atmel/studio/7.0/toolchain/avr8/avr8-gnu-toolchain/bin/../lib/gcc/avr/5.4.0/../../../../avr/lib/avr6\libm.a(fp_pscA.o)
                              c:/program files (x86)/atmel/studio/7.0/toolchain/avr8/avr8-gnu-toolchain/bin/../lib/gcc/avr/5.4.0/../../../../avr/lib/avr6\libm.a(divsf3x.o) (__fp_pscA)
c:/program files (x86)/atmel/studio/7.0/toolchain/avr8/avr8-gnu-toolchain/bin/../lib/gcc/avr/5.4.0/../../../../avr/lib/avr6\libm.a(fp_pscB.o)
                              c:/program files (x86)/atmel/studio/7.0/toolchain/avr8/avr8-gnu-toolchain/bin/../lib/gcc/avr/5.4.0/../../../../avr/lib/avr6\libm.a(divsf3x.o) (__fp_pscB)
c:/program files (x86)/atmel/studio/7.0/toolchain/avr8/avr8-gnu-toolchain/bin/../lib/gcc/avr/5.4.0/../../../../avr/lib/avr6\libm.a(fp_round.o)
                              c:/program files (x86)/atmel/studio/7.0/toolchain/avr8/avr8-gnu-toolchain/bin/../lib/gcc/avr/5.4.0/../../../../avr/lib/avr6\libm.a(divsf3.o) (__fp_round)
c:/program files (x86)/atmel/studio/7.0/toolchain/avr8/avr8-gnu-toolchain/bin/../lib/gcc/avr/5.4.0/../../../../avr/lib/avr6\libm.a(fp_split3.o)
                              c:/program files (x86)/atmel/studio/7.0/toolchain/avr8/avr8-gnu-toolchain/bin/../lib/gcc/avr/5.4.0/../../../../avr/lib/avr6\libm.a(divsf3x.o) (__fp_split3)
c:/program files (x86)/atmel/studio/7.0/toolchain/avr8/avr8-gnu-toolchain/bin/../lib/gcc/avr/5.4.0/../../../../avr/lib/avr6\libm.a(fp_zero.o)
                              c:/program files (x86)/atmel/studio/7.0/toolchain/avr8/avr8-gnu-toolchain/bin/../lib/gcc/avr/5.4.0/../../../../avr/lib/avr6\libm.a(fixunssfsi.o) (__fp_zero)
C:\Users\user\Desktop\CI_Projects\Mega1\ArduinoCore\Debug\libArduinoCore.a(main.o)
                              C:/Program Files (x86)/Atmel/Studio/7.0/Packs/atmel/ATmega_DFP/1.6.364/gcc/dev/atmega2560/avr6/crtatmega2560.o (main)
C:\Users\user\Desktop\CI_Projects\Mega1\ArduinoCore\Debug\libArduinoCore.a(Print.o)
                              lcd_assert.o (_ZN5Print5printEPKc)
C:\Users\user\Desktop\CI_Projects\Mega1\ArduinoCore\Debug\libArduinoCore.a(WInterrupts.o)
                              Sketch.o (attachInterrupt)
C:\Users\user\Desktop\CI_Projects\Mega1\ArduinoCore\Debug\libArduinoCore.a(wiring.o)
                              lcd_assert.o (delay)
C:\Users\user\Desktop\CI_Projects\Mega1\ArduinoCore\Debug\libArduinoCore.a(wiring_analog.o)
                              BTN.o (analogRead)
C:\Users\user\Desktop\CI_Projects\Mega1\ArduinoCore\Debug\libArduinoCore.a(wiring_digital.o)
                              Sketch.o (pinMode)
C:\Users\user\Desktop\CI_Projects\Mega1\ArduinoCore\Debug\libArduinoCore.a(mcp2515.o)
                              Sketch.o (_ZN7MCP2515C1EhmP8SPIClass)
C:\Users\user\Desktop\CI_Projects\Mega1\ArduinoCore\Debug\libArduinoCore.a(LiquidCrystal.o)
                              lcd_assert.o (_ZN13LiquidCrystal5clearEv)
C:\Users\user\Desktop\CI_Projects\Mega1\ArduinoCore\Debug\libArduinoCore.a(SPI.o)
[...]
Memory Configuration

Name             Origin             Length             Attributes
text             0x00000000         0x00040000         xr
data             0x00800200         0x00002000         rw !x
eeprom           0x00810000         0x00001000         rw !x
fuse             0x00820000         0x00000003         rw !x
lock             0x00830000         0x00000400         rw !x
signature        0x00840000         0x00000400         rw !x
user_signatures  0x00850000         0x00000400         rw !x
*default*        0x00000000         0xffffffff

Linker script and memory map

Address of section .data set to 0x800200
LOAD C:/Program Files (x86)/Atmel/Studio/7.0/Packs/atmel/ATmega_DFP/1.6.364/gcc/dev/atmega2560/avr6/crtatmega2560.o
LOAD BTN.o
LOAD lcd_assert.o
LOAD Sketch.o
LOAD stateHandlers.o
START GROUP
LOAD c:/program files (x86)/atmel/studio/7.0/toolchain/avr8/avr8-gnu-toolchain/bin/../lib/gcc/avr/5.4.0/../../../../avr/lib/avr6\libm.a
LOAD C:\Users\user\Desktop\CI_Projects\Mega1\ArduinoCore\Debug\libArduinoCore.a
END GROUP
LOAD c:/program files (x86)/atmel/studio/7.0/toolchain/avr8/avr8-gnu-toolchain/bin/../lib/gcc/avr/5.4.0/avr6\libgcc.a
LOAD c:/program files (x86)/atmel/studio/7.0/toolchain/avr8/avr8-gnu-toolchain/bin/../lib/gcc/avr/5.4.0/../../../../avr/lib/avr6\libm.a
START GROUP
LOAD c:/program files (x86)/atmel/studio/7.0/toolchain/avr8/avr8-gnu-toolchain/bin/../lib/gcc/avr/5.4.0/avr6\libgcc.a
LOAD c:/program files (x86)/atmel/studio/7.0/toolchain/avr8/avr8-gnu-toolchain/bin/../lib/gcc/avr/5.4.0/../../../../avr/lib/avr6\libm.a
LOAD c:/program files (x86)/atmel/studio/7.0/toolchain/avr8/avr8-gnu-toolchain/bin/../lib/gcc/avr/5.4.0/../../../../avr/lib/avr6\libc.a
LOAD C:/Program Files (x86)/Atmel/Studio/7.0/Packs/atmel/ATmega_DFP/1.6.364/gcc/dev/atmega2560/avr6\libatmega2560.a
END GROUP
                0x00000000                __TEXT_REGION_ORIGIN__ = DEFINED (__TEXT_REGION_ORIGIN__)?__TEXT_REGION_ORIGIN__:0x0
                [0x00800200]                __DATA_REGION_ORIGIN__ = DEFINED (__DATA_REGION_ORIGIN__)?__DATA_REGION_ORIGIN__:0x800200
                [0x00040000]                __TEXT_REGION_LENGTH__ = DEFINED (__TEXT_REGION_LENGTH__)?__TEXT_REGION_LENGTH__:0x100000
                [0x00002000]                __DATA_REGION_LENGTH__ = DEFINED (__DATA_REGION_LENGTH__)?__DATA_REGION_LENGTH__:0xfe00
                [0x00001000]                __EEPROM_REGION_LENGTH__ = DEFINED (__EEPROM_REGION_LENGTH__)?__EEPROM_REGION_LENGTH__:0x10000
                [0x00000003]                __FUSE_REGION_LENGTH__ = DEFINED (__FUSE_REGION_LENGTH__)?__FUSE_REGION_LENGTH__:0x400
                0x00000400                __LOCK_REGION_LENGTH__ = DEFINED (__LOCK_REGION_LENGTH__)?__LOCK_REGION_LENGTH__:0x400
                0x00000400                __SIGNATURE_REGION_LENGTH__ = DEFINED (__SIGNATURE_REGION_LENGTH__)?__SIGNATURE_REGION_LENGTH__:0x400
                0x00000400                __USER_SIGNATURE_REGION_LENGTH__ = DEFINED (__USER_SIGNATURE_REGION_LENGTH__)?__USER_SIGNATURE_REGION_LENGTH__:0x400

.hash
 *(.hash)

.dynsym
 *(.dynsym)

.dynstr
 *(.dynstr)

.gnu.version
 *(.gnu.version)

.gnu.version_d
 *(.gnu.version_d)

.gnu.version_r
 *(.gnu.version_r)

.rel.init
 *(.rel.init)

.rela.init
 *(.rela.init)

.rel.text
 *(.rel.text)
 *(.rel.text.*)
 *(.rel.gnu.linkonce.t*)

.rela.text
 *(.rela.text)
 *(.rela.text.*)
 *(.rela.gnu.linkonce.t*)

.rel.fini
 *(.rel.fini)

.rela.fini
 *(.rela.fini)

.rel.rodata
 *(.rel.rodata)
 *(.rel.rodata.*)
 *(.rel.gnu.linkonce.r*)

.rela.rodata
 *(.rela.rodata)
 *(.rela.rodata.*)
 *(.rela.gnu.linkonce.r*)

.rel.data
 *(.rel.data)
 *(.rel.data.*)
 *(.rel.gnu.linkonce.d*)

.rela.data
 *(.rela.data)
 *(.rela.data.*)
 *(.rela.gnu.linkonce.d*)

.rel.ctors
 *(.rel.ctors)

.rela.ctors
 *(.rela.ctors)

.rel.dtors
 *(.rel.dtors)

.rela.dtors
 *(.rela.dtors)

.rel.got
 *(.rel.got)

.rela.got
 *(.rela.got)

.rel.bss
 *(.rel.bss)

.rela.bss
 *(.rela.bss)

.rel.plt
 *(.rel.plt)

.rela.plt
 *(.rela.plt)

.text           0x00000000     0x20d0
 *(.vectors)
 .vectors       0x00000000       0xe4 C:/Program Files (x86)/Atmel/Studio/7.0/Packs/atmel/ATmega_DFP/1.6.364/gcc/dev/atmega2560/avr6/crtatmega2560.o
                0x00000000                __vector_default
                0x00000000                __vectors
 *(.vectors)
 *(.progmem.gcc*)
 .progmem.gcc_sw_table.attachInterrupt
                0x000000e4        0xe C:\Users\user\Desktop\CI_Projects\Mega1\ArduinoCore\Debug\libArduinoCore.a(WInterrupts.o)
 .progmem.gcc_sw_table.turnOffPWM
                0x000000f2       0x24 C:\Users\user\Desktop\CI_Projects\Mega1\ArduinoCore\Debug\libArduinoCore.a(wiring_digital.o)
 .progmem.gcc_sw_table._ZN7MCP251510setBitrateE9CAN_SPEED9CAN_CLOCK
                0x00000116       0x58 C:\Users\user\Desktop\CI_Projects\Mega1\ArduinoCore\Debug\libArduinoCore.a(mcp2515.o)
                0x0000016e                . = ALIGN (0x2)
                0x0000016e                __trampolines_start = .
 *(.trampolines)
 .trampolines   0x0000016e        0x0 linker stubs
 *(.trampolines*)
                0x0000016e                __trampolines_end = .
 *libprintf_flt.a:*(.progmem.data)
 *libc.a:*(.progmem.data)
 *(.progmem*)
 .progmem.data.digital_pin_to_timer_PGM
                0x0000016e       0x46 C:\Users\user\Desktop\CI_Projects\Mega1\ArduinoCore\Debug\libArduinoCore.a(wiring_digital.o)
                0x0000016e                digital_pin_to_timer_PGM
 .progmem.data.digital_pin_to_bit_mask_PGM
                0x000001b4       0x46 C:\Users\user\Desktop\CI_Projects\Mega1\ArduinoCore\Debug\libArduinoCore.a(wiring_digital.o)
                0x000001b4                digital_pin_to_bit_mask_PGM
 .progmem.data.digital_pin_to_port_PGM
                0x000001fa       0x46 C:\Users\user\Desktop\CI_Projects\Mega1\ArduinoCore\Debug\libArduinoCore.a(wiring_digital.o)
                0x000001fa                digital_pin_to_port_PGM
 .progmem.data.port_to_output_PGM
                0x00000240       0x1a C:\Users\user\Desktop\CI_Projects\Mega1\ArduinoCore\Debug\libArduinoCore.a(wiring_digital.o)
                0x00000240                port_to_output_PGM
 .progmem.data.port_to_mode_PGM
                0x0000025a       0x1a C:\Users\user\Desktop\CI_Projects\Mega1\ArduinoCore\Debug\libArduinoCore.a(wiring_digital.o)
                0x0000025a                port_to_mode_PGM
                0x00000274                . = ALIGN (0x2)
 *(.jumptables)
 *(.jumptables*)
 *(.lowtext)
 *(.lowtext*)
                0x00000274                __ctors_start = .
 *(.ctors)
 .ctors         0x00000274        0x2 Sketch.o
                0x00000276                __ctors_end = .
                0x00000276                __dtors_start = .
 *(.dtors)
                0x00000276                __dtors_end = .
 SORT(*)(.ctors)
 SORT(*)(.dtors)
 *(.init0)
 .init0         0x00000276        0x0 C:/Program Files (x86)/Atmel/Studio/7.0/Packs/atmel/ATmega_DFP/1.6.364/gcc/dev/atmega2560/avr6/crtatmega2560.o
                0x00000276                __init
 *(.init0)
 *(.init1)
 *(.init1)
 *(.init2)
 .init2         0x00000276       0x10 C:/Program Files (x86)/Atmel/Studio/7.0/Packs/atmel/ATmega_DFP/1.6.364/gcc/dev/atmega2560/avr6/crtatmega2560.o
 *(.init2)
 *(.init3)
 *(.init3)
 *(.init4)
 .init4         0x00000286       0x1a c:/program files (x86)/atmel/studio/7.0/toolchain/avr8/avr8-gnu-toolchain/bin/../lib/gcc/avr/5.4.0/avr6\libgcc.a(_copy_data.o)
                0x00000286                __do_copy_data
 .init4         0x000002a0       0x10 c:/program files (x86)/atmel/studio/7.0/toolchain/avr8/avr8-gnu-toolchain/bin/../lib/gcc/avr/5.4.0/avr6\libgcc.a(_clear_bss.o)
                0x000002a0                __do_clear_bss
 *(.init4)
 *(.init5)
 *(.init5)
 *(.init6)
 .init6         0x000002b0       0x20 c:/program files (x86)/atmel/studio/7.0/toolchain/avr8/avr8-gnu-toolchain/bin/../lib/gcc/avr/5.4.0/avr6\libgcc.a(_ctors.o)
                0x000002b0                __do_global_ctors
 *(.init6)
 *(.init7)
 *(.init7)
 *(.init8)
 *(.init8)
 *(.init9)
 .init9         0x000002d0        0x6 C:/Program Files (x86)/Atmel/Studio/7.0/Packs/atmel/ATmega_DFP/1.6.364/gcc/dev/atmega2560/avr6/crtatmega2560.o
 *(.init9)
 *(.text)
 .text          0x000002d6        0x2 C:/Program Files (x86)/Atmel/Studio/7.0/Packs/atmel/ATmega_DFP/1.6.364/gcc/dev/atmega2560/avr6/crtatmega2560.o
                0x000002d6                __vector_38
                0x000002d6                __vector_22
                0x000002d6                __vector_28
                0x000002d6                __vector_32
                0x000002d6                __vector_34
                0x000002d6                __vector_24
                0x000002d6                __vector_12
                0x000002d6                __vector_55
                0x000002d6                __vector_46
                0x000002d6                __bad_interrupt
                0x000002d6                __vector_31
                0x000002d6                __vector_35
                0x000002d6                __vector_39
                0x000002d6                __vector_30
                0x000002d6                __vector_45
                0x000002d6                __vector_25
                0x000002d6                __vector_11
                0x000002d6                __vector_54
                0x000002d6                __vector_13
                0x000002d6                __vector_17
                0x000002d6                __vector_19
                0x000002d6                __vector_56
                0x000002d6                __vector_49
                0x000002d6                __vector_41
                0x000002d6                __vector_43
                0x000002d6                __vector_27
                0x000002d6                __vector_33
                0x000002d6                __vector_47
                0x000002d6                __vector_52
                0x000002d6                __vector_37
                0x000002d6                __vector_44
                0x000002d6                __vector_51
                0x000002d6                __vector_9
                0x000002d6                __vector_21
                0x000002d6                __vector_15
                0x000002d6                __vector_36
                0x000002d6                __vector_29
                0x000002d6                __vector_40
                0x000002d6                __vector_26
                0x000002d6                __vector_48
                0x000002d6                __vector_14
                0x000002d6                __vector_53
                0x000002d6                __vector_10
                0x000002d6                __vector_50
                0x000002d6                __vector_16
                0x000002d6                __vector_18
                0x000002d6                __vector_20
                0x000002d6                __vector_42
                0x000002d8                . = ALIGN (0x2)
 *(.text.*)
 .text._Z6getBTNv
                0x000002d8       0xa4 BTN.o
                0x000002d8                _Z6getBTNv
 .text._Z17canFrameRecieivedv
                0x0000037c       0x40 Sketch.o
                0x0000037c                _Z17canFrameRecieivedv
 .text.setup    0x000003bc       0x94 Sketch.o
                0x000003bc                setup
 .text.loop     0x00000450       0x16 Sketch.o
                0x00000450                loop
 .text._Z16BTN_left_handlerv
                0x00000466        0x8 Sketch.o
                0x00000466                _Z16BTN_left_handlerv
 .text._Z14BTN_up_handlerv
                0x0000046e        0x8 Sketch.o
                0x0000046e                _Z14BTN_up_handlerv
 .text._Z16BTN_down_handlerv
                0x00000476        0x8 Sketch.o
                0x00000476                _Z16BTN_down_handlerv
 .text._Z17BTN_right_handlerv
                0x0000047e        0x8 Sketch.o
                0x0000047e                _Z17BTN_right_handlerv
 .text._Z18BTN_select_handlerv
                0x00000486       0x10 Sketch.o
                0x00000486                _Z18BTN_select_handlerv
 .text.startup._GLOBAL__sub_I_lcd
                0x00000496       0x3e Sketch.o
 .text._Z17stateIDLE_handlerv
                0x000004d4       0x6a stateHandlers.o
                0x000004d4                _Z17stateIDLE_handlerv
 .text._Z19stateACTIVE_handlerv
                0x0000053e       0x92 stateHandlers.o
                0x0000053e                _Z19stateACTIVE_handlerv
 .text._Z18stateVOTED_handlerv
                0x000005d0       0xa2 stateHandlers.o
                0x000005d0                _Z18stateVOTED_handlerv
 .text.avr-libc.fplib
                0x00000672        0x4 c:/program files (x86)/atmel/studio/7.0/toolchain/avr8/avr8-gnu-toolchain/bin/../lib/gcc/avr/5.4.0/../../../../avr/lib/avr6\libm.a(divsf3.o)
                0x00000672                __divsf3
 .text.avr-libc.fplib
                0x00000676       0xcc c:/program files (x86)/atmel/studio/7.0/toolchain/avr8/avr8-gnu-toolchain/bin/../lib/gcc/avr/5.4.0/../../../../avr/lib/avr6\libm.a(divsf3x.o)
                0x0000068c                __divsf3x
                0x00000690                __divsf3_pse
 .text.avr-libc.fplib
                0x00000742        0xa c:/program files (x86)/atmel/studio/7.0/toolchain/avr8/avr8-gnu-toolchain/bin/../lib/gcc/avr/5.4.0/../../../../avr/lib/avr6\libm.a(fixsfsi.o)
                0x00000742                __fixsfsi
 .text.avr-libc.fplib
                0x0000074c       0x58 c:/program files (x86)/atmel/studio/7.0/toolchain/avr8/avr8-gnu-toolchain/bin/../lib/gcc/avr/5.4.0/../../../../avr/lib/avr6\libm.a(fixunssfsi.o)
                0x0000074c                __fixunssfsi
 .text.avr-libc.fplib
                0x000007a4       0x7a c:/program files (x86)/atmel/studio/7.0/toolchain/avr8/avr8-gnu-toolchain/bin/../lib/gcc/avr/5.4.0/../../../../avr/lib/avr6\libm.a(floatsisf.o)
                0x000007a4                __floatunsisf
                0x000007a8                __floatsisf
 .text.avr-libc.fplib
                0x0000081e        0xc c:/program files (x86)/atmel/studio/7.0/toolchain/avr8/avr8-gnu-toolchain/bin/../lib/gcc/avr/5.4.0/../../../../avr/lib/avr6\libm.a(fp_inf.o)
                0x0000081e                __fp_inf
 .text.avr-libc.fplib
                0x0000082a        0x6 c:/program files (x86)/atmel/studio/7.0/toolchain/avr8/avr8-gnu-toolchain/bin/../lib/gcc/avr/5.4.0/../../../../avr/lib/avr6\libm.a(fp_nan.o)
                0x0000082a                __fp_nan
 .text.avr-libc.fplib
                0x00000830        0xe c:/program files (x86)/atmel/studio/7.0/toolchain/avr8/avr8-gnu-toolchain/bin/../lib/gcc/avr/5.4.0/../../../../avr/lib/avr6\libm.a(fp_pscA.o)
                0x00000830                __fp_pscA
 .text.avr-libc.fplib
                0x0000083e        0xe c:/program files (x86)/atmel/studio/7.0/toolchain/avr8/avr8-gnu-toolchain/bin/../lib/gcc/avr/5.4.0/../../../../avr/lib/avr6\libm.a(fp_pscB.o)
                0x0000083e                __fp_pscB
 .text.avr-libc.fplib
                0x0000084c       0x22 c:/program files (x86)/atmel/studio/7.0/toolchain/avr8/avr8-gnu-toolchain/bin/../lib/gcc/avr/5.4.0/../../../../avr/lib/avr6\libm.a(fp_round.o)
                0x0000084c                __fp_round
 .text.avr-libc.fplib
                0x0000086e       0x44 c:/program files (x86)/atmel/studio/7.0/toolchain/avr8/avr8-gnu-toolchain/bin/../lib/gcc/avr/5.4.0/../../../../avr/lib/avr6\libm.a(fp_split3.o)
                0x0000086e                __fp_split3
                0x0000087e                __fp_splitA
 .text.avr-libc.fplib
                0x000008b2        0xe c:/program files (x86)/atmel/studio/7.0/toolchain/avr8/avr8-gnu-toolchain/bin/../lib/gcc/avr/5.4.0/../../../../avr/lib/avr6\libm.a(fp_zero.o)
                0x000008b2                __fp_zero
                0x000008b4                __fp_szero
 .text.initVariant
                0x000008c0        0x2 C:\Users\user\Desktop\CI_Projects\Mega1\ArduinoCore\Debug\libArduinoCore.a(main.o)
                0x000008c0                initVariant
 .text.startup.main
                0x000008c2       0x16 C:\Users\user\Desktop\CI_Projects\Mega1\ArduinoCore\Debug\libArduinoCore.a(main.o)
                0x000008c2                main
 .text._ZN5Print17availableForWriteEv
                0x000008d8        0x6 C:\Users\user\Desktop\CI_Projects\Mega1\ArduinoCore\Debug\libArduinoCore.a(Print.o)
                0x000008d8                _ZN5Print17availableForWriteEv
 .text._ZN5Print5flushEv
                0x000008de        0x2 C:\Users\user\Desktop\CI_Projects\Mega1\ArduinoCore\Debug\libArduinoCore.a(Print.o)
                0x000008de                _ZN5Print5flushEv
 .text._ZN5Print5writeEPKhj
                0x000008e0       0x54 C:\Users\user\Desktop\CI_Projects\Mega1\ArduinoCore\Debug\libArduinoCore.a(Print.o)
                0x000008e0                _ZN5Print5writeEPKhj
 .text._ZN5Print5writeEPKc
                0x00000934       0x2a C:\Users\user\Desktop\CI_Projects\Mega1\ArduinoCore\Debug\libArduinoCore.a(Print.o)
                0x00000934                _ZN5Print5writeEPKc
 .text._ZN5Print5printEPKc
                0x0000095e        0x2 C:\Users\user\Desktop\CI_Projects\Mega1\ArduinoCore\Debug\libArduinoCore.a(Print.o)
                0x0000095e                _ZN5Print5printEPKc
 .text._ZN5Print11printNumberEmh
                0x00000960       0x90 C:\Users\user\Desktop\CI_Projects\Mega1\ArduinoCore\Debug\libArduinoCore.a(Print.o)
                0x00000960                _ZN5Print11printNumberEmh
 .text._ZN5Print5printEmi
                0x000009f0       0x18 C:\Users\user\Desktop\CI_Projects\Mega1\ArduinoCore\Debug\libArduinoCore.a(Print.o)
                0x000009f0                _ZN5Print5printEmi
 .text._ZN5Print5printEhi
                0x00000a08        0xc C:\Users\user\Desktop\CI_Projects\Mega1\ArduinoCore\Debug\libArduinoCore.a(Print.o)
                0x00000a08                _ZN5Print5printEhi
 .text.nothing  0x00000a14        0x2 C:\Users\user\Desktop\CI_Projects\Mega1\ArduinoCore\Debug\libArduinoCore.a(WInterrupts.o)
 .text.attachInterrupt
                0x00000a16       0xe8 C:\Users\user\Desktop\CI_Projects\Mega1\ArduinoCore\Debug\libArduinoCore.a(WInterrupts.o)
                0x00000a16                attachInterrupt
 .text.__vector_1
                0x00000afe       0x56 C:\Users\user\Desktop\CI_Projects\Mega1\ArduinoCore\Debug\libArduinoCore.a(WInterrupts.o)
                0x00000afe                __vector_1
 .text.__vector_2
                0x00000b54       0x56 C:\Users\user\Desktop\CI_Projects\Mega1\ArduinoCore\Debug\libArduinoCore.a(WInterrupts.o)
                0x00000b54                __vector_2
 .text.__vector_3
                0x00000baa       0x56 C:\Users\user\Desktop\CI_Projects\Mega1\ArduinoCore\Debug\libArduinoCore.a(WInterrupts.o)
                0x00000baa                __vector_3
 .text.__vector_4
                0x00000c00       0x56 C:\Users\user\Desktop\CI_Projects\Mega1\ArduinoCore\Debug\libArduinoCore.a(WInterrupts.o)
                0x00000c00                __vector_4
 .text.__vector_5
                0x00000c56       0x56 C:\Users\user\Desktop\CI_Projects\Mega1\ArduinoCore\Debug\libArduinoCore.a(WInterrupts.o)
                0x00000c56                __vector_5
 .text.__vector_6
                0x00000cac       0x56 C:\Users\user\Desktop\CI_Projects\Mega1\ArduinoCore\Debug\libArduinoCore.a(WInterrupts.o)
                0x00000cac                __vector_6
 .text.__vector_7
                0x00000d02       0x56 C:\Users\user\Desktop\CI_Projects\Mega1\ArduinoCore\Debug\libArduinoCore.a(WInterrupts.o)
                0x00000d02                __vector_7
 .text.__vector_8
                0x00000d58       0x56 C:\Users\user\Desktop\CI_Projects\Mega1\ArduinoCore\Debug\libArduinoCore.a(WInterrupts.o)
                0x00000d58                __vector_8
 .text.__vector_23
                0x00000dae       0x94 C:\Users\user\Desktop\CI_Projects\Mega1\ArduinoCore\Debug\libArduinoCore.a(wiring.o)
                0x00000dae                __vector_23
 .text.millis   0x00000e42       0x18 C:\Users\user\Desktop\CI_Projects\Mega1\ArduinoCore\Debug\libArduinoCore.a(wiring.o)
                0x00000e42                millis
 .text.micros   0x00000e5a       0x4a C:\Users\user\Desktop\CI_Projects\Mega1\ArduinoCore\Debug\libArduinoCore.a(wiring.o)
                0x00000e5a                micros
 .text.delay    0x00000ea4       0x74 C:\Users\user\Desktop\CI_Projects\Mega1\ArduinoCore\Debug\libArduinoCore.a(wiring.o)
                0x00000ea4                delay
 .text.delayMicroseconds
                0x00000f18       0x16 C:\Users\user\Desktop\CI_Projects\Mega1\ArduinoCore\Debug\libArduinoCore.a(wiring.o)
                0x00000f18                delayMicroseconds
 .text.init     0x00000f2e       0xc4 C:\Users\user\Desktop\CI_Projects\Mega1\ArduinoCore\Debug\libArduinoCore.a(wiring.o)
                0x00000f2e                init
 .text.analogRead
                0x00000ff2       0x4a C:\Users\user\Desktop\CI_Projects\Mega1\ArduinoCore\Debug\libArduinoCore.a(wiring_analog.o)
                0x00000ff2                analogRead
 .text.turnOffPWM
                0x0000103c       0xaa C:\Users\user\Desktop\CI_Projects\Mega1\ArduinoCore\Debug\libArduinoCore.a(wiring_digital.o)
 .text.pinMode  0x000010e6       0x78 C:\Users\user\Desktop\CI_Projects\Mega1\ArduinoCore\Debug\libArduinoCore.a(wiring_digital.o)
                0x000010e6                pinMode
 .text.digitalWrite
                0x0000115e       0x5c C:\Users\user\Desktop\CI_Projects\Mega1\ArduinoCore\Debug\libArduinoCore.a(wiring_digital.o)
                0x0000115e                digitalWrite
 .text._ZN8SPIClass8transferEh
                0x000011ba        0xe C:\Users\user\Desktop\CI_Projects\Mega1\ArduinoCore\Debug\libArduinoCore.a(mcp2515.o)
                0x000011ba                _ZN8SPIClass8transferEh
 .text._ZN7MCP25158startSPIEv
                0x000011c8       0x72 C:\Users\user\Desktop\CI_Projects\Mega1\ArduinoCore\Debug\libArduinoCore.a(mcp2515.o)
                0x000011c8                _ZN7MCP25158startSPIEv
 .text._ZN7MCP25156endSPIEv
                0x0000123a       0x2a C:\Users\user\Desktop\CI_Projects\Mega1\ArduinoCore\Debug\libArduinoCore.a(mcp2515.o)
                0x0000123a                _ZN7MCP25156endSPIEv
 .text._ZN7MCP2515C2EhmP8SPIClass
                0x00001264       0x56 C:\Users\user\Desktop\CI_Projects\Mega1\ArduinoCore\Debug\libArduinoCore.a(mcp2515.o)
                0x00001264                _ZN7MCP2515C1EhmP8SPIClass
                0x00001264                _ZN7MCP2515C2EhmP8SPIClass
 .text._ZN7MCP251512readRegisterENS_8REGISTERE
                0x000012ba       0x28 C:\Users\user\Desktop\CI_Projects\Mega1\ArduinoCore\Debug\libArduinoCore.a(mcp2515.o)
                0x000012ba                _ZN7MCP251512readRegisterENS_8REGISTERE
 .text._ZN7MCP251513readRegistersENS_8REGISTEREPhh
                0x000012e2       0x4e C:\Users\user\Desktop\CI_Projects\Mega1\ArduinoCore\Debug\libArduinoCore.a(mcp2515.o)
                0x000012e2                _ZN7MCP251513readRegistersENS_8REGISTEREPhh
 .text._ZN7MCP251511setRegisterENS_8REGISTEREh
                0x00001330       0x28 C:\Users\user\Desktop\CI_Projects\Mega1\ArduinoCore\Debug\libArduinoCore.a(mcp2515.o)
                0x00001330                _ZN7MCP251511setRegisterENS_8REGISTEREh
 .text._ZN7MCP251512setRegistersENS_8REGISTEREPKhh
                0x00001358       0x4c C:\Users\user\Desktop\CI_Projects\Mega1\ArduinoCore\Debug\libArduinoCore.a(mcp2515.o)
                0x00001358                _ZN7MCP251512setRegistersENS_8REGISTEREPKhh
 .text._ZN7MCP251514modifyRegisterENS_8REGISTEREhh
                0x000013a4       0x32 C:\Users\user\Desktop\CI_Projects\Mega1\ArduinoCore\Debug\libArduinoCore.a(mcp2515.o)
                0x000013a4                _ZN7MCP251514modifyRegisterENS_8REGISTEREhh
 .text._ZN7MCP25159getStatusEv
                0x000013d6       0x22 C:\Users\user\Desktop\CI_Projects\Mega1\ArduinoCore\Debug\libArduinoCore.a(mcp2515.o)
                0x000013d6                _ZN7MCP25159getStatusEv
 .text._ZN7MCP25157setModeENS_18CANCTRL_REQOP_MODEE
                0x000013f8       0x5c C:\Users\user\Desktop\CI_Projects\Mega1\ArduinoCore\Debug\libArduinoCore.a(mcp2515.o)
                0x000013f8                _ZN7MCP25157setModeENS_18CANCTRL_REQOP_MODEE
 .text._ZN7MCP251513setConfigModeEv
                0x00001454        0x4 C:\Users\user\Desktop\CI_Projects\Mega1\ArduinoCore\Debug\libArduinoCore.a(mcp2515.o)
                0x00001454                _ZN7MCP251513setConfigModeEv
 .text._ZN7MCP251513setNormalModeEv
                0x00001458        0x4 C:\Users\user\Desktop\CI_Projects\Mega1\ArduinoCore\Debug\libArduinoCore.a(mcp2515.o)
                0x00001458                _ZN7MCP251513setNormalModeEv
 .text._ZN7MCP251510setBitrateE9CAN_SPEED9CAN_CLOCK
                0x0000145c      0x192 C:\Users\user\Desktop\CI_Projects\Mega1\ArduinoCore\Debug\libArduinoCore.a(mcp2515.o)
                0x0000145c                _ZN7MCP251510setBitrateE9CAN_SPEED9CAN_CLOCK
 .text._ZN7MCP251510setBitrateE9CAN_SPEED
                0x000015ee        0x4 C:\Users\user\Desktop\CI_Projects\Mega1\ArduinoCore\Debug\libArduinoCore.a(mcp2515.o)
                0x000015ee                _ZN7MCP251510setBitrateE9CAN_SPEED
 .text._ZN7MCP25159prepareIdEPhbm
                0x000015f2       0x56 C:\Users\user\Desktop\CI_Projects\Mega1\ArduinoCore\Debug\libArduinoCore.a(mcp2515.o)
                0x000015f2                _ZN7MCP25159prepareIdEPhbm
 .text._ZN7MCP251513setFilterMaskENS_4MASKEbm
                0x00001648       0x84 C:\Users\user\Desktop\CI_Projects\Mega1\ArduinoCore\Debug\libArduinoCore.a(mcp2515.o)
                0x00001648                _ZN7MCP251513setFilterMaskENS_4MASKEbm
 .text._ZN7MCP25159setFilterENS_3RXFEbm
                0x000016cc       0xba C:\Users\user\Desktop\CI_Projects\Mega1\ArduinoCore\Debug\libArduinoCore.a(mcp2515.o)
                0x000016cc                _ZN7MCP25159setFilterENS_3RXFEbm
 .text._ZN7MCP25155resetEv
                0x00001786      0x122 C:\Users\user\Desktop\CI_Projects\Mega1\ArduinoCore\Debug\libArduinoCore.a(mcp2515.o)
                0x00001786                _ZN7MCP25155resetEv
 .text._ZN7MCP251511sendMessageENS_4TXBnEPK9can_frame
                0x000018a8      0x112 C:\Users\user\Desktop\CI_Projects\Mega1\ArduinoCore\Debug\libArduinoCore.a(mcp2515.o)
                0x000018a8                _ZN7MCP251511sendMessageENS_4TXBnEPK9can_frame
 .text._ZN7MCP251511sendMessageEPK9can_frame
                0x000019ba       0xba C:\Users\user\Desktop\CI_Projects\Mega1\ArduinoCore\Debug\libArduinoCore.a(mcp2515.o)
                0x000019ba                _ZN7MCP251511sendMessageEPK9can_frame
 .text._ZN7MCP251511readMessageENS_4RXBnEP9can_frame
                0x00001a74      0x122 C:\Users\user\Desktop\CI_Projects\Mega1\ArduinoCore\Debug\libArduinoCore.a(mcp2515.o)
                0x00001a74                _ZN7MCP251511readMessageENS_4RXBnEP9can_frame
 .text._ZN7MCP251511readMessageEP9can_frame
                0x00001b96       0x38 C:\Users\user\Desktop\CI_Projects\Mega1\ArduinoCore\Debug\libArduinoCore.a(mcp2515.o)
                0x00001b96                _ZN7MCP251511readMessageEP9can_frame
 .text._ZN13LiquidCrystal11pulseEnableEv
                0x00001bce       0x2e C:\Users\user\Desktop\CI_Projects\Mega1\ArduinoCore\Debug\libArduinoCore.a(LiquidCrystal.o)
                0x00001bce                _ZN13LiquidCrystal11pulseEnableEv
 .text._ZN13LiquidCrystal10write4bitsEh
                0x00001bfc       0x56 C:\Users\user\Desktop\CI_Projects\Mega1\ArduinoCore\Debug\libArduinoCore.a(LiquidCrystal.o)
                0x00001bfc                _ZN13LiquidCrystal10write4bitsEh
 .text._ZN13LiquidCrystal10write8bitsEh
                0x00001c52       0x56 C:\Users\user\Desktop\CI_Projects\Mega1\ArduinoCore\Debug\libArduinoCore.a(LiquidCrystal.o)
                0x00001c52                _ZN13LiquidCrystal10write8bitsEh
 .text._ZN13LiquidCrystal4sendEhh
                0x00001ca8       0x48 C:\Users\user\Desktop\CI_Projects\Mega1\ArduinoCore\Debug\libArduinoCore.a(LiquidCrystal.o)
                0x00001ca8                _ZN13LiquidCrystal4sendEhh
 .text._ZN13LiquidCrystal7commandEh
                0x00001cf0        0x4 C:\Users\user\Desktop\CI_Projects\Mega1\ArduinoCore\Debug\libArduinoCore.a(LiquidCrystal.o)
                0x00001cf0                _ZN13LiquidCrystal7commandEh
 .text._ZN13LiquidCrystal5clearEv
                0x00001cf4        0xa C:\Users\user\Desktop\CI_Projects\Mega1\ArduinoCore\Debug\libArduinoCore.a(LiquidCrystal.o)
                0x00001cf4                _ZN13LiquidCrystal5clearEv
 .text._ZN13LiquidCrystal9setCursorEhh
                0x00001cfe       0x24 C:\Users\user\Desktop\CI_Projects\Mega1\ArduinoCore\Debug\libArduinoCore.a(LiquidCrystal.o)
                0x00001cfe                _ZN13LiquidCrystal9setCursorEhh
 .text._ZN13LiquidCrystal7displayEv
                0x00001d22        0xe C:\Users\user\Desktop\CI_Projects\Mega1\ArduinoCore\Debug\libArduinoCore.a(LiquidCrystal.o)
                0x00001d22                _ZN13LiquidCrystal7displayEv
 .text._ZN13LiquidCrystal5beginEhhh
                0x00001d30      0x11a C:\Users\user\Desktop\CI_Projects\Mega1\ArduinoCore\Debug\libArduinoCore.a(LiquidCrystal.o)
                0x00001d30                _ZN13LiquidCrystal5beginEhhh
 .text._ZN13LiquidCrystalC2Ehhhhhh
                0x00001e4a       0x3e C:\Users\user\Desktop\CI_Projects\Mega1\ArduinoCore\Debug\libArduinoCore.a(LiquidCrystal.o)
                0x00001e4a                _ZN13LiquidCrystalC1Ehhhhhh
                0x00001e4a                _ZN13LiquidCrystalC2Ehhhhhh
 .text._ZN13LiquidCrystal5writeEh
                0x00001e88        0xa C:\Users\user\Desktop\CI_Projects\Mega1\ArduinoCore\Debug\libArduinoCore.a(LiquidCrystal.o)
                0x00001e88                _ZN13LiquidCrystal5writeEh
 .text._ZN8SPIClass5beginEv
                0x00001e92       0x64 C:\Users\user\Desktop\CI_Projects\Mega1\ArduinoCore\Debug\libArduinoCore.a(SPI.o)
                0x00001e92                _ZN8SPIClass5beginEv
 .text.__empty  0x00001ef6        0x2 C:\Users\user\Desktop\CI_Projects\Mega1\ArduinoCore\Debug\libArduinoCore.a(hooks.o)
                0x00001ef6                yield
 .text.libgcc.div
                0x00001ef8       0x26 c:/program files (x86)/atmel/studio/7.0/toolchain/avr8/avr8-gnu-toolchain/bin/../lib/gcc/avr/5.4.0/avr6\libgcc.a(_divmodhi4.o)
                0x00001ef8                _div
                0x00001ef8                __divmodhi4
 .text.libgcc.div
                0x00001f1e       0x44 c:/program files (x86)/atmel/studio/7.0/toolchain/avr8/avr8-gnu-toolchain/bin/../lib/gcc/avr/5.4.0/avr6\libgcc.a(_udivmodsi4.o)
                0x00001f1e                __udivmodsi4
 .text.libgcc   0x00001f62       0x10 c:/program files (x86)/atmel/studio/7.0/toolchain/avr8/avr8-gnu-toolchain/bin/../lib/gcc/avr/5.4.0/avr6\libgcc.a(_tablejump2.o)
                0x00001f62                __tablejump2__
 .text.libgcc.div
                0x00001f72       0x28 c:/program files (x86)/atmel/studio/7.0/toolchain/avr8/avr8-gnu-toolchain/bin/../lib/gcc/avr/5.4.0/avr6\libgcc.a(_udivmodhi4.o)
                0x00001f72                __udivmodhi4
 .text.avr-libc
                0x00001f9a       0xaa c:/program files (x86)/atmel/studio/7.0/toolchain/avr8/avr8-gnu-toolchain/bin/../lib/gcc/avr/5.4.0/../../../../avr/lib/avr6\libc.a(rand.o)
                0x00002026                rand_r
                0x00002028                rand
                0x0000202e                srand
 .text.avr-libc
                0x00002044       0x12 c:/program files (x86)/atmel/studio/7.0/toolchain/avr8/avr8-gnu-toolchain/bin/../lib/gcc/avr/5.4.0/../../../../avr/lib/avr6\libc.a(memcpy.o)
                0x00002044                memcpy
 .text.libgcc.div
                0x00002056       0x28 c:/program files (x86)/atmel/studio/7.0/toolchain/avr8/avr8-gnu-toolchain/bin/../lib/gcc/avr/5.4.0/avr6\libgcc.a(_divmodsi4.o)
                0x00002056                __divmodsi4
 .text.libgcc.div
                0x0000207e       0x10 c:/program files (x86)/atmel/studio/7.0/toolchain/avr8/avr8-gnu-toolchain/bin/../lib/gcc/avr/5.4.0/avr6\libgcc.a(_negsi2.o)
                0x0000207e                __negsi2
 .text.libgcc.mul
                0x0000208e       0x14 c:/program files (x86)/atmel/studio/7.0/toolchain/avr8/avr8-gnu-toolchain/bin/../lib/gcc/avr/5.4.0/avr6\libgcc.a(_muluhisi3.o)
                0x0000208e                __muluhisi3
 .text.libgcc.mul
                0x000020a2        0xc c:/program files (x86)/atmel/studio/7.0/toolchain/avr8/avr8-gnu-toolchain/bin/../lib/gcc/avr/5.4.0/avr6\libgcc.a(_mulshisi3.o)
                0x000020a2                __mulshisi3
                0x000020a6                __mulohisi3
 .text.libgcc.mul
                0x000020ae       0x1e c:/program files (x86)/atmel/studio/7.0/toolchain/avr8/avr8-gnu-toolchain/bin/../lib/gcc/avr/5.4.0/avr6\libgcc.a(_umulhisi3.o)
                0x000020ae                __umulhisi3
                0x000020cc                . = ALIGN (0x2)
 *(.fini9)
 .fini9         0x000020cc        0x0 c:/program files (x86)/atmel/studio/7.0/toolchain/avr8/avr8-gnu-toolchain/bin/../lib/gcc/avr/5.4.0/avr6\libgcc.a(_exit.o)
                0x000020cc                _exit
                0x000020cc                exit
 *(.fini9)
 *(.fini8)
 *(.fini8)
 *(.fini7)
 *(.fini7)
 *(.fini6)
 *(.fini6)
 *(.fini5)
 *(.fini5)
 *(.fini4)
 *(.fini4)
 *(.fini3)
 *(.fini3)
 *(.fini2)
 *(.fini2)
 *(.fini1)
 *(.fini1)
 *(.fini0)
 .fini0         0x000020cc        0x4 c:/program files (x86)/atmel/studio/7.0/toolchain/avr8/avr8-gnu-toolchain/bin/../lib/gcc/avr/5.4.0/avr6\libgcc.a(_exit.o)
 *(.fini0)
                0x000020d0                _etext = .

.data           0x00800200       0x8a load address 0x000020d0
                0x00800200                PROVIDE (__data_start, .)
 *(.data)
 .data          0x00800200        0x4 c:/program files (x86)/atmel/studio/7.0/toolchain/avr8/avr8-gnu-toolchain/bin/../lib/gcc/avr/5.4.0/../../../../avr/lib/avr6\libc.a(rand.o)
 *(.data*)
 .data.intFunc  0x00800204       0x10 C:\Users\user\Desktop\CI_Projects\Mega1\ArduinoCore\Debug\libArduinoCore.a(WInterrupts.o)
 .data.analog_reference
                0x00800214        0x1 C:\Users\user\Desktop\CI_Projects\Mega1\ArduinoCore\Debug\libArduinoCore.a(wiring_analog.o)
                0x00800214                analog_reference
 *(.gnu.linkonce.d*)
 *(.rodata)
 .rodata        0x00800215        0x9 C:\Users\user\Desktop\CI_Projects\Mega1\ArduinoCore\Debug\libArduinoCore.a(mcp2515.o)
 *(.rodata*)
 .rodata.str1.1
                0x0080021e        0xc Sketch.o
 .rodata.str1.1
                0x0080022a       0x43 stateHandlers.o
 .rodata._ZN7MCP25153RXBE
                0x0080026d        0x8 C:\Users\user\Desktop\CI_Projects\Mega1\ArduinoCore\Debug\libArduinoCore.a(mcp2515.o)
                0x0080026d                _ZN7MCP25153RXBE
 .rodata._ZN7MCP25153TXBE
                0x00800275        0x9 C:\Users\user\Desktop\CI_Projects\Mega1\ArduinoCore\Debug\libArduinoCore.a(mcp2515.o)
                0x00800275                _ZN7MCP25153TXBE
 .rodata._ZTV13LiquidCrystal
                0x0080027e        0xc C:\Users\user\Desktop\CI_Projects\Mega1\ArduinoCore\Debug\libArduinoCore.a(LiquidCrystal.o)
                0x0080027e                _ZTV13LiquidCrystal
 *(.gnu.linkonce.r*)
                0x0080028a                . = ALIGN (0x2)
                0x0080028a                _edata = .
                0x0080028a                PROVIDE (__data_end, .)

.bss            0x0080028a       0x54
                0x0080028a                PROVIDE (__bss_start, .)
 *(.bss)
 *(.bss*)
 .bss.stateExit
                0x0080028a        0x1 Sketch.o
                0x0080028a                stateExit
 .bss.stateEntry
                0x0080028b        0x1 Sketch.o
                0x0080028b                stateEntry
 .bss.mainEvent
                0x0080028c        0x1 Sketch.o
                0x0080028c                mainEvent
 .bss.mainState
                0x0080028d        0x1 Sketch.o
                0x0080028d                mainState
 .bss.vote      0x0080028e        0x1 Sketch.o
                0x0080028e                vote
 *fill*         0x0080028f        0x1 
 .bss.voteFrame
                0x00800290       0x10 Sketch.o
                0x00800290                voteFrame
 .bss.responseFrame
                0x008002a0       0x10 Sketch.o
                0x008002a0                responseFrame
 .bss.deviceID  0x008002b0        0x1 Sketch.o
                0x008002b0                deviceID
 .bss.mcp2515   0x008002b1        0x7 Sketch.o
                0x008002b1                mcp2515
 .bss.lcd       0x008002b8       0x18 Sketch.o
                0x008002b8                lcd
 .bss.timer0_fract
                0x008002d0        0x1 C:\Users\user\Desktop\CI_Projects\Mega1\ArduinoCore\Debug\libArduinoCore.a(wiring.o)
 .bss.timer0_millis
                0x008002d1        0x4 C:\Users\user\Desktop\CI_Projects\Mega1\ArduinoCore\Debug\libArduinoCore.a(wiring.o)
                0x008002d1                timer0_millis
 .bss.timer0_overflow_count
                0x008002d5        0x4 C:\Users\user\Desktop\CI_Projects\Mega1\ArduinoCore\Debug\libArduinoCore.a(wiring.o)
                0x008002d5                timer0_overflow_count
 .bss._ZN8SPIClass13interruptSaveE
                0x008002d9        0x1 C:\Users\user\Desktop\CI_Projects\Mega1\ArduinoCore\Debug\libArduinoCore.a(SPI.o)
                0x008002d9                _ZN8SPIClass13interruptSaveE
 .bss._ZN8SPIClass13interruptMaskE
                0x008002da        0x1 C:\Users\user\Desktop\CI_Projects\Mega1\ArduinoCore\Debug\libArduinoCore.a(SPI.o)
                0x008002da                _ZN8SPIClass13interruptMaskE
 .bss._ZN8SPIClass13interruptModeE
                0x008002db        0x1 C:\Users\user\Desktop\CI_Projects\Mega1\ArduinoCore\Debug\libArduinoCore.a(SPI.o)
                0x008002db                _ZN8SPIClass13interruptModeE
 .bss._ZN8SPIClass11initializedE
                0x008002dc        0x1 C:\Users\user\Desktop\CI_Projects\Mega1\ArduinoCore\Debug\libArduinoCore.a(SPI.o)
                0x008002dc                _ZN8SPIClass11initializedE
 .bss.SPI       0x008002dd        0x1 C:\Users\user\Desktop\CI_Projects\Mega1\ArduinoCore\Debug\libArduinoCore.a(SPI.o)
                0x008002dd                SPI
 *(COMMON)
                0x008002de                PROVIDE (__bss_end, .)
                0x000020d0                __data_load_start = LOADADDR (.data)
                0x0000215a                __data_load_end = (__data_load_start + SIZEOF (.data))

.noinit         0x008002de        0x0
                [!provide]                PROVIDE (__noinit_start, .)
 *(.noinit*)
                [!provide]                PROVIDE (__noinit_end, .)
                0x008002de                _end = .
                [!provide]                PROVIDE (__heap_start, .)

.eeprom         0x00810000        0x0
 *(.eeprom*)
                0x00810000                __eeprom_end = .

.fuse
 *(.fuse)
 *(.lfuse)
 *(.hfuse)
 *(.efuse)

.lock
 *(.lock*)

.signature
 *(.signature*)

.user_signatures
 *(.user_signatures*)

.stab
 *(.stab)

.stabstr
 *(.stabstr)

.stab.excl
 *(.stab.excl)

.stab.exclstr
 *(.stab.exclstr)

.stab.index
 *(.stab.index)

.stab.indexstr
 *(.stab.indexstr)

.comment        0x00000000       0x30
 *(.comment)
 .comment       0x00000000       0x30 BTN.o
                                 0x31 (size before relaxing)
 .comment       0x00000030       0x31 Sketch.o
 .comment       0x00000030       0x31 stateHandlers.o
 .comment       0x00000030       0x31 C:\Users\user\Desktop\CI_Projects\Mega1\ArduinoCore\Debug\libArduinoCore.a(main.o)
 .comment       0x00000030       0x31 C:\Users\user\Desktop\CI_Projects\Mega1\ArduinoCore\Debug\libArduinoCore.a(Print.o)
 .comment       0x00000030       0x31 C:\Users\user\Desktop\CI_Projects\Mega1\ArduinoCore\Debug\libArduinoCore.a(WInterrupts.o)
 .comment       0x00000030       0x31 C:\Users\user\Desktop\CI_Projects\Mega1\ArduinoCore\Debug\libArduinoCore.a(wiring.o)
 .comment       0x00000030       0x31 C:\Users\user\Desktop\CI_Projects\Mega1\ArduinoCore\Debug\libArduinoCore.a(wiring_analog.o)
 .comment       0x00000030       0x31 C:\Users\user\Desktop\CI_Projects\Mega1\ArduinoCore\Debug\libArduinoCore.a(wiring_digital.o)
 .comment       0x00000030       0x31 C:\Users\user\Desktop\CI_Projects\Mega1\ArduinoCore\Debug\libArduinoCore.a(mcp2515.o)
 .comment       0x00000030       0x31 C:\Users\user\Desktop\CI_Projects\Mega1\ArduinoCore\Debug\libArduinoCore.a(LiquidCrystal.o)
 .comment       0x00000030       0x31 C:\Users\user\Desktop\CI_Projects\Mega1\ArduinoCore\Debug\libArduinoCore.a(SPI.o)
 .comment       0x00000030       0x31 C:\Users\user\Desktop\CI_Projects\Mega1\ArduinoCore\Debug\libArduinoCore.a(hooks.o)
 .comment       0x00000030       0x31 c:/program files (x86)/atmel/studio/7.0/toolchain/avr8/avr8-gnu-toolchain/bin/../lib/gcc/avr/5.4.0/../../../../avr/lib/avr6\libc.a(rand.o)

.note.gnu.avr.deviceinfo
                0x00000000       0x40
 .note.gnu.avr.deviceinfo
                0x00000000       0x40 C:/Program Files (x86)/Atmel/Studio/7.0/Packs/atmel/ATmega_DFP/1.6.364/gcc/dev/atmega2560/avr6/crtatmega2560.o

.note.gnu.build-id
 *(.note.gnu.build-id)

.debug
 *(.debug)

.line
 *(.line)

.debug_srcinfo
 *(.debug_srcinfo)

.debug_sfnames
 *(.debug_sfnames)

.debug_aranges  0x00000000      0x5c0
 *(.debug_aranges)
 .debug_aranges
                0x00000000       0x20 BTN.o
 .debug_aranges
                0x00000020       0x60 Sketch.o
 .debug_aranges
                0x00000080       0x30 stateHandlers.o
 .debug_aranges
                0x000000b0       0x30 C:\Users\user\Desktop\CI_Projects\Mega1\ArduinoCore\Debug\libArduinoCore.a(main.o)
 .debug_aranges
                0x000000e0      0x100 C:\Users\user\Desktop\CI_Projects\Mega1\ArduinoCore\Debug\libArduinoCore.a(Print.o)
 .debug_aranges
                0x000001e0       0x70 C:\Users\user\Desktop\CI_Projects\Mega1\ArduinoCore\Debug\libArduinoCore.a(WInterrupts.o)
 .debug_aranges
                0x00000250       0x48 C:\Users\user\Desktop\CI_Projects\Mega1\ArduinoCore\Debug\libArduinoCore.a(wiring.o)
 .debug_aranges
                0x00000298       0x30 C:\Users\user\Desktop\CI_Projects\Mega1\ArduinoCore\Debug\libArduinoCore.a(wiring_analog.o)
 .debug_aranges
                0x000002c8       0x38 C:\Users\user\Desktop\CI_Projects\Mega1\ArduinoCore\Debug\libArduinoCore.a(wiring_digital.o)
 .debug_aranges
                0x00000300      0x158 C:\Users\user\Desktop\CI_Projects\Mega1\ArduinoCore\Debug\libArduinoCore.a(mcp2515.o)
 .debug_aranges
                0x00000458      0x110 C:\Users\user\Desktop\CI_Projects\Mega1\ArduinoCore\Debug\libArduinoCore.a(LiquidCrystal.o)
 .debug_aranges
                0x00000568       0x38 C:\Users\user\Desktop\CI_Projects\Mega1\ArduinoCore\Debug\libArduinoCore.a(SPI.o)
 .debug_aranges
                0x000005a0       0x20 C:\Users\user\Desktop\CI_Projects\Mega1\ArduinoCore\Debug\libArduinoCore.a(hooks.o)

.debug_pubnames
 *(.debug_pubnames)

.debug_info     0x00000000     0xc83c
 *(.debug_info .gnu.linkonce.wi.*)
 .debug_info    0x00000000      0xbbc C:/Program Files (x86)/Atmel/Studio/7.0/Packs/atmel/ATmega_DFP/1.6.364/gcc/dev/atmega2560/avr6/crtatmega2560.o
 .debug_info    0x00000bbc      0x2e9 BTN.o
 .debug_info    0x00000ea5     0x173e Sketch.o
 .debug_info    0x000025e3     0x1517 stateHandlers.o
 .debug_info    0x00003afa      0x295 C:\Users\user\Desktop\CI_Projects\Mega1\ArduinoCore\Debug\libArduinoCore.a(main.o)
 .debug_info    0x00003d8f     0x295d C:\Users\user\Desktop\CI_Projects\Mega1\ArduinoCore\Debug\libArduinoCore.a(Print.o)
 .debug_info    0x000066ec      0x301 C:\Users\user\Desktop\CI_Projects\Mega1\ArduinoCore\Debug\libArduinoCore.a(WInterrupts.o)
 .debug_info    0x000069ed      0x329 C:\Users\user\Desktop\CI_Projects\Mega1\ArduinoCore\Debug\libArduinoCore.a(wiring.o)
 .debug_info    0x00006d16      0x2cd C:\Users\user\Desktop\CI_Projects\Mega1\ArduinoCore\Debug\libArduinoCore.a(wiring_analog.o)
 .debug_info    0x00006fe3      0x63a C:\Users\user\Desktop\CI_Projects\Mega1\ArduinoCore\Debug\libArduinoCore.a(wiring_digital.o)
 .debug_info    0x0000761d     0x2ed9 C:\Users\user\Desktop\CI_Projects\Mega1\ArduinoCore\Debug\libArduinoCore.a(mcp2515.o)
 .debug_info    0x0000a4f6     0x1c3b C:\Users\user\Desktop\CI_Projects\Mega1\ArduinoCore\Debug\libArduinoCore.a(LiquidCrystal.o)
 .debug_info    0x0000c131      0x6cd C:\Users\user\Desktop\CI_Projects\Mega1\ArduinoCore\Debug\libArduinoCore.a(SPI.o)
 .debug_info    0x0000c7fe       0x3e C:\Users\user\Desktop\CI_Projects\Mega1\ArduinoCore\Debug\libArduinoCore.a(hooks.o)

.debug_abbrev   0x00000000     0x2adb
 *(.debug_abbrev)
 .debug_abbrev  0x00000000      0xb1a C:/Program Files (x86)/Atmel/Studio/7.0/Packs/atmel/ATmega_DFP/1.6.364/gcc/dev/atmega2560/avr6/crtatmega2560.o
 .debug_abbrev  0x00000b1a      0x13c BTN.o
 .debug_abbrev  0x00000c56      0x478 Sketch.o
 .debug_abbrev  0x000010ce      0x3a1 stateHandlers.o
 .debug_abbrev  0x0000146f      0x12d C:\Users\user\Desktop\CI_Projects\Mega1\ArduinoCore\Debug\libArduinoCore.a(main.o)
 .debug_abbrev  0x0000159c      0x47a C:\Users\user\Desktop\CI_Projects\Mega1\ArduinoCore\Debug\libArduinoCore.a(Print.o)
 .debug_abbrev  0x00001a16       0xed C:\Users\user\Desktop\CI_Projects\Mega1\ArduinoCore\Debug\libArduinoCore.a(WInterrupts.o)
 .debug_abbrev  0x00001b03      0x146 C:\Users\user\Desktop\CI_Projects\Mega1\ArduinoCore\Debug\libArduinoCore.a(wiring.o)
 .debug_abbrev  0x00001c49      0x17a C:\Users\user\Desktop\CI_Projects\Mega1\ArduinoCore\Debug\libArduinoCore.a(wiring_analog.o)
 .debug_abbrev  0x00001dc3      0x15a C:\Users\user\Desktop\CI_Projects\Mega1\ArduinoCore\Debug\libArduinoCore.a(wiring_digital.o)
 .debug_abbrev  0x00001f1d      0x5ac C:\Users\user\Desktop\CI_Projects\Mega1\ArduinoCore\Debug\libArduinoCore.a(mcp2515.o)
 .debug_abbrev  0x000024c9      0x365 C:\Users\user\Desktop\CI_Projects\Mega1\ArduinoCore\Debug\libArduinoCore.a(LiquidCrystal.o)
 .debug_abbrev  0x0000282e      0x283 C:\Users\user\Desktop\CI_Projects\Mega1\ArduinoCore\Debug\libArduinoCore.a(SPI.o)
 .debug_abbrev  0x00002ab1       0x2a C:\Users\user\Desktop\CI_Projects\Mega1\ArduinoCore\Debug\libArduinoCore.a(hooks.o)

.debug_line     0x00000000     0x3771
 *(.debug_line .debug_line.* .debug_line_end)
 .debug_line    0x00000000      0x1fa C:/Program Files (x86)/Atmel/Studio/7.0/Packs/atmel/ATmega_DFP/1.6.364/gcc/dev/atmega2560/avr6/crtatmega2560.o
 .debug_line    0x000001fa      0x19f BTN.o
 .debug_line    0x00000399      0x3dd Sketch.o
 .debug_line    0x00000776      0x3a8 stateHandlers.o
 .debug_line    0x00000b1e      0x161 C:\Users\user\Desktop\CI_Projects\Mega1\ArduinoCore\Debug\libArduinoCore.a(main.o)
 .debug_line    0x00000c7f      0x681 C:\Users\user\Desktop\CI_Projects\Mega1\ArduinoCore\Debug\libArduinoCore.a(Print.o)
 .debug_line    0x00001300      0x2da C:\Users\user\Desktop\CI_Projects\Mega1\ArduinoCore\Debug\libArduinoCore.a(WInterrupts.o)
 .debug_line    0x000015da      0x2cb C:\Users\user\Desktop\CI_Projects\Mega1\ArduinoCore\Debug\libArduinoCore.a(wiring.o)
 .debug_line    0x000018a5      0x2c4 C:\Users\user\Desktop\CI_Projects\Mega1\ArduinoCore\Debug\libArduinoCore.a(wiring_analog.o)
 .debug_line    0x00001b69      0x284 C:\Users\user\Desktop\CI_Projects\Mega1\ArduinoCore\Debug\libArduinoCore.a(wiring_digital.o)
 .debug_line    0x00001ded      0xd34 C:\Users\user\Desktop\CI_Projects\Mega1\ArduinoCore\Debug\libArduinoCore.a(mcp2515.o)
 .debug_line    0x00002b21      0x924 C:\Users\user\Desktop\CI_Projects\Mega1\ArduinoCore\Debug\libArduinoCore.a(LiquidCrystal.o)
 .debug_line    0x00003445      0x2eb C:\Users\user\Desktop\CI_Projects\Mega1\ArduinoCore\Debug\libArduinoCore.a(SPI.o)
 .debug_line    0x00003730       0x41 C:\Users\user\Desktop\CI_Projects\Mega1\ArduinoCore\Debug\libArduinoCore.a(hooks.o)

.debug_frame    0x00000000     0x1300
 *(.debug_frame)
 .debug_frame   0x00000000       0x38 BTN.o
 .debug_frame   0x00000038       0xb8 Sketch.o
 .debug_frame   0x000000f0       0x44 stateHandlers.o
 .debug_frame   0x00000134       0x54 C:\Users\user\Desktop\CI_Projects\Mega1\ArduinoCore\Debug\libArduinoCore.a(main.o)
 .debug_frame   0x00000188      0x3ac C:\Users\user\Desktop\CI_Projects\Mega1\ArduinoCore\Debug\libArduinoCore.a(Print.o)
 .debug_frame   0x00000534      0x304 C:\Users\user\Desktop\CI_Projects\Mega1\ArduinoCore\Debug\libArduinoCore.a(WInterrupts.o)
 .debug_frame   0x00000838       0xc4 C:\Users\user\Desktop\CI_Projects\Mega1\ArduinoCore\Debug\libArduinoCore.a(wiring.o)
 .debug_frame   0x000008fc       0x54 C:\Users\user\Desktop\CI_Projects\Mega1\ArduinoCore\Debug\libArduinoCore.a(wiring_analog.o)
 .debug_frame   0x00000950       0x7c C:\Users\user\Desktop\CI_Projects\Mega1\ArduinoCore\Debug\libArduinoCore.a(wiring_digital.o)
 .debug_frame   0x000009cc      0x560 C:\Users\user\Desktop\CI_Projects\Mega1\ArduinoCore\Debug\libArduinoCore.a(mcp2515.o)
 .debug_frame   0x00000f2c      0x354 C:\Users\user\Desktop\CI_Projects\Mega1\ArduinoCore\Debug\libArduinoCore.a(LiquidCrystal.o)
 .debug_frame   0x00001280       0x5c C:\Users\user\Desktop\CI_Projects\Mega1\ArduinoCore\Debug\libArduinoCore.a(SPI.o)
 .debug_frame   0x000012dc       0x24 C:\Users\user\Desktop\CI_Projects\Mega1\ArduinoCore\Debug\libArduinoCore.a(hooks.o)

.debug_str      0x00000000     0x38db
 *(.debug_str)
 .debug_str     0x00000000      0x3e6 C:/Program Files (x86)/Atmel/Studio/7.0/Packs/atmel/ATmega_DFP/1.6.364/gcc/dev/atmega2560/avr6/crtatmega2560.o
 .debug_str     0x000003e6      0x308 BTN.o
                                0x348 (size before relaxing)
 .debug_str     0x000006ee     0x1515 Sketch.o
                               0x18b9 (size before relaxing)
 .debug_str     0x00001c03       0x2a stateHandlers.o
                               0x1725 (size before relaxing)
 .debug_str     0x00001c2d       0x99 C:\Users\user\Desktop\CI_Projects\Mega1\ArduinoCore\Debug\libArduinoCore.a(main.o)
                                0x2a1 (size before relaxing)
 .debug_str     0x00001cc6      0xf34 C:\Users\user\Desktop\CI_Projects\Mega1\ArduinoCore\Debug\libArduinoCore.a(Print.o)
                               0x122f (size before relaxing)
 .debug_str     0x00002bfa      0x180 C:\Users\user\Desktop\CI_Projects\Mega1\ArduinoCore\Debug\libArduinoCore.a(WInterrupts.o)
                                0x266 (size before relaxing)
 .debug_str     0x00002d7a       0x7f C:\Users\user\Desktop\CI_Projects\Mega1\ArduinoCore\Debug\libArduinoCore.a(wiring.o)
                                0x237 (size before relaxing)
 .debug_str     0x00002df9       0x74 C:\Users\user\Desktop\CI_Projects\Mega1\ArduinoCore\Debug\libArduinoCore.a(wiring_analog.o)
                                0x23b (size before relaxing)
 .debug_str     0x00002e6d       0xa9 C:\Users\user\Desktop\CI_Projects\Mega1\ArduinoCore\Debug\libArduinoCore.a(wiring_digital.o)
                                0x29c (size before relaxing)
 .debug_str     0x00002f16      0x351 C:\Users\user\Desktop\CI_Projects\Mega1\ArduinoCore\Debug\libArduinoCore.a(mcp2515.o)
                               0x18d2 (size before relaxing)
 .debug_str     0x00003267      0x5b9 C:\Users\user\Desktop\CI_Projects\Mega1\ArduinoCore\Debug\libArduinoCore.a(LiquidCrystal.o)
                                0x936 (size before relaxing)
 .debug_str     0x00003820       0x9f C:\Users\user\Desktop\CI_Projects\Mega1\ArduinoCore\Debug\libArduinoCore.a(SPI.o)
                                0x69a (size before relaxing)
 .debug_str     0x000038bf       0x1c C:\Users\user\Desktop\CI_Projects\Mega1\ArduinoCore\Debug\libArduinoCore.a(hooks.o)
                                0x12c (size before relaxing)

.debug_loc      0x00000000     0x77ff
 *(.debug_loc)
 .debug_loc     0x00000000      0x1a1 BTN.o
 .debug_loc     0x000001a1       0x72 Sketch.o
 .debug_loc     0x00000213     0x1c87 C:\Users\user\Desktop\CI_Projects\Mega1\ArduinoCore\Debug\libArduinoCore.a(Print.o)
 .debug_loc     0x00001e9a      0x7f5 C:\Users\user\Desktop\CI_Projects\Mega1\ArduinoCore\Debug\libArduinoCore.a(WInterrupts.o)
 .debug_loc     0x0000268f      0x28d C:\Users\user\Desktop\CI_Projects\Mega1\ArduinoCore\Debug\libArduinoCore.a(wiring.o)
 .debug_loc     0x0000291c      0x11c C:\Users\user\Desktop\CI_Projects\Mega1\ArduinoCore\Debug\libArduinoCore.a(wiring_analog.o)
 .debug_loc     0x00002a38      0x56b C:\Users\user\Desktop\CI_Projects\Mega1\ArduinoCore\Debug\libArduinoCore.a(wiring_digital.o)
 .debug_loc     0x00002fa3     0x2bfe C:\Users\user\Desktop\CI_Projects\Mega1\ArduinoCore\Debug\libArduinoCore.a(mcp2515.o)
 .debug_loc     0x00005ba1     0x1a6e C:\Users\user\Desktop\CI_Projects\Mega1\ArduinoCore\Debug\libArduinoCore.a(LiquidCrystal.o)
 .debug_loc     0x0000760f      0x1f0 C:\Users\user\Desktop\CI_Projects\Mega1\ArduinoCore\Debug\libArduinoCore.a(SPI.o)

.debug_macinfo
 *(.debug_macinfo)

.debug_weaknames
 *(.debug_weaknames)

.debug_funcnames
 *(.debug_funcnames)

.debug_typenames
 *(.debug_typenames)

.debug_varnames
 *(.debug_varnames)

.debug_pubtypes
 *(.debug_pubtypes)

.debug_ranges   0x00000000      0x5d0
 *(.debug_ranges)
 .debug_ranges  0x00000000       0x10 BTN.o
 .debug_ranges  0x00000010       0x50 Sketch.o
 .debug_ranges  0x00000060       0x20 stateHandlers.o
 .debug_ranges  0x00000080       0x20 C:\Users\user\Desktop\CI_Projects\Mega1\ArduinoCore\Debug\libArduinoCore.a(main.o)
 .debug_ranges  0x000000a0      0x120 C:\Users\user\Desktop\CI_Projects\Mega1\ArduinoCore\Debug\libArduinoCore.a(Print.o)
 .debug_ranges  0x000001c0       0x60 C:\Users\user\Desktop\CI_Projects\Mega1\ArduinoCore\Debug\libArduinoCore.a(WInterrupts.o)
 .debug_ranges  0x00000220       0x38 C:\Users\user\Desktop\CI_Projects\Mega1\ArduinoCore\Debug\libArduinoCore.a(wiring.o)
 .debug_ranges  0x00000258       0x20 C:\Users\user\Desktop\CI_Projects\Mega1\ArduinoCore\Debug\libArduinoCore.a(wiring_analog.o)
 .debug_ranges  0x00000278       0x28 C:\Users\user\Desktop\CI_Projects\Mega1\ArduinoCore\Debug\libArduinoCore.a(wiring_digital.o)
 .debug_ranges  0x000002a0      0x180 C:\Users\user\Desktop\CI_Projects\Mega1\ArduinoCore\Debug\libArduinoCore.a(mcp2515.o)
 .debug_ranges  0x00000420      0x178 C:\Users\user\Desktop\CI_Projects\Mega1\ArduinoCore\Debug\libArduinoCore.a(LiquidCrystal.o)
 .debug_ranges  0x00000598       0x28 C:\Users\user\Desktop\CI_Projects\Mega1\ArduinoCore\Debug\libArduinoCore.a(SPI.o)
 .debug_ranges  0x000005c0       0x10 C:\Users\user\Desktop\CI_Projects\Mega1\ArduinoCore\Debug\libArduinoCore.a(hooks.o)

.debug_macro
 *(.debug_macro)
OUTPUT(CAN_write.elf elf32-avr)
LOAD linker stubs
