Archive member included to satisfy reference by file (symbol)

C:\Users\user\Desktop\CI_Projects\Mega1\ArduinoCore\Debug\libArduinoCore.a(main.o)
                              C:/Program Files (x86)/Atmel/Studio/7.0/Packs/atmel/ATmega_DFP/1.6.364/gcc/dev/atmega2560/avr6/crtatmega2560.o (main)
C:\Users\user\Desktop\CI_Projects\Mega1\ArduinoCore\Debug\libArduinoCore.a(Print.o)
                              lcd_assert.o (_ZN5Print5printEPKc)
C:\Users\user\Desktop\CI_Projects\Mega1\ArduinoCore\Debug\libArduinoCore.a(wiring.o)
                              lcd_assert.o (delay)
C:\Users\user\Desktop\CI_Projects\Mega1\ArduinoCore\Debug\libArduinoCore.a(wiring_analog.o)
                              BTN.o (analogRead)
C:\Users\user\Desktop\CI_Projects\Mega1\ArduinoCore\Debug\libArduinoCore.a(wiring_digital.o)
                              C:\Users\user\Desktop\CI_Projects\Mega1\ArduinoCore\Debug\libArduinoCore.a(wiring_analog.o) (pinMode)
C:\Users\user\Desktop\CI_Projects\Mega1\ArduinoCore\Debug\libArduinoCore.a(mcp2515.o)
                              Sketch.o (_ZN7MCP2515C1EhmP8SPIClass)
C:\Users\user\Desktop\CI_Projects\Mega1\ArduinoCore\Debug\libArduinoCore.a(LiquidCrystal.o)
                              lcd_assert.o (_ZN13LiquidCrystal5clearEv)
C:\Users\user\Desktop\CI_Projects\Mega1\ArduinoCore\Debug\libArduinoCore.a(SPI.o)
                              C:\Users\user\Desktop\CI_Projects\Mega1\ArduinoCore\Debug\libArduinoCore.a(mcp2515.o) (_ZN8SPIClass5beginEv)
C:\Users\user\Desktop\CI_Projects\Mega1\ArduinoCore\Debug\libArduinoCore.a(abi.o)
                              C:\Users\user\Desktop\CI_Projects\Mega1\ArduinoCore\Debug\libArduinoCore.a(Print.o) (__cxa_pure_virtual)
C:\Users\user\Desktop\CI_Projects\Mega1\ArduinoCore\Debug\libArduinoCore.a(hooks.o)
                              C:\Users\user\Desktop\CI_Projects\Mega1\ArduinoCore\Debug\libArduinoCore.a(wiring.o) (yield)
c:/program files (x86)/atmel/studio/7.0/toolchain/avr8/avr8-gnu-toolchain/bin/../lib/gcc/avr/5.4.0/../../../../avr/lib/avr6\libm.a(addsf3.o)
                              C:\Users\user\Desktop\CI_Projects\Mega1\ArduinoCore\Debug\libArduinoCore.a(Print.o) (__subsf3)
c:/program files (x86)/atmel/studio/7.0/toolchain/avr8/avr8-gnu-toolchain/bin/../lib/gcc/avr/5.4.0/../../../../avr/lib/avr6\libm.a(addsf3x.o)
                              c:/program files (x86)/atmel/studio/7.0/toolchain/avr8/avr8-gnu-toolchain/bin/../lib/gcc/avr/5.4.0/../../../../avr/lib/avr6\libm.a(addsf3.o) (__addsf3x)
c:/program files (x86)/atmel/studio/7.0/toolchain/avr8/avr8-gnu-toolchain/bin/../lib/gcc/avr/5.4.0/../../../../avr/lib/avr6\libm.a(cmpsf2.o)
                              C:\Users\user\Desktop\CI_Projects\Mega1\ArduinoCore\Debug\libArduinoCore.a(Print.o) (__ltsf2)
c:/program files (x86)/atmel/studio/7.0/toolchain/avr8/avr8-gnu-toolchain/bin/../lib/gcc/avr/5.4.0/../../../../avr/lib/avr6\libm.a(divsf3.o)
                              C:\Users\user\Desktop\CI_Projects\Mega1\ArduinoCore\Debug\libArduinoCore.a(Print.o) (__divsf3)
c:/program files (x86)/atmel/studio/7.0/toolchain/avr8/avr8-gnu-toolchain/bin/../lib/gcc/avr/5.4.0/../../../../avr/lib/avr6\libm.a(divsf3x.o)
                              c:/program files (x86)/atmel/studio/7.0/toolchain/avr8/avr8-gnu-toolchain/bin/../lib/gcc/avr/5.4.0/../../../../avr/lib/avr6\libm.a(divsf3.o) (__divsf3x)
c:/program files (x86)/atmel/studio/7.0/toolchain/avr8/avr8-gnu-toolchain/bin/../lib/gcc/avr/5.4.0/../../../../avr/lib/avr6\libm.a(fixunssfsi.o)
                              C:\Users\user\Desktop\CI_Projects\Mega1\ArduinoCore\Debug\libArduinoCore.a(Print.o) (__fixunssfsi)
c:/program files (x86)/atmel/studio/7.0/toolchain/avr8/avr8-gnu-toolchain/bin/../lib/gcc/avr/5.4.0/../../../../avr/lib/avr6\libm.a(floatsisf.o)
                              C:\Users\user\Desktop\CI_Projects\Mega1\ArduinoCore\Debug\libArduinoCore.a(Print.o) (__floatunsisf)
c:/program files (x86)/atmel/studio/7.0/toolchain/avr8/avr8-gnu-toolchain/bin/../lib/gcc/avr/5.4.0/../../../../avr/lib/avr6\libm.a(fp_cmp.o)
                              c:/program files (x86)/atmel/studio/7.0/toolchain/avr8/avr8-gnu-toolchain/bin/../lib/gcc/avr/5.4.0/../../../../avr/lib/avr6\libm.a(cmpsf2.o) (__fp_cmp)
c:/program files (x86)/atmel/studio/7.0/toolchain/avr8/avr8-gnu-toolchain/bin/../lib/gcc/avr/5.4.0/../../../../avr/lib/avr6\libm.a(fp_inf.o)
                              c:/program files (x86)/atmel/studio/7.0/toolchain/avr8/avr8-gnu-toolchain/bin/../lib/gcc/avr/5.4.0/../../../../avr/lib/avr6\libm.a(addsf3x.o) (__fp_inf)
c:/program files (x86)/atmel/studio/7.0/toolchain/avr8/avr8-gnu-toolchain/bin/../lib/gcc/avr/5.4.0/../../../../avr/lib/avr6\libm.a(fp_nan.o)
                              c:/program files (x86)/atmel/studio/7.0/toolchain/avr8/avr8-gnu-toolchain/bin/../lib/gcc/avr/5.4.0/../../../../avr/lib/avr6\libm.a(addsf3x.o) (__fp_nan)
[...]
Memory Configuration

Name             Origin             Length             Attributes
text             0x00000000         0x00040000         xr
data             0x00800200         0x00002000         rw !x
eeprom           0x00810000         0x00001000         rw !x
fuse             0x00820000         0x00000003         rw !x
lock             0x00830000         0x00000400         rw !x
signature        0x00840000         0x00000400         rw !x
user_signatures  0x00850000         0x00000400         rw !x
*default*        0x00000000         0xffffffff

Linker script and memory map

Address of section .data set to 0x800200
LOAD C:/Program Files (x86)/Atmel/Studio/7.0/Packs/atmel/ATmega_DFP/1.6.364/gcc/dev/atmega2560/avr6/crtatmega2560.o
LOAD BTN.o
LOAD lcd_assert.o
LOAD Sketch.o
LOAD stateHandlers.o
START GROUP
LOAD c:/program files (x86)/atmel/studio/7.0/toolchain/avr8/avr8-gnu-toolchain/bin/../lib/gcc/avr/5.4.0/../../../../avr/lib/avr6\libm.a
LOAD C:\Users\user\Desktop\CI_Projects\Mega1\ArduinoCore\Debug\libArduinoCore.a
END GROUP
LOAD c:/program files (x86)/atmel/studio/7.0/toolchain/avr8/avr8-gnu-toolchain/bin/../lib/gcc/avr/5.4.0/avr6\libgcc.a
LOAD c:/program files (x86)/atmel/studio/7.0/toolchain/avr8/avr8-gnu-toolchain/bin/../lib/gcc/avr/5.4.0/../../../../avr/lib/avr6\libm.a
START GROUP
LOAD c:/program files (x86)/atmel/studio/7.0/toolchain/avr8/avr8-gnu-toolchain/bin/../lib/gcc/avr/5.4.0/avr6\libgcc.a
LOAD c:/program files (x86)/atmel/studio/7.0/toolchain/avr8/avr8-gnu-toolchain/bin/../lib/gcc/avr/5.4.0/../../../../avr/lib/avr6\libm.a
LOAD c:/program files (x86)/atmel/studio/7.0/toolchain/avr8/avr8-gnu-toolchain/bin/../lib/gcc/avr/5.4.0/../../../../avr/lib/avr6\libc.a
LOAD C:/Program Files (x86)/Atmel/Studio/7.0/Packs/atmel/ATmega_DFP/1.6.364/gcc/dev/atmega2560/avr6\libatmega2560.a
END GROUP
                0x00000000                __TEXT_REGION_ORIGIN__ = DEFINED (__TEXT_REGION_ORIGIN__)?__TEXT_REGION_ORIGIN__:0x0
                [0x00800200]                __DATA_REGION_ORIGIN__ = DEFINED (__DATA_REGION_ORIGIN__)?__DATA_REGION_ORIGIN__:0x800200
                [0x00040000]                __TEXT_REGION_LENGTH__ = DEFINED (__TEXT_REGION_LENGTH__)?__TEXT_REGION_LENGTH__:0x100000
                [0x00002000]                __DATA_REGION_LENGTH__ = DEFINED (__DATA_REGION_LENGTH__)?__DATA_REGION_LENGTH__:0xfe00
                [0x00001000]                __EEPROM_REGION_LENGTH__ = DEFINED (__EEPROM_REGION_LENGTH__)?__EEPROM_REGION_LENGTH__:0x10000
                [0x00000003]                __FUSE_REGION_LENGTH__ = DEFINED (__FUSE_REGION_LENGTH__)?__FUSE_REGION_LENGTH__:0x400
                0x00000400                __LOCK_REGION_LENGTH__ = DEFINED (__LOCK_REGION_LENGTH__)?__LOCK_REGION_LENGTH__:0x400
                0x00000400                __SIGNATURE_REGION_LENGTH__ = DEFINED (__SIGNATURE_REGION_LENGTH__)?__SIGNATURE_REGION_LENGTH__:0x400
                0x00000400                __USER_SIGNATURE_REGION_LENGTH__ = DEFINED (__USER_SIGNATURE_REGION_LENGTH__)?__USER_SIGNATURE_REGION_LENGTH__:0x400

.hash
 *(.hash)

.dynsym
 *(.dynsym)

.dynstr
 *(.dynstr)

.gnu.version
 *(.gnu.version)

.gnu.version_d
 *(.gnu.version_d)

.gnu.version_r
 *(.gnu.version_r)

.rel.init
 *(.rel.init)

.rela.init
 *(.rela.init)

.rel.text
 *(.rel.text)
 *(.rel.text.*)
 *(.rel.gnu.linkonce.t*)

.rela.text
 *(.rela.text)
 *(.rela.text.*)
 *(.rela.gnu.linkonce.t*)

.rel.fini
 *(.rel.fini)

.rela.fini
 *(.rela.fini)

.rel.rodata
 *(.rel.rodata)
 *(.rel.rodata.*)
 *(.rel.gnu.linkonce.r*)

.rela.rodata
 *(.rela.rodata)
 *(.rela.rodata.*)
 *(.rela.gnu.linkonce.r*)

.rel.data
 *(.rel.data)
 *(.rel.data.*)
 *(.rel.gnu.linkonce.d*)

.rela.data
 *(.rela.data)
 *(.rela.data.*)
 *(.rela.gnu.linkonce.d*)

.rel.ctors
 *(.rel.ctors)

.rela.ctors
 *(.rela.ctors)

.rel.dtors
 *(.rel.dtors)

.rela.dtors
 *(.rela.dtors)

.rel.got
 *(.rel.got)

.rela.got
 *(.rela.got)

.rel.bss
 *(.rel.bss)

.rela.bss
 *(.rela.bss)

.rel.plt
 *(.rel.plt)

.rela.plt
 *(.rela.plt)

.text           0x00000000     0x1afa
 *(.vectors)
 .vectors       0x00000000       0xe4 C:/Program Files (x86)/Atmel/Studio/7.0/Packs/atmel/ATmega_DFP/1.6.364/gcc/dev/atmega2560/avr6/crtatmega2560.o
                0x00000000                __vector_default
                0x00000000                __vectors
 *(.vectors)
 *(.progmem.gcc*)
 .progmem.gcc_sw_table.turnOffPWM
                0x000000e4       0x24 C:\Users\user\Desktop\CI_Projects\Mega1\ArduinoCore\Debug\libArduinoCore.a(wiring_digital.o)
 .progmem.gcc_sw_table._ZN7MCP251510setBitrateE9CAN_SPEED9CAN_CLOCK
                0x00000108       0x58 C:\Users\user\Desktop\CI_Projects\Mega1\ArduinoCore\Debug\libArduinoCore.a(mcp2515.o)
                0x00000160                . = ALIGN (0x2)
                0x00000160                __trampolines_start = .
 *(.trampolines)
 .trampolines   0x00000160        0x0 linker stubs
 *(.trampolines*)
                0x00000160                __trampolines_end = .
 *libprintf_flt.a:*(.progmem.data)
 *libc.a:*(.progmem.data)
 *(.progmem*)
 .progmem.data.digital_pin_to_timer_PGM
                0x00000160       0x46 C:\Users\user\Desktop\CI_Projects\Mega1\ArduinoCore\Debug\libArduinoCore.a(wiring_digital.o)
                0x00000160                digital_pin_to_timer_PGM
 .progmem.data.digital_pin_to_bit_mask_PGM
                0x000001a6       0x46 C:\Users\user\Desktop\CI_Projects\Mega1\ArduinoCore\Debug\libArduinoCore.a(wiring_digital.o)
                0x000001a6                digital_pin_to_bit_mask_PGM
 .progmem.data.digital_pin_to_port_PGM
                0x000001ec       0x46 C:\Users\user\Desktop\CI_Projects\Mega1\ArduinoCore\Debug\libArduinoCore.a(wiring_digital.o)
                0x000001ec                digital_pin_to_port_PGM
 .progmem.data.port_to_output_PGM
                0x00000232       0x1a C:\Users\user\Desktop\CI_Projects\Mega1\ArduinoCore\Debug\libArduinoCore.a(wiring_digital.o)
                0x00000232                port_to_output_PGM
 .progmem.data.port_to_mode_PGM
                0x0000024c       0x1a C:\Users\user\Desktop\CI_Projects\Mega1\ArduinoCore\Debug\libArduinoCore.a(wiring_digital.o)
                0x0000024c                port_to_mode_PGM
                0x00000266                . = ALIGN (0x2)
 *(.jumptables)
 *(.jumptables*)
 *(.lowtext)
 *(.lowtext*)
                0x00000266                __ctors_start = .
 *(.ctors)
 .ctors         0x00000266        0x2 Sketch.o
                0x00000268                __ctors_end = .
                0x00000268                __dtors_start = .
 *(.dtors)
                0x00000268                __dtors_end = .
 SORT(*)(.ctors)
 SORT(*)(.dtors)
 *(.init0)
 .init0         0x00000268        0x0 C:/Program Files (x86)/Atmel/Studio/7.0/Packs/atmel/ATmega_DFP/1.6.364/gcc/dev/atmega2560/avr6/crtatmega2560.o
                0x00000268                __init
 *(.init0)
 *(.init1)
 *(.init1)
 *(.init2)
 .init2         0x00000268       0x10 C:/Program Files (x86)/Atmel/Studio/7.0/Packs/atmel/ATmega_DFP/1.6.364/gcc/dev/atmega2560/avr6/crtatmega2560.o
 *(.init2)
 *(.init3)
 *(.init3)
 *(.init4)
 .init4         0x00000278       0x1a c:/program files (x86)/atmel/studio/7.0/toolchain/avr8/avr8-gnu-toolchain/bin/../lib/gcc/avr/5.4.0/avr6\libgcc.a(_copy_data.o)
                0x00000278                __do_copy_data
 .init4         0x00000292       0x10 c:/program files (x86)/atmel/studio/7.0/toolchain/avr8/avr8-gnu-toolchain/bin/../lib/gcc/avr/5.4.0/avr6\libgcc.a(_clear_bss.o)
                0x00000292                __do_clear_bss
 *(.init4)
 *(.init5)
 *(.init5)
 *(.init6)
 .init6         0x000002a2       0x20 c:/program files (x86)/atmel/studio/7.0/toolchain/avr8/avr8-gnu-toolchain/bin/../lib/gcc/avr/5.4.0/avr6\libgcc.a(_ctors.o)
                0x000002a2                __do_global_ctors
 *(.init6)
 *(.init7)
 *(.init7)
 *(.init8)
 *(.init8)
 *(.init9)
 .init9         0x000002c2        0x6 C:/Program Files (x86)/Atmel/Studio/7.0/Packs/atmel/ATmega_DFP/1.6.364/gcc/dev/atmega2560/avr6/crtatmega2560.o
 *(.init9)
 *(.text)
 .text          0x000002c8        0x2 C:/Program Files (x86)/Atmel/Studio/7.0/Packs/atmel/ATmega_DFP/1.6.364/gcc/dev/atmega2560/avr6/crtatmega2560.o
                0x000002c8                __vector_38
                0x000002c8                __vector_22
                0x000002c8                __vector_28
                0x000002c8                __vector_1
                0x000002c8                __vector_32
                0x000002c8                __vector_34
                0x000002c8                __vector_24
                0x000002c8                __vector_12
                0x000002c8                __vector_55
                0x000002c8                __vector_46
                0x000002c8                __bad_interrupt
                0x000002c8                __vector_6
                0x000002c8                __vector_31
                0x000002c8                __vector_35
                0x000002c8                __vector_39
                0x000002c8                __vector_3
                0x000002c8                __vector_30
                0x000002c8                __vector_45
                0x000002c8                __vector_25
                0x000002c8                __vector_11
                0x000002c8                __vector_54
                0x000002c8                __vector_13
                0x000002c8                __vector_17
                0x000002c8                __vector_19
                0x000002c8                __vector_56
                0x000002c8                __vector_7
                0x000002c8                __vector_49
                0x000002c8                __vector_41
                0x000002c8                __vector_43
                0x000002c8                __vector_27
                0x000002c8                __vector_5
                0x000002c8                __vector_33
                0x000002c8                __vector_47
                0x000002c8                __vector_52
                0x000002c8                __vector_37
                0x000002c8                __vector_4
                0x000002c8                __vector_44
                0x000002c8                __vector_51
                0x000002c8                __vector_9
                0x000002c8                __vector_2
                0x000002c8                __vector_21
                0x000002c8                __vector_15
                0x000002c8                __vector_36
                0x000002c8                __vector_29
                0x000002c8                __vector_40
                0x000002c8                __vector_8
                0x000002c8                __vector_26
                0x000002c8                __vector_48
                0x000002c8                __vector_14
                0x000002c8                __vector_53
                0x000002c8                __vector_10
                0x000002c8                __vector_50
                0x000002c8                __vector_16
                0x000002c8                __vector_18
                0x000002c8                __vector_20
                0x000002c8                __vector_42
                0x000002ca                . = ALIGN (0x2)
 *(.text.*)
 .text._Z6getBTNv
                0x000002ca       0x42 BTN.o
                0x000002ca                _Z6getBTNv
 .text.setup    0x0000030c       0x7c Sketch.o
                0x0000030c                setup
 .text.loop     0x00000388       0x16 Sketch.o
                0x00000388                loop
 .text._Z16BTN_left_handlerv
                0x0000039e        0x8 Sketch.o
                0x0000039e                _Z16BTN_left_handlerv
 .text._Z14BTN_up_handlerv
                0x000003a6        0x8 Sketch.o
                0x000003a6                _Z14BTN_up_handlerv
 .text._Z16BTN_down_handlerv
                0x000003ae        0x8 Sketch.o
                0x000003ae                _Z16BTN_down_handlerv
 .text._Z17BTN_right_handlerv
                0x000003b6        0x8 Sketch.o
                0x000003b6                _Z17BTN_right_handlerv
 .text._Z18BTN_select_handlerv
                0x000003be       0x10 Sketch.o
                0x000003be                _Z18BTN_select_handlerv
 .text.startup._GLOBAL__sub_I_lcd
                0x000003ce       0x3e Sketch.o
 .text._Z17stateIDLE_handlerv
                0x0000040c       0xb0 stateHandlers.o
                0x0000040c                _Z17stateIDLE_handlerv
 .text._Z19stateACTIVE_handlerv
                0x000004bc       0xd6 stateHandlers.o
                0x000004bc                _Z19stateACTIVE_handlerv
 .text._Z18stateVOTED_handlerv
                0x00000592       0xe4 stateHandlers.o
                0x00000592                _Z18stateVOTED_handlerv
 .text.initVariant
                0x00000676        0x2 C:\Users\user\Desktop\CI_Projects\Mega1\ArduinoCore\Debug\libArduinoCore.a(main.o)
                0x00000676                initVariant
 .text.startup.main
                0x00000678       0x16 C:\Users\user\Desktop\CI_Projects\Mega1\ArduinoCore\Debug\libArduinoCore.a(main.o)
                0x00000678                main
 .text._ZN5Print17availableForWriteEv
                0x0000068e        0x6 C:\Users\user\Desktop\CI_Projects\Mega1\ArduinoCore\Debug\libArduinoCore.a(Print.o)
                0x0000068e                _ZN5Print17availableForWriteEv
 .text._ZN5Print5flushEv
                0x00000694        0x2 C:\Users\user\Desktop\CI_Projects\Mega1\ArduinoCore\Debug\libArduinoCore.a(Print.o)
                0x00000694                _ZN5Print5flushEv
 .text._ZN5Print5writeEPKhj
                0x00000696       0x54 C:\Users\user\Desktop\CI_Projects\Mega1\ArduinoCore\Debug\libArduinoCore.a(Print.o)
                0x00000696                _ZN5Print5writeEPKhj
 .text._ZN5Print5writeEPKc
                0x000006ea       0x2a C:\Users\user\Desktop\CI_Projects\Mega1\ArduinoCore\Debug\libArduinoCore.a(Print.o)
                0x000006ea                _ZN5Print5writeEPKc
 .text._ZN5Print5printEPKc
                0x00000714        0x2 C:\Users\user\Desktop\CI_Projects\Mega1\ArduinoCore\Debug\libArduinoCore.a(Print.o)
                0x00000714                _ZN5Print5printEPKc
 .text._ZN5Print5printEc
                0x00000716        0xe C:\Users\user\Desktop\CI_Projects\Mega1\ArduinoCore\Debug\libArduinoCore.a(Print.o)
                0x00000716                _ZN5Print5printEc
 .text._ZN5Print11printNumberEmh
                0x00000724       0x90 C:\Users\user\Desktop\CI_Projects\Mega1\ArduinoCore\Debug\libArduinoCore.a(Print.o)
                0x00000724                _ZN5Print11printNumberEmh
 .text._ZN5Print5printEmi
                0x000007b4       0x18 C:\Users\user\Desktop\CI_Projects\Mega1\ArduinoCore\Debug\libArduinoCore.a(Print.o)
                0x000007b4                _ZN5Print5printEmi
 .text._ZN5Print5printEhi
                0x000007cc        0xc C:\Users\user\Desktop\CI_Projects\Mega1\ArduinoCore\Debug\libArduinoCore.a(Print.o)
                0x000007cc                _ZN5Print5printEhi
 .text.__vector_23
                0x000007d8       0x94 C:\Users\user\Desktop\CI_Projects\Mega1\ArduinoCore\Debug\libArduinoCore.a(wiring.o)
                0x000007d8                __vector_23
 .text.millis   0x0000086c       0x18 C:\Users\user\Desktop\CI_Projects\Mega1\ArduinoCore\Debug\libArduinoCore.a(wiring.o)
                0x0000086c                millis
 .text.micros   0x00000884       0x4a C:\Users\user\Desktop\CI_Projects\Mega1\ArduinoCore\Debug\libArduinoCore.a(wiring.o)
                0x00000884                micros
 .text.delay    0x000008ce       0x74 C:\Users\user\Desktop\CI_Projects\Mega1\ArduinoCore\Debug\libArduinoCore.a(wiring.o)
                0x000008ce                delay
 .text.delayMicroseconds
                0x00000942       0x16 C:\Users\user\Desktop\CI_Projects\Mega1\ArduinoCore\Debug\libArduinoCore.a(wiring.o)
                0x00000942                delayMicroseconds
 .text.init     0x00000958       0xc4 C:\Users\user\Desktop\CI_Projects\Mega1\ArduinoCore\Debug\libArduinoCore.a(wiring.o)
                0x00000958                init
 .text.analogRead
                0x00000a1c       0x4a C:\Users\user\Desktop\CI_Projects\Mega1\ArduinoCore\Debug\libArduinoCore.a(wiring_analog.o)
                0x00000a1c                analogRead
 .text.turnOffPWM
                0x00000a66       0xaa C:\Users\user\Desktop\CI_Projects\Mega1\ArduinoCore\Debug\libArduinoCore.a(wiring_digital.o)
 .text.pinMode  0x00000b10       0x78 C:\Users\user\Desktop\CI_Projects\Mega1\ArduinoCore\Debug\libArduinoCore.a(wiring_digital.o)
                0x00000b10                pinMode
 .text.digitalWrite
                0x00000b88       0x5c C:\Users\user\Desktop\CI_Projects\Mega1\ArduinoCore\Debug\libArduinoCore.a(wiring_digital.o)
                0x00000b88                digitalWrite
 .text._ZN8SPIClass8transferEh
                0x00000be4        0xe C:\Users\user\Desktop\CI_Projects\Mega1\ArduinoCore\Debug\libArduinoCore.a(mcp2515.o)
                0x00000be4                _ZN8SPIClass8transferEh
 .text._ZN7MCP25158startSPIEv
                0x00000bf2       0x72 C:\Users\user\Desktop\CI_Projects\Mega1\ArduinoCore\Debug\libArduinoCore.a(mcp2515.o)
                0x00000bf2                _ZN7MCP25158startSPIEv
 .text._ZN7MCP25156endSPIEv
                0x00000c64       0x2a C:\Users\user\Desktop\CI_Projects\Mega1\ArduinoCore\Debug\libArduinoCore.a(mcp2515.o)
                0x00000c64                _ZN7MCP25156endSPIEv
 .text._ZN7MCP2515C2EhmP8SPIClass
                0x00000c8e       0x56 C:\Users\user\Desktop\CI_Projects\Mega1\ArduinoCore\Debug\libArduinoCore.a(mcp2515.o)
                0x00000c8e                _ZN7MCP2515C1EhmP8SPIClass
                0x00000c8e                _ZN7MCP2515C2EhmP8SPIClass
 .text._ZN7MCP251512readRegisterENS_8REGISTERE
                0x00000ce4       0x28 C:\Users\user\Desktop\CI_Projects\Mega1\ArduinoCore\Debug\libArduinoCore.a(mcp2515.o)
                0x00000ce4                _ZN7MCP251512readRegisterENS_8REGISTERE
 .text._ZN7MCP251513readRegistersENS_8REGISTEREPhh
                0x00000d0c       0x4e C:\Users\user\Desktop\CI_Projects\Mega1\ArduinoCore\Debug\libArduinoCore.a(mcp2515.o)
                0x00000d0c                _ZN7MCP251513readRegistersENS_8REGISTEREPhh
 .text._ZN7MCP251511setRegisterENS_8REGISTEREh
                0x00000d5a       0x28 C:\Users\user\Desktop\CI_Projects\Mega1\ArduinoCore\Debug\libArduinoCore.a(mcp2515.o)
                0x00000d5a                _ZN7MCP251511setRegisterENS_8REGISTEREh
 .text._ZN7MCP251512setRegistersENS_8REGISTEREPKhh
                0x00000d82       0x4c C:\Users\user\Desktop\CI_Projects\Mega1\ArduinoCore\Debug\libArduinoCore.a(mcp2515.o)
                0x00000d82                _ZN7MCP251512setRegistersENS_8REGISTEREPKhh
 .text._ZN7MCP251514modifyRegisterENS_8REGISTEREhh
                0x00000dce       0x32 C:\Users\user\Desktop\CI_Projects\Mega1\ArduinoCore\Debug\libArduinoCore.a(mcp2515.o)
                0x00000dce                _ZN7MCP251514modifyRegisterENS_8REGISTEREhh
 .text._ZN7MCP25159getStatusEv
                0x00000e00       0x22 C:\Users\user\Desktop\CI_Projects\Mega1\ArduinoCore\Debug\libArduinoCore.a(mcp2515.o)
                0x00000e00                _ZN7MCP25159getStatusEv
 .text._ZN7MCP25157setModeENS_18CANCTRL_REQOP_MODEE
                0x00000e22       0x5c C:\Users\user\Desktop\CI_Projects\Mega1\ArduinoCore\Debug\libArduinoCore.a(mcp2515.o)
                0x00000e22                _ZN7MCP25157setModeENS_18CANCTRL_REQOP_MODEE
 .text._ZN7MCP251513setConfigModeEv
                0x00000e7e        0x4 C:\Users\user\Desktop\CI_Projects\Mega1\ArduinoCore\Debug\libArduinoCore.a(mcp2515.o)
                0x00000e7e                _ZN7MCP251513setConfigModeEv
 .text._ZN7MCP251513setNormalModeEv
                0x00000e82        0x4 C:\Users\user\Desktop\CI_Projects\Mega1\ArduinoCore\Debug\libArduinoCore.a(mcp2515.o)
                0x00000e82                _ZN7MCP251513setNormalModeEv
 .text._ZN7MCP251510setBitrateE9CAN_SPEED9CAN_CLOCK
                0x00000e86      0x192 C:\Users\user\Desktop\CI_Projects\Mega1\ArduinoCore\Debug\libArduinoCore.a(mcp2515.o)
                0x00000e86                _ZN7MCP251510setBitrateE9CAN_SPEED9CAN_CLOCK
 .text._ZN7MCP251510setBitrateE9CAN_SPEED
                0x00001018        0x4 C:\Users\user\Desktop\CI_Projects\Mega1\ArduinoCore\Debug\libArduinoCore.a(mcp2515.o)
                0x00001018                _ZN7MCP251510setBitrateE9CAN_SPEED
 .text._ZN7MCP25159prepareIdEPhbm
                0x0000101c       0x56 C:\Users\user\Desktop\CI_Projects\Mega1\ArduinoCore\Debug\libArduinoCore.a(mcp2515.o)
                0x0000101c                _ZN7MCP25159prepareIdEPhbm
 .text._ZN7MCP251513setFilterMaskENS_4MASKEbm
                0x00001072       0x84 C:\Users\user\Desktop\CI_Projects\Mega1\ArduinoCore\Debug\libArduinoCore.a(mcp2515.o)
                0x00001072                _ZN7MCP251513setFilterMaskENS_4MASKEbm
 .text._ZN7MCP25159setFilterENS_3RXFEbm
                0x000010f6       0xba C:\Users\user\Desktop\CI_Projects\Mega1\ArduinoCore\Debug\libArduinoCore.a(mcp2515.o)
                0x000010f6                _ZN7MCP25159setFilterENS_3RXFEbm
 .text._ZN7MCP25155resetEv
                0x000011b0      0x122 C:\Users\user\Desktop\CI_Projects\Mega1\ArduinoCore\Debug\libArduinoCore.a(mcp2515.o)
                0x000011b0                _ZN7MCP25155resetEv
 .text._ZN7MCP251511sendMessageENS_4TXBnEPK9can_frame
                0x000012d2      0x112 C:\Users\user\Desktop\CI_Projects\Mega1\ArduinoCore\Debug\libArduinoCore.a(mcp2515.o)
                0x000012d2                _ZN7MCP251511sendMessageENS_4TXBnEPK9can_frame
 .text._ZN7MCP251511sendMessageEPK9can_frame
                0x000013e4       0xba C:\Users\user\Desktop\CI_Projects\Mega1\ArduinoCore\Debug\libArduinoCore.a(mcp2515.o)
                0x000013e4                _ZN7MCP251511sendMessageEPK9can_frame
 .text._ZN7MCP251511readMessageENS_4RXBnEP9can_frame
                0x0000149e      0x122 C:\Users\user\Desktop\CI_Projects\Mega1\ArduinoCore\Debug\libArduinoCore.a(mcp2515.o)
                0x0000149e                _ZN7MCP251511readMessageENS_4RXBnEP9can_frame
 .text._ZN7MCP251511readMessageEP9can_frame
                0x000015c0       0x38 C:\Users\user\Desktop\CI_Projects\Mega1\ArduinoCore\Debug\libArduinoCore.a(mcp2515.o)
                0x000015c0                _ZN7MCP251511readMessageEP9can_frame
 .text._ZN13LiquidCrystal11pulseEnableEv
                0x000015f8       0x2e C:\Users\user\Desktop\CI_Projects\Mega1\ArduinoCore\Debug\libArduinoCore.a(LiquidCrystal.o)
                0x000015f8                _ZN13LiquidCrystal11pulseEnableEv
 .text._ZN13LiquidCrystal10write4bitsEh
                0x00001626       0x56 C:\Users\user\Desktop\CI_Projects\Mega1\ArduinoCore\Debug\libArduinoCore.a(LiquidCrystal.o)
                0x00001626                _ZN13LiquidCrystal10write4bitsEh
 .text._ZN13LiquidCrystal10write8bitsEh
                0x0000167c       0x56 C:\Users\user\Desktop\CI_Projects\Mega1\ArduinoCore\Debug\libArduinoCore.a(LiquidCrystal.o)
                0x0000167c                _ZN13LiquidCrystal10write8bitsEh
 .text._ZN13LiquidCrystal4sendEhh
                0x000016d2       0x48 C:\Users\user\Desktop\CI_Projects\Mega1\ArduinoCore\Debug\libArduinoCore.a(LiquidCrystal.o)
                0x000016d2                _ZN13LiquidCrystal4sendEhh
 .text._ZN13LiquidCrystal7commandEh
                0x0000171a        0x4 C:\Users\user\Desktop\CI_Projects\Mega1\ArduinoCore\Debug\libArduinoCore.a(LiquidCrystal.o)
                0x0000171a                _ZN13LiquidCrystal7commandEh
 .text._ZN13LiquidCrystal5clearEv
                0x0000171e        0xa C:\Users\user\Desktop\CI_Projects\Mega1\ArduinoCore\Debug\libArduinoCore.a(LiquidCrystal.o)
                0x0000171e                _ZN13LiquidCrystal5clearEv
 .text._ZN13LiquidCrystal9setCursorEhh
                0x00001728       0x24 C:\Users\user\Desktop\CI_Projects\Mega1\ArduinoCore\Debug\libArduinoCore.a(LiquidCrystal.o)
                0x00001728                _ZN13LiquidCrystal9setCursorEhh
 .text._ZN13LiquidCrystal7displayEv
                0x0000174c        0xe C:\Users\user\Desktop\CI_Projects\Mega1\ArduinoCore\Debug\libArduinoCore.a(LiquidCrystal.o)
                0x0000174c                _ZN13LiquidCrystal7displayEv
 .text._ZN13LiquidCrystal5beginEhhh
                0x0000175a      0x11a C:\Users\user\Desktop\CI_Projects\Mega1\ArduinoCore\Debug\libArduinoCore.a(LiquidCrystal.o)
                0x0000175a                _ZN13LiquidCrystal5beginEhhh
 .text._ZN13LiquidCrystalC2Ehhhhhh
                0x00001874       0x3e C:\Users\user\Desktop\CI_Projects\Mega1\ArduinoCore\Debug\libArduinoCore.a(LiquidCrystal.o)
                0x00001874                _ZN13LiquidCrystalC1Ehhhhhh
                0x00001874                _ZN13LiquidCrystalC2Ehhhhhh
 .text._ZN13LiquidCrystal5writeEh
                0x000018b2        0xa C:\Users\user\Desktop\CI_Projects\Mega1\ArduinoCore\Debug\libArduinoCore.a(LiquidCrystal.o)
                0x000018b2                _ZN13LiquidCrystal5writeEh
 .text._ZN8SPIClass5beginEv
                0x000018bc       0x64 C:\Users\user\Desktop\CI_Projects\Mega1\ArduinoCore\Debug\libArduinoCore.a(SPI.o)
                0x000018bc                _ZN8SPIClass5beginEv
 .text.__empty  0x00001920        0x2 C:\Users\user\Desktop\CI_Projects\Mega1\ArduinoCore\Debug\libArduinoCore.a(hooks.o)
                0x00001920                yield
 .text.libgcc.div
                0x00001922       0x26 c:/program files (x86)/atmel/studio/7.0/toolchain/avr8/avr8-gnu-toolchain/bin/../lib/gcc/avr/5.4.0/avr6\libgcc.a(_divmodhi4.o)
                0x00001922                _div
                0x00001922                __divmodhi4
 .text.libgcc.div
                0x00001948       0x44 c:/program files (x86)/atmel/studio/7.0/toolchain/avr8/avr8-gnu-toolchain/bin/../lib/gcc/avr/5.4.0/avr6\libgcc.a(_udivmodsi4.o)
                0x00001948                __udivmodsi4
 .text.libgcc   0x0000198c       0x10 c:/program files (x86)/atmel/studio/7.0/toolchain/avr8/avr8-gnu-toolchain/bin/../lib/gcc/avr/5.4.0/avr6\libgcc.a(_tablejump2.o)
                0x0000198c                __tablejump2__
 .text.libgcc.div
                0x0000199c       0x28 c:/program files (x86)/atmel/studio/7.0/toolchain/avr8/avr8-gnu-toolchain/bin/../lib/gcc/avr/5.4.0/avr6\libgcc.a(_udivmodhi4.o)
                0x0000199c                __udivmodhi4
 .text.avr-libc
                0x000019c4       0xaa c:/program files (x86)/atmel/studio/7.0/toolchain/avr8/avr8-gnu-toolchain/bin/../lib/gcc/avr/5.4.0/../../../../avr/lib/avr6\libc.a(rand.o)
                0x00001a50                rand_r
                0x00001a52                rand
                0x00001a58                srand
 .text.avr-libc
                0x00001a6e       0x12 c:/program files (x86)/atmel/studio/7.0/toolchain/avr8/avr8-gnu-toolchain/bin/../lib/gcc/avr/5.4.0/../../../../avr/lib/avr6\libc.a(memcpy.o)
                0x00001a6e                memcpy
 .text.libgcc.div
                0x00001a80       0x28 c:/program files (x86)/atmel/studio/7.0/toolchain/avr8/avr8-gnu-toolchain/bin/../lib/gcc/avr/5.4.0/avr6\libgcc.a(_divmodsi4.o)
                0x00001a80                __divmodsi4
 .text.libgcc.div
                0x00001aa8       0x10 c:/program files (x86)/atmel/studio/7.0/toolchain/avr8/avr8-gnu-toolchain/bin/../lib/gcc/avr/5.4.0/avr6\libgcc.a(_negsi2.o)
                0x00001aa8                __negsi2
 .text.libgcc.mul
                0x00001ab8       0x14 c:/program files (x86)/atmel/studio/7.0/toolchain/avr8/avr8-gnu-toolchain/bin/../lib/gcc/avr/5.4.0/avr6\libgcc.a(_muluhisi3.o)
                0x00001ab8                __muluhisi3
 .text.libgcc.mul
                0x00001acc        0xc c:/program files (x86)/atmel/studio/7.0/toolchain/avr8/avr8-gnu-toolchain/bin/../lib/gcc/avr/5.4.0/avr6\libgcc.a(_mulshisi3.o)
                0x00001acc                __mulshisi3
                0x00001ad0                __mulohisi3
 .text.libgcc.mul
                0x00001ad8       0x1e c:/program files (x86)/atmel/studio/7.0/toolchain/avr8/avr8-gnu-toolchain/bin/../lib/gcc/avr/5.4.0/avr6\libgcc.a(_umulhisi3.o)
                0x00001ad8                __umulhisi3
                0x00001af6                . = ALIGN (0x2)
 *(.fini9)
 .fini9         0x00001af6        0x0 c:/program files (x86)/atmel/studio/7.0/toolchain/avr8/avr8-gnu-toolchain/bin/../lib/gcc/avr/5.4.0/avr6\libgcc.a(_exit.o)
                0x00001af6                _exit
                0x00001af6                exit
 *(.fini9)
 *(.fini8)
 *(.fini8)
 *(.fini7)
 *(.fini7)
 *(.fini6)
 *(.fini6)
 *(.fini5)
 *(.fini5)
 *(.fini4)
 *(.fini4)
 *(.fini3)
 *(.fini3)
 *(.fini2)
 *(.fini2)
 *(.fini1)
 *(.fini1)
 *(.fini0)
 .fini0         0x00001af6        0x4 c:/program files (x86)/atmel/studio/7.0/toolchain/avr8/avr8-gnu-toolchain/bin/../lib/gcc/avr/5.4.0/avr6\libgcc.a(_exit.o)
 *(.fini0)
                0x00001afa                _etext = .

.data           0x00800200       0x78 load address 0x00001afa
                0x00800200                PROVIDE (__data_start, .)
 *(.data)
 .data          0x00800200        0x4 c:/program files (x86)/atmel/studio/7.0/toolchain/avr8/avr8-gnu-toolchain/bin/../lib/gcc/avr/5.4.0/../../../../avr/lib/avr6\libc.a(rand.o)
 *(.data*)
 .data.analog_reference
                0x00800204        0x1 C:\Users\user\Desktop\CI_Projects\Mega1\ArduinoCore\Debug\libArduinoCore.a(wiring_analog.o)
                0x00800204                analog_reference
 *(.gnu.linkonce.d*)
 *(.rodata)
 .rodata        0x00800205        0x9 C:\Users\user\Desktop\CI_Projects\Mega1\ArduinoCore\Debug\libArduinoCore.a(mcp2515.o)
 *(.rodata*)
 .rodata.str1.1
                0x0080020e        0xc Sketch.o
 .rodata.str1.1
                0x0080021a       0x41 stateHandlers.o
 .rodata._ZN7MCP25153RXBE
                0x0080025b        0x8 C:\Users\user\Desktop\CI_Projects\Mega1\ArduinoCore\Debug\libArduinoCore.a(mcp2515.o)
                0x0080025b                _ZN7MCP25153RXBE
 .rodata._ZN7MCP25153TXBE
                0x00800263        0x9 C:\Users\user\Desktop\CI_Projects\Mega1\ArduinoCore\Debug\libArduinoCore.a(mcp2515.o)
                0x00800263                _ZN7MCP25153TXBE
 .rodata._ZTV13LiquidCrystal
                0x0080026c        0xc C:\Users\user\Desktop\CI_Projects\Mega1\ArduinoCore\Debug\libArduinoCore.a(LiquidCrystal.o)
                0x0080026c                _ZTV13LiquidCrystal
 *(.gnu.linkonce.r*)
                0x00800278                . = ALIGN (0x2)
                0x00800278                _edata = .
                0x00800278                PROVIDE (__data_end, .)

.bss            0x00800278       0x56
                0x00800278                PROVIDE (__bss_start, .)
 *(.bss)
 *(.bss*)
 .bss.stateExit
                0x00800278        0x1 Sketch.o
                0x00800278                stateExit
 .bss.stateEntry
                0x00800279        0x1 Sketch.o
                0x00800279                stateEntry
 .bss.mainEvent
                0x0080027a        0x1 Sketch.o
                0x0080027a                mainEvent
 .bss.mainState
                0x0080027b        0x1 Sketch.o
                0x0080027b                mainState
 .bss.vote      0x0080027c        0x1 Sketch.o
                0x0080027c                vote
 *fill*         0x0080027d        0x3 
 .bss.voteFrame
                0x00800280       0x10 Sketch.o
                0x00800280                voteFrame
 .bss.responseFrame
                0x00800290       0x10 Sketch.o
                0x00800290                responseFrame
 .bss.deviceID  0x008002a0        0x1 Sketch.o
                0x008002a0                deviceID
 .bss.mcp2515   0x008002a1        0x7 Sketch.o
                0x008002a1                mcp2515
 .bss.lcd       0x008002a8       0x18 Sketch.o
                0x008002a8                lcd
 .bss.timer0_fract
                0x008002c0        0x1 C:\Users\user\Desktop\CI_Projects\Mega1\ArduinoCore\Debug\libArduinoCore.a(wiring.o)
 .bss.timer0_millis
                0x008002c1        0x4 C:\Users\user\Desktop\CI_Projects\Mega1\ArduinoCore\Debug\libArduinoCore.a(wiring.o)
                0x008002c1                timer0_millis
 .bss.timer0_overflow_count
                0x008002c5        0x4 C:\Users\user\Desktop\CI_Projects\Mega1\ArduinoCore\Debug\libArduinoCore.a(wiring.o)
                0x008002c5                timer0_overflow_count
 .bss._ZN8SPIClass13interruptSaveE
                0x008002c9        0x1 C:\Users\user\Desktop\CI_Projects\Mega1\ArduinoCore\Debug\libArduinoCore.a(SPI.o)
                0x008002c9                _ZN8SPIClass13interruptSaveE
 .bss._ZN8SPIClass13interruptMaskE
                0x008002ca        0x1 C:\Users\user\Desktop\CI_Projects\Mega1\ArduinoCore\Debug\libArduinoCore.a(SPI.o)
                0x008002ca                _ZN8SPIClass13interruptMaskE
 .bss._ZN8SPIClass13interruptModeE
                0x008002cb        0x1 C:\Users\user\Desktop\CI_Projects\Mega1\ArduinoCore\Debug\libArduinoCore.a(SPI.o)
                0x008002cb                _ZN8SPIClass13interruptModeE
 .bss._ZN8SPIClass11initializedE
                0x008002cc        0x1 C:\Users\user\Desktop\CI_Projects\Mega1\ArduinoCore\Debug\libArduinoCore.a(SPI.o)
                0x008002cc                _ZN8SPIClass11initializedE
 .bss.SPI       0x008002cd        0x1 C:\Users\user\Desktop\CI_Projects\Mega1\ArduinoCore\Debug\libArduinoCore.a(SPI.o)
                0x008002cd                SPI
 *(COMMON)
                0x008002ce                PROVIDE (__bss_end, .)
                0x00001afa                __data_load_start = LOADADDR (.data)
                0x00001b72                __data_load_end = (__data_load_start + SIZEOF (.data))

.noinit         0x008002ce        0x0
                [!provide]                PROVIDE (__noinit_start, .)
 *(.noinit*)
                [!provide]                PROVIDE (__noinit_end, .)
                0x008002ce                _end = .
                [!provide]                PROVIDE (__heap_start, .)

.eeprom         0x00810000        0x0
 *(.eeprom*)
                0x00810000                __eeprom_end = .

.fuse
 *(.fuse)
 *(.lfuse)
 *(.hfuse)
 *(.efuse)

.lock
 *(.lock*)

.signature
 *(.signature*)

.user_signatures
 *(.user_signatures*)

.stab
 *(.stab)

.stabstr
 *(.stabstr)

.stab.excl
 *(.stab.excl)

.stab.exclstr
 *(.stab.exclstr)

.stab.index
 *(.stab.index)

.stab.indexstr
 *(.stab.indexstr)

.comment        0x00000000       0x30
 *(.comment)
 .comment       0x00000000       0x30 BTN.o
                                 0x31 (size before relaxing)
 .comment       0x00000030       0x31 Sketch.o
 .comment       0x00000030       0x31 stateHandlers.o
 .comment       0x00000030       0x31 C:\Users\user\Desktop\CI_Projects\Mega1\ArduinoCore\Debug\libArduinoCore.a(main.o)
 .comment       0x00000030       0x31 C:\Users\user\Desktop\CI_Projects\Mega1\ArduinoCore\Debug\libArduinoCore.a(Print.o)
 .comment       0x00000030       0x31 C:\Users\user\Desktop\CI_Projects\Mega1\ArduinoCore\Debug\libArduinoCore.a(wiring.o)
 .comment       0x00000030       0x31 C:\Users\user\Desktop\CI_Projects\Mega1\ArduinoCore\Debug\libArduinoCore.a(wiring_analog.o)
 .comment       0x00000030       0x31 C:\Users\user\Desktop\CI_Projects\Mega1\ArduinoCore\Debug\libArduinoCore.a(wiring_digital.o)
 .comment       0x00000030       0x31 C:\Users\user\Desktop\CI_Projects\Mega1\ArduinoCore\Debug\libArduinoCore.a(mcp2515.o)
 .comment       0x00000030       0x31 C:\Users\user\Desktop\CI_Projects\Mega1\ArduinoCore\Debug\libArduinoCore.a(LiquidCrystal.o)
 .comment       0x00000030       0x31 C:\Users\user\Desktop\CI_Projects\Mega1\ArduinoCore\Debug\libArduinoCore.a(SPI.o)
 .comment       0x00000030       0x31 C:\Users\user\Desktop\CI_Projects\Mega1\ArduinoCore\Debug\libArduinoCore.a(hooks.o)
 .comment       0x00000030       0x31 c:/program files (x86)/atmel/studio/7.0/toolchain/avr8/avr8-gnu-toolchain/bin/../lib/gcc/avr/5.4.0/../../../../avr/lib/avr6\libc.a(rand.o)

.note.gnu.avr.deviceinfo
                0x00000000       0x40
 .note.gnu.avr.deviceinfo
                0x00000000       0x40 C:/Program Files (x86)/Atmel/Studio/7.0/Packs/atmel/ATmega_DFP/1.6.364/gcc/dev/atmega2560/avr6/crtatmega2560.o

.note.gnu.build-id
 *(.note.gnu.build-id)

.debug
 *(.debug)

.line
 *(.line)

.debug_srcinfo
 *(.debug_srcinfo)

.debug_sfnames
 *(.debug_sfnames)

.debug_aranges  0x00000000      0x548
 *(.debug_aranges)
 .debug_aranges
                0x00000000       0x20 BTN.o
 .debug_aranges
                0x00000020       0x58 Sketch.o
 .debug_aranges
                0x00000078       0x30 stateHandlers.o
 .debug_aranges
                0x000000a8       0x30 C:\Users\user\Desktop\CI_Projects\Mega1\ArduinoCore\Debug\libArduinoCore.a(main.o)
 .debug_aranges
                0x000000d8      0x100 C:\Users\user\Desktop\CI_Projects\Mega1\ArduinoCore\Debug\libArduinoCore.a(Print.o)
 .debug_aranges
                0x000001d8       0x48 C:\Users\user\Desktop\CI_Projects\Mega1\ArduinoCore\Debug\libArduinoCore.a(wiring.o)
 .debug_aranges
                0x00000220       0x30 C:\Users\user\Desktop\CI_Projects\Mega1\ArduinoCore\Debug\libArduinoCore.a(wiring_analog.o)
 .debug_aranges
                0x00000250       0x38 C:\Users\user\Desktop\CI_Projects\Mega1\ArduinoCore\Debug\libArduinoCore.a(wiring_digital.o)
 .debug_aranges
                0x00000288      0x158 C:\Users\user\Desktop\CI_Projects\Mega1\ArduinoCore\Debug\libArduinoCore.a(mcp2515.o)
 .debug_aranges
                0x000003e0      0x110 C:\Users\user\Desktop\CI_Projects\Mega1\ArduinoCore\Debug\libArduinoCore.a(LiquidCrystal.o)
 .debug_aranges
                0x000004f0       0x38 C:\Users\user\Desktop\CI_Projects\Mega1\ArduinoCore\Debug\libArduinoCore.a(SPI.o)
 .debug_aranges
                0x00000528       0x20 C:\Users\user\Desktop\CI_Projects\Mega1\ArduinoCore\Debug\libArduinoCore.a(hooks.o)

.debug_pubnames
 *(.debug_pubnames)

.debug_info     0x00000000     0xc4b8
 *(.debug_info .gnu.linkonce.wi.*)
 .debug_info    0x00000000      0xbbc C:/Program Files (x86)/Atmel/Studio/7.0/Packs/atmel/ATmega_DFP/1.6.364/gcc/dev/atmega2560/avr6/crtatmega2560.o
 .debug_info    0x00000bbc      0x2c3 BTN.o
 .debug_info    0x00000e7f     0x1692 Sketch.o
 .debug_info    0x00002511     0x1566 stateHandlers.o
 .debug_info    0x00003a77      0x295 C:\Users\user\Desktop\CI_Projects\Mega1\ArduinoCore\Debug\libArduinoCore.a(main.o)
 .debug_info    0x00003d0c     0x295d C:\Users\user\Desktop\CI_Projects\Mega1\ArduinoCore\Debug\libArduinoCore.a(Print.o)
 .debug_info    0x00006669      0x329 C:\Users\user\Desktop\CI_Projects\Mega1\ArduinoCore\Debug\libArduinoCore.a(wiring.o)
 .debug_info    0x00006992      0x2cd C:\Users\user\Desktop\CI_Projects\Mega1\ArduinoCore\Debug\libArduinoCore.a(wiring_analog.o)
 .debug_info    0x00006c5f      0x63a C:\Users\user\Desktop\CI_Projects\Mega1\ArduinoCore\Debug\libArduinoCore.a(wiring_digital.o)
 .debug_info    0x00007299     0x2ed9 C:\Users\user\Desktop\CI_Projects\Mega1\ArduinoCore\Debug\libArduinoCore.a(mcp2515.o)
 .debug_info    0x0000a172     0x1c3b C:\Users\user\Desktop\CI_Projects\Mega1\ArduinoCore\Debug\libArduinoCore.a(LiquidCrystal.o)
 .debug_info    0x0000bdad      0x6cd C:\Users\user\Desktop\CI_Projects\Mega1\ArduinoCore\Debug\libArduinoCore.a(SPI.o)
 .debug_info    0x0000c47a       0x3e C:\Users\user\Desktop\CI_Projects\Mega1\ArduinoCore\Debug\libArduinoCore.a(hooks.o)

.debug_abbrev   0x00000000     0x2999
 *(.debug_abbrev)
 .debug_abbrev  0x00000000      0xb1a C:/Program Files (x86)/Atmel/Studio/7.0/Packs/atmel/ATmega_DFP/1.6.364/gcc/dev/atmega2560/avr6/crtatmega2560.o
 .debug_abbrev  0x00000b1a      0x124 BTN.o
 .debug_abbrev  0x00000c3e      0x446 Sketch.o
 .debug_abbrev  0x00001084      0x396 stateHandlers.o
 .debug_abbrev  0x0000141a      0x12d C:\Users\user\Desktop\CI_Projects\Mega1\ArduinoCore\Debug\libArduinoCore.a(main.o)
 .debug_abbrev  0x00001547      0x47a C:\Users\user\Desktop\CI_Projects\Mega1\ArduinoCore\Debug\libArduinoCore.a(Print.o)
 .debug_abbrev  0x000019c1      0x146 C:\Users\user\Desktop\CI_Projects\Mega1\ArduinoCore\Debug\libArduinoCore.a(wiring.o)
 .debug_abbrev  0x00001b07      0x17a C:\Users\user\Desktop\CI_Projects\Mega1\ArduinoCore\Debug\libArduinoCore.a(wiring_analog.o)
 .debug_abbrev  0x00001c81      0x15a C:\Users\user\Desktop\CI_Projects\Mega1\ArduinoCore\Debug\libArduinoCore.a(wiring_digital.o)
 .debug_abbrev  0x00001ddb      0x5ac C:\Users\user\Desktop\CI_Projects\Mega1\ArduinoCore\Debug\libArduinoCore.a(mcp2515.o)
 .debug_abbrev  0x00002387      0x365 C:\Users\user\Desktop\CI_Projects\Mega1\ArduinoCore\Debug\libArduinoCore.a(LiquidCrystal.o)
 .debug_abbrev  0x000026ec      0x283 C:\Users\user\Desktop\CI_Projects\Mega1\ArduinoCore\Debug\libArduinoCore.a(SPI.o)
 .debug_abbrev  0x0000296f       0x2a C:\Users\user\Desktop\CI_Projects\Mega1\ArduinoCore\Debug\libArduinoCore.a(hooks.o)

.debug_line     0x00000000     0x34a8
 *(.debug_line .debug_line.* .debug_line_end)
 .debug_line    0x00000000      0x1fa C:/Program Files (x86)/Atmel/Studio/7.0/Packs/atmel/ATmega_DFP/1.6.364/gcc/dev/atmega2560/avr6/crtatmega2560.o
 .debug_line    0x000001fa      0x15b BTN.o
 .debug_line    0x00000355      0x390 Sketch.o
 .debug_line    0x000006e5      0x44a stateHandlers.o
 .debug_line    0x00000b2f      0x161 C:\Users\user\Desktop\CI_Projects\Mega1\ArduinoCore\Debug\libArduinoCore.a(main.o)
 .debug_line    0x00000c90      0x681 C:\Users\user\Desktop\CI_Projects\Mega1\ArduinoCore\Debug\libArduinoCore.a(Print.o)
 .debug_line    0x00001311      0x2cb C:\Users\user\Desktop\CI_Projects\Mega1\ArduinoCore\Debug\libArduinoCore.a(wiring.o)
 .debug_line    0x000015dc      0x2c4 C:\Users\user\Desktop\CI_Projects\Mega1\ArduinoCore\Debug\libArduinoCore.a(wiring_analog.o)
 .debug_line    0x000018a0      0x284 C:\Users\user\Desktop\CI_Projects\Mega1\ArduinoCore\Debug\libArduinoCore.a(wiring_digital.o)
 .debug_line    0x00001b24      0xd34 C:\Users\user\Desktop\CI_Projects\Mega1\ArduinoCore\Debug\libArduinoCore.a(mcp2515.o)
 .debug_line    0x00002858      0x924 C:\Users\user\Desktop\CI_Projects\Mega1\ArduinoCore\Debug\libArduinoCore.a(LiquidCrystal.o)
 .debug_line    0x0000317c      0x2eb C:\Users\user\Desktop\CI_Projects\Mega1\ArduinoCore\Debug\libArduinoCore.a(SPI.o)
 .debug_line    0x00003467       0x41 C:\Users\user\Desktop\CI_Projects\Mega1\ArduinoCore\Debug\libArduinoCore.a(hooks.o)

.debug_frame    0x00000000      0xfd8
 *(.debug_frame)
 .debug_frame   0x00000000       0x24 BTN.o
 .debug_frame   0x00000024       0xa8 Sketch.o
 .debug_frame   0x000000cc       0x44 stateHandlers.o
 .debug_frame   0x00000110       0x54 C:\Users\user\Desktop\CI_Projects\Mega1\ArduinoCore\Debug\libArduinoCore.a(main.o)
 .debug_frame   0x00000164      0x3ac C:\Users\user\Desktop\CI_Projects\Mega1\ArduinoCore\Debug\libArduinoCore.a(Print.o)
 .debug_frame   0x00000510       0xc4 C:\Users\user\Desktop\CI_Projects\Mega1\ArduinoCore\Debug\libArduinoCore.a(wiring.o)
 .debug_frame   0x000005d4       0x54 C:\Users\user\Desktop\CI_Projects\Mega1\ArduinoCore\Debug\libArduinoCore.a(wiring_analog.o)
 .debug_frame   0x00000628       0x7c C:\Users\user\Desktop\CI_Projects\Mega1\ArduinoCore\Debug\libArduinoCore.a(wiring_digital.o)
 .debug_frame   0x000006a4      0x560 C:\Users\user\Desktop\CI_Projects\Mega1\ArduinoCore\Debug\libArduinoCore.a(mcp2515.o)
 .debug_frame   0x00000c04      0x354 C:\Users\user\Desktop\CI_Projects\Mega1\ArduinoCore\Debug\libArduinoCore.a(LiquidCrystal.o)
 .debug_frame   0x00000f58       0x5c C:\Users\user\Desktop\CI_Projects\Mega1\ArduinoCore\Debug\libArduinoCore.a(SPI.o)
 .debug_frame   0x00000fb4       0x24 C:\Users\user\Desktop\CI_Projects\Mega1\ArduinoCore\Debug\libArduinoCore.a(hooks.o)

.debug_str      0x00000000     0x3809
 *(.debug_str)
 .debug_str     0x00000000      0x3e6 C:/Program Files (x86)/Atmel/Studio/7.0/Packs/atmel/ATmega_DFP/1.6.364/gcc/dev/atmega2560/avr6/crtatmega2560.o
 .debug_str     0x000003e6      0x303 BTN.o
                                0x343 (size before relaxing)
 .debug_str     0x000006e9     0x14e4 Sketch.o
                               0x1888 (size before relaxing)
 .debug_str     0x00001bcd       0x3c stateHandlers.o
                               0x1766 (size before relaxing)
 .debug_str     0x00001c09       0x99 C:\Users\user\Desktop\CI_Projects\Mega1\ArduinoCore\Debug\libArduinoCore.a(main.o)
                                0x2a1 (size before relaxing)
 .debug_str     0x00001ca2      0xf22 C:\Users\user\Desktop\CI_Projects\Mega1\ArduinoCore\Debug\libArduinoCore.a(Print.o)
                               0x122f (size before relaxing)
 .debug_str     0x00002bc4      0x15b C:\Users\user\Desktop\CI_Projects\Mega1\ArduinoCore\Debug\libArduinoCore.a(wiring.o)
                                0x237 (size before relaxing)
 .debug_str     0x00002d1f       0x7c C:\Users\user\Desktop\CI_Projects\Mega1\ArduinoCore\Debug\libArduinoCore.a(wiring_analog.o)
                                0x23b (size before relaxing)
 .debug_str     0x00002d9b       0xa9 C:\Users\user\Desktop\CI_Projects\Mega1\ArduinoCore\Debug\libArduinoCore.a(wiring_digital.o)
                                0x29c (size before relaxing)
 .debug_str     0x00002e44      0x351 C:\Users\user\Desktop\CI_Projects\Mega1\ArduinoCore\Debug\libArduinoCore.a(mcp2515.o)
                               0x18d2 (size before relaxing)
 .debug_str     0x00003195      0x5b9 C:\Users\user\Desktop\CI_Projects\Mega1\ArduinoCore\Debug\libArduinoCore.a(LiquidCrystal.o)
                                0x936 (size before relaxing)
 .debug_str     0x0000374e       0x9f C:\Users\user\Desktop\CI_Projects\Mega1\ArduinoCore\Debug\libArduinoCore.a(SPI.o)
                                0x69a (size before relaxing)
 .debug_str     0x000037ed       0x1c C:\Users\user\Desktop\CI_Projects\Mega1\ArduinoCore\Debug\libArduinoCore.a(hooks.o)
                                0x12c (size before relaxing)

.debug_loc      0x00000000     0x6edd
 *(.debug_loc)
 .debug_loc     0x00000000       0x74 BTN.o
 .debug_loc     0x00000074       0x72 Sketch.o
 .debug_loc     0x000000e6     0x1c87 C:\Users\user\Desktop\CI_Projects\Mega1\ArduinoCore\Debug\libArduinoCore.a(Print.o)
 .debug_loc     0x00001d6d      0x28d C:\Users\user\Desktop\CI_Projects\Mega1\ArduinoCore\Debug\libArduinoCore.a(wiring.o)
 .debug_loc     0x00001ffa      0x11c C:\Users\user\Desktop\CI_Projects\Mega1\ArduinoCore\Debug\libArduinoCore.a(wiring_analog.o)
 .debug_loc     0x00002116      0x56b C:\Users\user\Desktop\CI_Projects\Mega1\ArduinoCore\Debug\libArduinoCore.a(wiring_digital.o)
 .debug_loc     0x00002681     0x2bfe C:\Users\user\Desktop\CI_Projects\Mega1\ArduinoCore\Debug\libArduinoCore.a(mcp2515.o)
 .debug_loc     0x0000527f     0x1a6e C:\Users\user\Desktop\CI_Projects\Mega1\ArduinoCore\Debug\libArduinoCore.a(LiquidCrystal.o)
 .debug_loc     0x00006ced      0x1f0 C:\Users\user\Desktop\CI_Projects\Mega1\ArduinoCore\Debug\libArduinoCore.a(SPI.o)

.debug_macinfo
 *(.debug_macinfo)

.debug_weaknames
 *(.debug_weaknames)

.debug_funcnames
 *(.debug_funcnames)

.debug_typenames
 *(.debug_typenames)

.debug_varnames
 *(.debug_varnames)

.debug_pubtypes
 *(.debug_pubtypes)

.debug_ranges   0x00000000      0x568
 *(.debug_ranges)
 .debug_ranges  0x00000000       0x10 BTN.o
 .debug_ranges  0x00000010       0x48 Sketch.o
 .debug_ranges  0x00000058       0x20 stateHandlers.o
 .debug_ranges  0x00000078       0x20 C:\Users\user\Desktop\CI_Projects\Mega1\ArduinoCore\Debug\libArduinoCore.a(main.o)
 .debug_ranges  0x00000098      0x120 C:\Users\user\Desktop\CI_Projects\Mega1\ArduinoCore\Debug\libArduinoCore.a(Print.o)
 .debug_ranges  0x000001b8       0x38 C:\Users\user\Desktop\CI_Projects\Mega1\ArduinoCore\Debug\libArduinoCore.a(wiring.o)
 .debug_ranges  0x000001f0       0x20 C:\Users\user\Desktop\CI_Projects\Mega1\ArduinoCore\Debug\libArduinoCore.a(wiring_analog.o)
 .debug_ranges  0x00000210       0x28 C:\Users\user\Desktop\CI_Projects\Mega1\ArduinoCore\Debug\libArduinoCore.a(wiring_digital.o)
 .debug_ranges  0x00000238      0x180 C:\Users\user\Desktop\CI_Projects\Mega1\ArduinoCore\Debug\libArduinoCore.a(mcp2515.o)
 .debug_ranges  0x000003b8      0x178 C:\Users\user\Desktop\CI_Projects\Mega1\ArduinoCore\Debug\libArduinoCore.a(LiquidCrystal.o)
 .debug_ranges  0x00000530       0x28 C:\Users\user\Desktop\CI_Projects\Mega1\ArduinoCore\Debug\libArduinoCore.a(SPI.o)
 .debug_ranges  0x00000558       0x10 C:\Users\user\Desktop\CI_Projects\Mega1\ArduinoCore\Debug\libArduinoCore.a(hooks.o)

.debug_macro
 *(.debug_macro)
OUTPUT(VotingKeypad.elf elf32-avr)
LOAD linker stubs
