Archive member included to satisfy reference by file (symbol)

C:\Users\user\Desktop\CI_Projects\VotingGateway\ArduinoCore\Debug\libArduinoCore.a(HardwareSerial.o)
                              Sketch.o (_ZN14HardwareSerial9availableEv)
C:\Users\user\Desktop\CI_Projects\VotingGateway\ArduinoCore\Debug\libArduinoCore.a(HardwareSerial0.o)
                              Sketch.o (Serial)
C:\Users\user\Desktop\CI_Projects\VotingGateway\ArduinoCore\Debug\libArduinoCore.a(main.o)
                              C:/Program Files (x86)/Atmel/Studio/7.0/Packs/atmel/ATmega_DFP/1.6.364/gcc/dev/atmega328p/avr5/crtatmega328p.o (main)
C:\Users\user\Desktop\CI_Projects\VotingGateway\ArduinoCore\Debug\libArduinoCore.a(Print.o)
                              C:\Users\user\Desktop\CI_Projects\VotingGateway\ArduinoCore\Debug\libArduinoCore.a(HardwareSerial.o) (_ZN5Print5writeEPKhj)
C:\Users\user\Desktop\CI_Projects\VotingGateway\ArduinoCore\Debug\libArduinoCore.a(wiring.o)
                              stateHandlers.o (millis)
C:\Users\user\Desktop\CI_Projects\VotingGateway\ArduinoCore\Debug\libArduinoCore.a(mcp2515.o)
                              Sketch.o (_ZN7MCP2515C1EhmP8SPIClass)
C:\Users\user\Desktop\CI_Projects\VotingGateway\ArduinoCore\Debug\libArduinoCore.a(SPI.o)
                              C:\Users\user\Desktop\CI_Projects\VotingGateway\ArduinoCore\Debug\libArduinoCore.a(mcp2515.o) (_ZN8SPIClass5beginEv)
C:\Users\user\Desktop\CI_Projects\VotingGateway\ArduinoCore\Debug\libArduinoCore.a(abi.o)
                              C:\Users\user\Desktop\CI_Projects\VotingGateway\ArduinoCore\Debug\libArduinoCore.a(Print.o) (__cxa_pure_virtual)
C:\Users\user\Desktop\CI_Projects\VotingGateway\ArduinoCore\Debug\libArduinoCore.a(hooks.o)
                              C:\Users\user\Desktop\CI_Projects\VotingGateway\ArduinoCore\Debug\libArduinoCore.a(wiring.o) (yield)
C:\Users\user\Desktop\CI_Projects\VotingGateway\ArduinoCore\Debug\libArduinoCore.a(wiring_digital.o)
                              C:\Users\user\Desktop\CI_Projects\VotingGateway\ArduinoCore\Debug\libArduinoCore.a(mcp2515.o) (pinMode)
c:/program files (x86)/atmel/studio/7.0/toolchain/avr8/avr8-gnu-toolchain/bin/../lib/gcc/avr/5.4.0/../../../../avr/lib/avr5\libm.a(addsf3.o)
                              C:\Users\user\Desktop\CI_Projects\VotingGateway\ArduinoCore\Debug\libArduinoCore.a(Print.o) (__subsf3)
c:/program files (x86)/atmel/studio/7.0/toolchain/avr8/avr8-gnu-toolchain/bin/../lib/gcc/avr/5.4.0/../../../../avr/lib/avr5\libm.a(addsf3x.o)
                              c:/program files (x86)/atmel/studio/7.0/toolchain/avr8/avr8-gnu-toolchain/bin/../lib/gcc/avr/5.4.0/../../../../avr/lib/avr5\libm.a(addsf3.o) (__addsf3x)
c:/program files (x86)/atmel/studio/7.0/toolchain/avr8/avr8-gnu-toolchain/bin/../lib/gcc/avr/5.4.0/../../../../avr/lib/avr5\libm.a(cmpsf2.o)
                              C:\Users\user\Desktop\CI_Projects\VotingGateway\ArduinoCore\Debug\libArduinoCore.a(Print.o) (__ltsf2)
c:/program files (x86)/atmel/studio/7.0/toolchain/avr8/avr8-gnu-toolchain/bin/../lib/gcc/avr/5.4.0/../../../../avr/lib/avr5\libm.a(divsf3.o)
                              C:\Users\user\Desktop\CI_Projects\VotingGateway\ArduinoCore\Debug\libArduinoCore.a(Print.o) (__divsf3)
c:/program files (x86)/atmel/studio/7.0/toolchain/avr8/avr8-gnu-toolchain/bin/../lib/gcc/avr/5.4.0/../../../../avr/lib/avr5\libm.a(divsf3x.o)
                              c:/program files (x86)/atmel/studio/7.0/toolchain/avr8/avr8-gnu-toolchain/bin/../lib/gcc/avr/5.4.0/../../../../avr/lib/avr5\libm.a(divsf3.o) (__divsf3x)
c:/program files (x86)/atmel/studio/7.0/toolchain/avr8/avr8-gnu-toolchain/bin/../lib/gcc/avr/5.4.0/../../../../avr/lib/avr5\libm.a(fixunssfsi.o)
                              C:\Users\user\Desktop\CI_Projects\VotingGateway\ArduinoCore\Debug\libArduinoCore.a(Print.o) (__fixunssfsi)
c:/program files (x86)/atmel/studio/7.0/toolchain/avr8/avr8-gnu-toolchain/bin/../lib/gcc/avr/5.4.0/../../../../avr/lib/avr5\libm.a(floatsisf.o)
                              C:\Users\user\Desktop\CI_Projects\VotingGateway\ArduinoCore\Debug\libArduinoCore.a(Print.o) (__floatunsisf)
c:/program files (x86)/atmel/studio/7.0/toolchain/avr8/avr8-gnu-toolchain/bin/../lib/gcc/avr/5.4.0/../../../../avr/lib/avr5\libm.a(fp_cmp.o)
                              c:/program files (x86)/atmel/studio/7.0/toolchain/avr8/avr8-gnu-toolchain/bin/../lib/gcc/avr/5.4.0/../../../../avr/lib/avr5\libm.a(cmpsf2.o) (__fp_cmp)
c:/program files (x86)/atmel/studio/7.0/toolchain/avr8/avr8-gnu-toolchain/bin/../lib/gcc/avr/5.4.0/../../../../avr/lib/avr5\libm.a(fp_inf.o)
                              c:/program files (x86)/atmel/studio/7.0/toolchain/avr8/avr8-gnu-toolchain/bin/../lib/gcc/avr/5.4.0/../../../../avr/lib/avr5\libm.a(addsf3x.o) (__fp_inf)
c:/program files (x86)/atmel/studio/7.0/toolchain/avr8/avr8-gnu-toolchain/bin/../lib/gcc/avr/5.4.0/../../../../avr/lib/avr5\libm.a(fp_nan.o)
                              c:/program files (x86)/atmel/studio/7.0/toolchain/avr8/avr8-gnu-toolchain/bin/../lib/gcc/avr/5.4.0/../../../../avr/lib/avr5\libm.a(addsf3x.o) (__fp_nan)
c:/program files (x86)/atmel/studio/7.0/toolchain/avr8/avr8-gnu-toolchain/bin/../lib/gcc/avr/5.4.0/../../../../avr/lib/avr5\libm.a(fp_pscA.o)
                              c:/program files (x86)/atmel/studio/7.0/toolchain/avr8/avr8-gnu-toolchain/bin/../lib/gcc/avr/5.4.0/../../../../avr/lib/avr5\libm.a(addsf3x.o) (__fp_pscA)
c:/program files (x86)/atmel/studio/7.0/toolchain/avr8/avr8-gnu-toolchain/bin/../lib/gcc/avr/5.4.0/../../../../avr/lib/avr5\libm.a(fp_pscB.o)
                              c:/program files (x86)/atmel/studio/7.0/toolchain/avr8/avr8-gnu-toolchain/bin/../lib/gcc/avr/5.4.0/../../../../avr/lib/avr5\libm.a(addsf3x.o) (__fp_pscB)
c:/program files (x86)/atmel/studio/7.0/toolchain/avr8/avr8-gnu-toolchain/bin/../lib/gcc/avr/5.4.0/../../../../avr/lib/avr5\libm.a(fp_round.o)
                              c:/program files (x86)/atmel/studio/7.0/toolchain/avr8/avr8-gnu-toolchain/bin/../lib/gcc/avr/5.4.0/../../../../avr/lib/avr5\libm.a(addsf3.o) (__fp_round)
c:/program files (x86)/atmel/studio/7.0/toolchain/avr8/avr8-gnu-toolchain/bin/../lib/gcc/avr/5.4.0/../../../../avr/lib/avr5\libm.a(fp_split3.o)
                              c:/program files (x86)/atmel/studio/7.0/toolchain/avr8/avr8-gnu-toolchain/bin/../lib/gcc/avr/5.4.0/../../../../avr/lib/avr5\libm.a(addsf3x.o) (__fp_split3)
c:/program files (x86)/atmel/studio/7.0/toolchain/avr8/avr8-gnu-toolchain/bin/../lib/gcc/avr/5.4.0/../../../../avr/lib/avr5\libm.a(fp_zero.o)
                              c:/program files (x86)/atmel/studio/7.0/toolchain/avr8/avr8-gnu-toolchain/bin/../lib/gcc/avr/5.4.0/../../../../avr/lib/avr5\libm.a(addsf3x.o) (__fp_zero)
c:/program files (x86)/atmel/studio/7.0/toolchain/avr8/avr8-gnu-toolchain/bin/../lib/gcc/avr/5.4.0/../../../../avr/lib/avr5\libm.a(gesf2.o)
                              C:\Users\user\Desktop\CI_Projects\VotingGateway\ArduinoCore\Debug\libArduinoCore.a(Print.o) (__gtsf2)
c:/program files (x86)/atmel/studio/7.0/toolchain/avr8/avr8-gnu-toolchain/bin/../lib/gcc/avr/5.4.0/../../../../avr/lib/avr5\libm.a(mulsf3.o)
                              C:\Users\user\Desktop\CI_Projects\VotingGateway\ArduinoCore\Debug\libArduinoCore.a(Print.o) (__mulsf3)
c:/program files (x86)/atmel/studio/7.0/toolchain/avr8/avr8-gnu-toolchain/bin/../lib/gcc/avr/5.4.0/../../../../avr/lib/avr5\libm.a(mulsf3x.o)
                              c:/program files (x86)/atmel/studio/7.0/toolchain/avr8/avr8-gnu-toolchain/bin/../lib/gcc/avr/5.4.0/../../../../avr/lib/avr5\libm.a(mulsf3.o) (__mulsf3x)
c:/program files (x86)/atmel/studio/7.0/toolchain/avr8/avr8-gnu-toolchain/bin/../lib/gcc/avr/5.4.0/../../../../avr/lib/avr5\libm.a(unordsf2.o)
                              C:\Users\user\Desktop\CI_Projects\VotingGateway\ArduinoCore\Debug\libArduinoCore.a(Print.o) (__unordsf2)
c:/program files (x86)/atmel/studio/7.0/toolchain/avr8/avr8-gnu-toolchain/bin/../lib/gcc/avr/5.4.0/avr5\libgcc.a(_udivmodsi4.o)
                              C:\Users\user\Desktop\CI_Projects\VotingGateway\ArduinoCore\Debug\libArduinoCore.a(HardwareSerial.o) (__udivmodsi4)
c:/program files (x86)/atmel/studio/7.0/toolchain/avr8/avr8-gnu-toolchain/bin/../lib/gcc/avr/5.4.0/avr5\libgcc.a(_exit.o)
                              C:/Program Files (x86)/Atmel/Studio/7.0/Packs/atmel/ATmega_DFP/1.6.364/gcc/dev/atmega328p/avr5/crtatmega328p.o (exit)
c:/program files (x86)/atmel/studio/7.0/toolchain/avr8/avr8-gnu-toolchain/bin/../lib/gcc/avr/5.4.0/avr5\libgcc.a(_tablejump2.o)
                              C:\Users\user\Desktop\CI_Projects\VotingGateway\ArduinoCore\Debug\libArduinoCore.a(mcp2515.o) (__tablejump2__)
c:/program files (x86)/atmel/studio/7.0/toolchain/avr8/avr8-gnu-toolchain/bin/../lib/gcc/avr/5.4.0/avr5\libgcc.a(_copy_data.o)
                              stateHandlers.o (__do_copy_data)
c:/program files (x86)/atmel/studio/7.0/toolchain/avr8/avr8-gnu-toolchain/bin/../lib/gcc/avr/5.4.0/avr5\libgcc.a(_clear_bss.o)
                              Sketch.o (__do_clear_bss)
c:/program files (x86)/atmel/studio/7.0/toolchain/avr8/avr8-gnu-toolchain/bin/../lib/gcc/avr/5.4.0/avr5\libgcc.a(_ctors.o)
                              Sketch.o (__do_global_ctors)
c:/program files (x86)/atmel/studio/7.0/toolchain/avr8/avr8-gnu-toolchain/bin/../lib/gcc/avr/5.4.0/../../../../avr/lib/avr5\libc.a(abort.o)
                              C:\Users\user\Desktop\CI_Projects\VotingGateway\ArduinoCore\Debug\libArduinoCore.a(abi.o) (abort)
c:/program files (x86)/atmel/studio/7.0/toolchain/avr8/avr8-gnu-toolchain/bin/../lib/gcc/avr/5.4.0/../../../../avr/lib/avr5\libc.a(memcpy.o)
                              C:\Users\user\Desktop\CI_Projects\VotingGateway\ArduinoCore\Debug\libArduinoCore.a(mcp2515.o) (memcpy)

Discarded input sections

 .data          0x00000000        0x0 C:/Program Files (x86)/Atmel/Studio/7.0/Packs/atmel/ATmega_DFP/1.6.364/gcc/dev/atmega328p/avr5/crtatmega328p.o
 .bss           0x00000000        0x0 C:/Program Files (x86)/Atmel/Studio/7.0/Packs/atmel/ATmega_DFP/1.6.364/gcc/dev/atmega328p/avr5/crtatmega328p.o
 .text          0x00000000        0x0 Sketch.o
 .data          0x00000000        0x0 Sketch.o
 .bss           0x00000000        0x0 Sketch.o
 .text          0x00000000        0x0 stateHandlers.o
 .data          0x00000000        0x0 stateHandlers.o
 .bss           0x00000000        0x0 stateHandlers.o
 .group         0x00000000        0x8 C:\Users\user\Desktop\CI_Projects\VotingGateway\ArduinoCore\Debug\libArduinoCore.a(HardwareSerial.o)
 .text          0x00000000        0x0 C:\Users\user\Desktop\CI_Projects\VotingGateway\ArduinoCore\Debug\libArduinoCore.a(HardwareSerial.o)
 .data          0x00000000        0x0 C:\Users\user\Desktop\CI_Projects\VotingGateway\ArduinoCore\Debug\libArduinoCore.a(HardwareSerial.o)
 .bss           0x00000000        0x0 C:\Users\user\Desktop\CI_Projects\VotingGateway\ArduinoCore\Debug\libArduinoCore.a(HardwareSerial.o)
 .text._ZN14HardwareSerial3endEv
                0x00000000       0x44 C:\Users\user\Desktop\CI_Projects\VotingGateway\ArduinoCore\Debug\libArduinoCore.a(HardwareSerial.o)
 .group         0x00000000        0x8 C:\Users\user\Desktop\CI_Projects\VotingGateway\ArduinoCore\Debug\libArduinoCore.a(HardwareSerial0.o)
 .group         0x00000000        0x8 C:\Users\user\Desktop\CI_Projects\VotingGateway\ArduinoCore\Debug\libArduinoCore.a(HardwareSerial0.o)
 .text          0x00000000        0x0 C:\Users\user\Desktop\CI_Projects\VotingGateway\ArduinoCore\Debug\libArduinoCore.a(HardwareSerial0.o)
 .data          0x00000000        0x0 C:\Users\user\Desktop\CI_Projects\VotingGateway\ArduinoCore\Debug\libArduinoCore.a(HardwareSerial0.o)
 .bss           0x00000000        0x0 C:\Users\user\Desktop\CI_Projects\VotingGateway\ArduinoCore\Debug\libArduinoCore.a(HardwareSerial0.o)
 .text._ZN5Print17availableForWriteEv
                0x00000000        0x6 C:\Users\user\Desktop\CI_Projects\VotingGateway\ArduinoCore\Debug\libArduinoCore.a(HardwareSerial0.o)
 .text._ZN5Print5flushEv
                0x00000000        0x2 C:\Users\user\Desktop\CI_Projects\VotingGateway\ArduinoCore\Debug\libArduinoCore.a(HardwareSerial0.o)
 .text          0x00000000        0x0 C:\Users\user\Desktop\CI_Projects\VotingGateway\ArduinoCore\Debug\libArduinoCore.a(main.o)
 .data          0x00000000        0x0 C:\Users\user\Desktop\CI_Projects\VotingGateway\ArduinoCore\Debug\libArduinoCore.a(main.o)
 .bss           0x00000000        0x0 C:\Users\user\Desktop\CI_Projects\VotingGateway\ArduinoCore\Debug\libArduinoCore.a(main.o)
 .text.atexit   0x00000000        0x6 C:\Users\user\Desktop\CI_Projects\VotingGateway\ArduinoCore\Debug\libArduinoCore.a(main.o)
 .text._Z8setupUSBv
                0x00000000        0x2 C:\Users\user\Desktop\CI_Projects\VotingGateway\ArduinoCore\Debug\libArduinoCore.a(main.o)
 .group         0x00000000        0x8 C:\Users\user\Desktop\CI_Projects\VotingGateway\ArduinoCore\Debug\libArduinoCore.a(Print.o)
 .group         0x00000000        0x8 C:\Users\user\Desktop\CI_Projects\VotingGateway\ArduinoCore\Debug\libArduinoCore.a(Print.o)
 .group         0x00000000        0x8 C:\Users\user\Desktop\CI_Projects\VotingGateway\ArduinoCore\Debug\libArduinoCore.a(Print.o)
 .group         0x00000000        0x8 C:\Users\user\Desktop\CI_Projects\VotingGateway\ArduinoCore\Debug\libArduinoCore.a(Print.o)
 .text          0x00000000        0x0 C:\Users\user\Desktop\CI_Projects\VotingGateway\ArduinoCore\Debug\libArduinoCore.a(Print.o)
 .data          0x00000000        0x0 C:\Users\user\Desktop\CI_Projects\VotingGateway\ArduinoCore\Debug\libArduinoCore.a(Print.o)
 .bss           0x00000000        0x0 C:\Users\user\Desktop\CI_Projects\VotingGateway\ArduinoCore\Debug\libArduinoCore.a(Print.o)
 .text._ZN5Print17availableForWriteEv
                0x00000000        0x6 C:\Users\user\Desktop\CI_Projects\VotingGateway\ArduinoCore\Debug\libArduinoCore.a(Print.o)
 .text._ZN5Print5flushEv
                0x00000000        0x2 C:\Users\user\Desktop\CI_Projects\VotingGateway\ArduinoCore\Debug\libArduinoCore.a(Print.o)
 .text._ZN5Print5printEPK19__FlashStringHelper
                0x00000000       0x48 C:\Users\user\Desktop\CI_Projects\VotingGateway\ArduinoCore\Debug\libArduinoCore.a(Print.o)
 .text._ZN5Print5printERK6String
                0x00000000       0x1c C:\Users\user\Desktop\CI_Projects\VotingGateway\ArduinoCore\Debug\libArduinoCore.a(Print.o)
 .text._ZN5Print5printEc
                0x00000000        0xe C:\Users\user\Desktop\CI_Projects\VotingGateway\ArduinoCore\Debug\libArduinoCore.a(Print.o)
 .text._ZN5Print5printERK9Printable
                0x00000000       0x14 C:\Users\user\Desktop\CI_Projects\VotingGateway\ArduinoCore\Debug\libArduinoCore.a(Print.o)
 .text._ZN5Print7printlnEPK19__FlashStringHelper
                0x00000000       0x24 C:\Users\user\Desktop\CI_Projects\VotingGateway\ArduinoCore\Debug\libArduinoCore.a(Print.o)
 .text._ZN5Print7printlnERK6String
                0x00000000       0x24 C:\Users\user\Desktop\CI_Projects\VotingGateway\ArduinoCore\Debug\libArduinoCore.a(Print.o)
 .text._ZN5Print7printlnEPKc
                0x00000000       0x24 C:\Users\user\Desktop\CI_Projects\VotingGateway\ArduinoCore\Debug\libArduinoCore.a(Print.o)
 .text._ZN5Print7printlnEc
                0x00000000       0x24 C:\Users\user\Desktop\CI_Projects\VotingGateway\ArduinoCore\Debug\libArduinoCore.a(Print.o)
 .text._ZN5Print7printlnERK9Printable
                0x00000000       0x24 C:\Users\user\Desktop\CI_Projects\VotingGateway\ArduinoCore\Debug\libArduinoCore.a(Print.o)
 .text._ZN5Print7printlnEhi
                0x00000000       0x24 C:\Users\user\Desktop\CI_Projects\VotingGateway\ArduinoCore\Debug\libArduinoCore.a(Print.o)
 .text._ZN5Print5printEji
                0x00000000        0xc C:\Users\user\Desktop\CI_Projects\VotingGateway\ArduinoCore\Debug\libArduinoCore.a(Print.o)
 .text._ZN5Print7printlnEji
                0x00000000       0x24 C:\Users\user\Desktop\CI_Projects\VotingGateway\ArduinoCore\Debug\libArduinoCore.a(Print.o)
 .text._ZN5Print7printlnEmi
                0x00000000       0x24 C:\Users\user\Desktop\CI_Projects\VotingGateway\ArduinoCore\Debug\libArduinoCore.a(Print.o)
 .text._ZN5Print5printEli
                0x00000000       0x90 C:\Users\user\Desktop\CI_Projects\VotingGateway\ArduinoCore\Debug\libArduinoCore.a(Print.o)
 .text._ZN5Print5printEii
                0x00000000        0xe C:\Users\user\Desktop\CI_Projects\VotingGateway\ArduinoCore\Debug\libArduinoCore.a(Print.o)
 .text._ZN5Print7printlnEii
                0x00000000       0x24 C:\Users\user\Desktop\CI_Projects\VotingGateway\ArduinoCore\Debug\libArduinoCore.a(Print.o)
 .text._ZN5Print7printlnEli
                0x00000000       0x24 C:\Users\user\Desktop\CI_Projects\VotingGateway\ArduinoCore\Debug\libArduinoCore.a(Print.o)
 .text._ZN5Print10printFloatEdh
                0x00000000      0x1b6 C:\Users\user\Desktop\CI_Projects\VotingGateway\ArduinoCore\Debug\libArduinoCore.a(Print.o)
 .text._ZN5Print5printEdi
                0x00000000        0x4 C:\Users\user\Desktop\CI_Projects\VotingGateway\ArduinoCore\Debug\libArduinoCore.a(Print.o)
 .text._ZN5Print7printlnEdi
                0x00000000       0x24 C:\Users\user\Desktop\CI_Projects\VotingGateway\ArduinoCore\Debug\libArduinoCore.a(Print.o)
 .rodata._ZTV5Print
                0x00000000        0xc C:\Users\user\Desktop\CI_Projects\VotingGateway\ArduinoCore\Debug\libArduinoCore.a(Print.o)
 .text          0x00000000        0x0 C:\Users\user\Desktop\CI_Projects\VotingGateway\ArduinoCore\Debug\libArduinoCore.a(wiring.o)
 .data          0x00000000        0x0 C:\Users\user\Desktop\CI_Projects\VotingGateway\ArduinoCore\Debug\libArduinoCore.a(wiring.o)
 .bss           0x00000000        0x0 C:\Users\user\Desktop\CI_Projects\VotingGateway\ArduinoCore\Debug\libArduinoCore.a(wiring.o)
 .text.delayMicroseconds
                0x00000000       0x16 C:\Users\user\Desktop\CI_Projects\VotingGateway\ArduinoCore\Debug\libArduinoCore.a(wiring.o)
 .group         0x00000000        0x8 C:\Users\user\Desktop\CI_Projects\VotingGateway\ArduinoCore\Debug\libArduinoCore.a(mcp2515.o)
 .text          0x00000000        0x0 C:\Users\user\Desktop\CI_Projects\VotingGateway\ArduinoCore\Debug\libArduinoCore.a(mcp2515.o)
 .data          0x00000000        0x0 C:\Users\user\Desktop\CI_Projects\VotingGateway\ArduinoCore\Debug\libArduinoCore.a(mcp2515.o)
 .bss           0x00000000        0x0 C:\Users\user\Desktop\CI_Projects\VotingGateway\ArduinoCore\Debug\libArduinoCore.a(mcp2515.o)
 .text._ZN7MCP251517setListenOnlyModeEv
                0x00000000        0x6 C:\Users\user\Desktop\CI_Projects\VotingGateway\ArduinoCore\Debug\libArduinoCore.a(mcp2515.o)
 .text._ZN7MCP251512setSleepModeEv
                0x00000000        0x6 C:\Users\user\Desktop\CI_Projects\VotingGateway\ArduinoCore\Debug\libArduinoCore.a(mcp2515.o)
 .text._ZN7MCP251515setLoopbackModeEv
                0x00000000        0x6 C:\Users\user\Desktop\CI_Projects\VotingGateway\ArduinoCore\Debug\libArduinoCore.a(mcp2515.o)
 .text._ZN7MCP25159setClkOutE10CAN_CLKOUT
                0x00000000       0x42 C:\Users\user\Desktop\CI_Projects\VotingGateway\ArduinoCore\Debug\libArduinoCore.a(mcp2515.o)
 .text._ZN7MCP251512checkReceiveEv
                0x00000000       0x10 C:\Users\user\Desktop\CI_Projects\VotingGateway\ArduinoCore\Debug\libArduinoCore.a(mcp2515.o)
 .text._ZN7MCP251513getErrorFlagsEv
                0x00000000        0x6 C:\Users\user\Desktop\CI_Projects\VotingGateway\ArduinoCore\Debug\libArduinoCore.a(mcp2515.o)
 .text._ZN7MCP251510checkErrorEv
                0x00000000       0x10 C:\Users\user\Desktop\CI_Projects\VotingGateway\ArduinoCore\Debug\libArduinoCore.a(mcp2515.o)
 .text._ZN7MCP251516clearRXnOVRFlagsEv
                0x00000000        0xa C:\Users\user\Desktop\CI_Projects\VotingGateway\ArduinoCore\Debug\libArduinoCore.a(mcp2515.o)
 .text._ZN7MCP251513getInterruptsEv
                0x00000000        0x6 C:\Users\user\Desktop\CI_Projects\VotingGateway\ArduinoCore\Debug\libArduinoCore.a(mcp2515.o)
 .text._ZN7MCP251515clearInterruptsEv
                0x00000000        0x8 C:\Users\user\Desktop\CI_Projects\VotingGateway\ArduinoCore\Debug\libArduinoCore.a(mcp2515.o)
 .text._ZN7MCP251516getInterruptMaskEv
                0x00000000        0x6 C:\Users\user\Desktop\CI_Projects\VotingGateway\ArduinoCore\Debug\libArduinoCore.a(mcp2515.o)
 .text._ZN7MCP251517clearTXInterruptsEv
                0x00000000        0xa C:\Users\user\Desktop\CI_Projects\VotingGateway\ArduinoCore\Debug\libArduinoCore.a(mcp2515.o)
 .text._ZN7MCP251511clearRXnOVREv
                0x00000000       0x24 C:\Users\user\Desktop\CI_Projects\VotingGateway\ArduinoCore\Debug\libArduinoCore.a(mcp2515.o)
 .text._ZN7MCP25159clearMERREv
                0x00000000        0xa C:\Users\user\Desktop\CI_Projects\VotingGateway\ArduinoCore\Debug\libArduinoCore.a(mcp2515.o)
 .text._ZN7MCP251510clearERRIFEv
                0x00000000        0xa C:\Users\user\Desktop\CI_Projects\VotingGateway\ArduinoCore\Debug\libArduinoCore.a(mcp2515.o)
 .text._ZN7MCP251512errorCountRXEv
                0x00000000        0x6 C:\Users\user\Desktop\CI_Projects\VotingGateway\ArduinoCore\Debug\libArduinoCore.a(mcp2515.o)
 .text._ZN7MCP251512errorCountTXEv
                0x00000000        0x6 C:\Users\user\Desktop\CI_Projects\VotingGateway\ArduinoCore\Debug\libArduinoCore.a(mcp2515.o)
 .text          0x00000000        0x0 C:\Users\user\Desktop\CI_Projects\VotingGateway\ArduinoCore\Debug\libArduinoCore.a(SPI.o)
 .data          0x00000000        0x0 C:\Users\user\Desktop\CI_Projects\VotingGateway\ArduinoCore\Debug\libArduinoCore.a(SPI.o)
 .bss           0x00000000        0x0 C:\Users\user\Desktop\CI_Projects\VotingGateway\ArduinoCore\Debug\libArduinoCore.a(SPI.o)
 .text._ZN8SPIClass3endEv
                0x00000000       0x28 C:\Users\user\Desktop\CI_Projects\VotingGateway\ArduinoCore\Debug\libArduinoCore.a(SPI.o)
 .text._ZN8SPIClass14usingInterruptEh
                0x00000000       0x38 C:\Users\user\Desktop\CI_Projects\VotingGateway\ArduinoCore\Debug\libArduinoCore.a(SPI.o)
 .text._ZN8SPIClass17notUsingInterruptEh
                0x00000000       0x36 C:\Users\user\Desktop\CI_Projects\VotingGateway\ArduinoCore\Debug\libArduinoCore.a(SPI.o)
 .text          0x00000000        0x0 C:\Users\user\Desktop\CI_Projects\VotingGateway\ArduinoCore\Debug\libArduinoCore.a(abi.o)
 .data          0x00000000        0x0 C:\Users\user\Desktop\CI_Projects\VotingGateway\ArduinoCore\Debug\libArduinoCore.a(abi.o)
 .bss           0x00000000        0x0 C:\Users\user\Desktop\CI_Projects\VotingGateway\ArduinoCore\Debug\libArduinoCore.a(abi.o)
 .text.__cxa_pure_virtual
                0x00000000        0x4 C:\Users\user\Desktop\CI_Projects\VotingGateway\ArduinoCore\Debug\libArduinoCore.a(abi.o)
 .text.__cxa_deleted_virtual
                0x00000000        0x4 C:\Users\user\Desktop\CI_Projects\VotingGateway\ArduinoCore\Debug\libArduinoCore.a(abi.o)
 .debug_info    0x00000000       0x76 C:\Users\user\Desktop\CI_Projects\VotingGateway\ArduinoCore\Debug\libArduinoCore.a(abi.o)
 .debug_abbrev  0x00000000       0x6d C:\Users\user\Desktop\CI_Projects\VotingGateway\ArduinoCore\Debug\libArduinoCore.a(abi.o)
 .debug_aranges
                0x00000000       0x20 C:\Users\user\Desktop\CI_Projects\VotingGateway\ArduinoCore\Debug\libArduinoCore.a(abi.o)
 .debug_ranges  0x00000000       0x10 C:\Users\user\Desktop\CI_Projects\VotingGateway\ArduinoCore\Debug\libArduinoCore.a(abi.o)
 .debug_line    0x00000000       0xa9 C:\Users\user\Desktop\CI_Projects\VotingGateway\ArduinoCore\Debug\libArduinoCore.a(abi.o)
 .debug_str     0x00000000      0x18b C:\Users\user\Desktop\CI_Projects\VotingGateway\ArduinoCore\Debug\libArduinoCore.a(abi.o)
 .comment       0x00000000       0x31 C:\Users\user\Desktop\CI_Projects\VotingGateway\ArduinoCore\Debug\libArduinoCore.a(abi.o)
 .debug_frame   0x00000000       0x34 C:\Users\user\Desktop\CI_Projects\VotingGateway\ArduinoCore\Debug\libArduinoCore.a(abi.o)
 .text          0x00000000        0x0 C:\Users\user\Desktop\CI_Projects\VotingGateway\ArduinoCore\Debug\libArduinoCore.a(hooks.o)
 .data          0x00000000        0x0 C:\Users\user\Desktop\CI_Projects\VotingGateway\ArduinoCore\Debug\libArduinoCore.a(hooks.o)
 .bss           0x00000000        0x0 C:\Users\user\Desktop\CI_Projects\VotingGateway\ArduinoCore\Debug\libArduinoCore.a(hooks.o)
 .text          0x00000000        0x0 C:\Users\user\Desktop\CI_Projects\VotingGateway\ArduinoCore\Debug\libArduinoCore.a(wiring_digital.o)
 .data          0x00000000        0x0 C:\Users\user\Desktop\CI_Projects\VotingGateway\ArduinoCore\Debug\libArduinoCore.a(wiring_digital.o)
 .bss           0x00000000        0x0 C:\Users\user\Desktop\CI_Projects\VotingGateway\ArduinoCore\Debug\libArduinoCore.a(wiring_digital.o)
 .text.digitalRead
                0x00000000       0x52 C:\Users\user\Desktop\CI_Projects\VotingGateway\ArduinoCore\Debug\libArduinoCore.a(wiring_digital.o)
 .progmem.data.port_to_input_PGM
                0x00000000        0xa C:\Users\user\Desktop\CI_Projects\VotingGateway\ArduinoCore\Debug\libArduinoCore.a(wiring_digital.o)
 .text          0x00000000        0x0 c:/program files (x86)/atmel/studio/7.0/toolchain/avr8/avr8-gnu-toolchain/bin/../lib/gcc/avr/5.4.0/../../../../avr/lib/avr5\libm.a(addsf3.o)
 .data          0x00000000        0x0 c:/program files (x86)/atmel/studio/7.0/toolchain/avr8/avr8-gnu-toolchain/bin/../lib/gcc/avr/5.4.0/../../../../avr/lib/avr5\libm.a(addsf3.o)
 .bss           0x00000000        0x0 c:/program files (x86)/atmel/studio/7.0/toolchain/avr8/avr8-gnu-toolchain/bin/../lib/gcc/avr/5.4.0/../../../../avr/lib/avr5\libm.a(addsf3.o)
 .text.avr-libc.fplib
                0x00000000        0xe c:/program files (x86)/atmel/studio/7.0/toolchain/avr8/avr8-gnu-toolchain/bin/../lib/gcc/avr/5.4.0/../../../../avr/lib/avr5\libm.a(addsf3.o)
 .text          0x00000000        0x0 c:/program files (x86)/atmel/studio/7.0/toolchain/avr8/avr8-gnu-toolchain/bin/../lib/gcc/avr/5.4.0/../../../../avr/lib/avr5\libm.a(addsf3x.o)
 .data          0x00000000        0x0 c:/program files (x86)/atmel/studio/7.0/toolchain/avr8/avr8-gnu-toolchain/bin/../lib/gcc/avr/5.4.0/../../../../avr/lib/avr5\libm.a(addsf3x.o)
 .bss           0x00000000        0x0 c:/program files (x86)/atmel/studio/7.0/toolchain/avr8/avr8-gnu-toolchain/bin/../lib/gcc/avr/5.4.0/../../../../avr/lib/avr5\libm.a(addsf3x.o)
 .text.avr-libc.fplib
                0x00000000       0xcc c:/program files (x86)/atmel/studio/7.0/toolchain/avr8/avr8-gnu-toolchain/bin/../lib/gcc/avr/5.4.0/../../../../avr/lib/avr5\libm.a(addsf3x.o)
 .text          0x00000000        0x0 c:/program files (x86)/atmel/studio/7.0/toolchain/avr8/avr8-gnu-toolchain/bin/../lib/gcc/avr/5.4.0/../../../../avr/lib/avr5\libm.a(cmpsf2.o)
 .data          0x00000000        0x0 c:/program files (x86)/atmel/studio/7.0/toolchain/avr8/avr8-gnu-toolchain/bin/../lib/gcc/avr/5.4.0/../../../../avr/lib/avr5\libm.a(cmpsf2.o)
 .bss           0x00000000        0x0 c:/program files (x86)/atmel/studio/7.0/toolchain/avr8/avr8-gnu-toolchain/bin/../lib/gcc/avr/5.4.0/../../../../avr/lib/avr5\libm.a(cmpsf2.o)
 .text.avr-libc.fplib
                0x00000000        0xa c:/program files (x86)/atmel/studio/7.0/toolchain/avr8/avr8-gnu-toolchain/bin/../lib/gcc/avr/5.4.0/../../../../avr/lib/avr5\libm.a(cmpsf2.o)
 .text          0x00000000        0x0 c:/program files (x86)/atmel/studio/7.0/toolchain/avr8/avr8-gnu-toolchain/bin/../lib/gcc/avr/5.4.0/../../../../avr/lib/avr5\libm.a(divsf3.o)
 .data          0x00000000        0x0 c:/program files (x86)/atmel/studio/7.0/toolchain/avr8/avr8-gnu-toolchain/bin/../lib/gcc/avr/5.4.0/../../../../avr/lib/avr5\libm.a(divsf3.o)
 .bss           0x00000000        0x0 c:/program files (x86)/atmel/studio/7.0/toolchain/avr8/avr8-gnu-toolchain/bin/../lib/gcc/avr/5.4.0/../../../../avr/lib/avr5\libm.a(divsf3.o)
 .text.avr-libc.fplib
                0x00000000        0x8 c:/program files (x86)/atmel/studio/7.0/toolchain/avr8/avr8-gnu-toolchain/bin/../lib/gcc/avr/5.4.0/../../../../avr/lib/avr5\libm.a(divsf3.o)
 .text          0x00000000        0x0 c:/program files (x86)/atmel/studio/7.0/toolchain/avr8/avr8-gnu-toolchain/bin/../lib/gcc/avr/5.4.0/../../../../avr/lib/avr5\libm.a(divsf3x.o)
 .data          0x00000000        0x0 c:/program files (x86)/atmel/studio/7.0/toolchain/avr8/avr8-gnu-toolchain/bin/../lib/gcc/avr/5.4.0/../../../../avr/lib/avr5\libm.a(divsf3x.o)
 .bss           0x00000000        0x0 c:/program files (x86)/atmel/studio/7.0/toolchain/avr8/avr8-gnu-toolchain/bin/../lib/gcc/avr/5.4.0/../../../../avr/lib/avr5\libm.a(divsf3x.o)
 .text.avr-libc.fplib
                0x00000000       0xdc c:/program files (x86)/atmel/studio/7.0/toolchain/avr8/avr8-gnu-toolchain/bin/../lib/gcc/avr/5.4.0/../../../../avr/lib/avr5\libm.a(divsf3x.o)
 .text          0x00000000        0x0 c:/program files (x86)/atmel/studio/7.0/toolchain/avr8/avr8-gnu-toolchain/bin/../lib/gcc/avr/5.4.0/../../../../avr/lib/avr5\libm.a(fixunssfsi.o)
 .data          0x00000000        0x0 c:/program files (x86)/atmel/studio/7.0/toolchain/avr8/avr8-gnu-toolchain/bin/../lib/gcc/avr/5.4.0/../../../../avr/lib/avr5\libm.a(fixunssfsi.o)
 .bss           0x00000000        0x0 c:/program files (x86)/atmel/studio/7.0/toolchain/avr8/avr8-gnu-toolchain/bin/../lib/gcc/avr/5.4.0/../../../../avr/lib/avr5\libm.a(fixunssfsi.o)
 .text.avr-libc.fplib
                0x00000000       0x5e c:/program files (x86)/atmel/studio/7.0/toolchain/avr8/avr8-gnu-toolchain/bin/../lib/gcc/avr/5.4.0/../../../../avr/lib/avr5\libm.a(fixunssfsi.o)
 .text          0x00000000        0x0 c:/program files (x86)/atmel/studio/7.0/toolchain/avr8/avr8-gnu-toolchain/bin/../lib/gcc/avr/5.4.0/../../../../avr/lib/avr5\libm.a(floatsisf.o)
 .data          0x00000000        0x0 c:/program files (x86)/atmel/studio/7.0/toolchain/avr8/avr8-gnu-toolchain/bin/../lib/gcc/avr/5.4.0/../../../../avr/lib/avr5\libm.a(floatsisf.o)
 .bss           0x00000000        0x0 c:/program files (x86)/atmel/studio/7.0/toolchain/avr8/avr8-gnu-toolchain/bin/../lib/gcc/avr/5.4.0/../../../../avr/lib/avr5\libm.a(floatsisf.o)
 .text.avr-libc.fplib
                0x00000000       0x7a c:/program files (x86)/atmel/studio/7.0/toolchain/avr8/avr8-gnu-toolchain/bin/../lib/gcc/avr/5.4.0/../../../../avr/lib/avr5\libm.a(floatsisf.o)
 .text          0x00000000        0x0 c:/program files (x86)/atmel/studio/7.0/toolchain/avr8/avr8-gnu-toolchain/bin/../lib/gcc/avr/5.4.0/../../../../avr/lib/avr5\libm.a(fp_cmp.o)
 .data          0x00000000        0x0 c:/program files (x86)/atmel/studio/7.0/toolchain/avr8/avr8-gnu-toolchain/bin/../lib/gcc/avr/5.4.0/../../../../avr/lib/avr5\libm.a(fp_cmp.o)
 .bss           0x00000000        0x0 c:/program files (x86)/atmel/studio/7.0/toolchain/avr8/avr8-gnu-toolchain/bin/../lib/gcc/avr/5.4.0/../../../../avr/lib/avr5\libm.a(fp_cmp.o)
 .text.avr-libc.fplib
                0x00000000       0x48 c:/program files (x86)/atmel/studio/7.0/toolchain/avr8/avr8-gnu-toolchain/bin/../lib/gcc/avr/5.4.0/../../../../avr/lib/avr5\libm.a(fp_cmp.o)
 .text          0x00000000        0x0 c:/program files (x86)/atmel/studio/7.0/toolchain/avr8/avr8-gnu-toolchain/bin/../lib/gcc/avr/5.4.0/../../../../avr/lib/avr5\libm.a(fp_inf.o)
 .data          0x00000000        0x0 c:/program files (x86)/atmel/studio/7.0/toolchain/avr8/avr8-gnu-toolchain/bin/../lib/gcc/avr/5.4.0/../../../../avr/lib/avr5\libm.a(fp_inf.o)
 .bss           0x00000000        0x0 c:/program files (x86)/atmel/studio/7.0/toolchain/avr8/avr8-gnu-toolchain/bin/../lib/gcc/avr/5.4.0/../../../../avr/lib/avr5\libm.a(fp_inf.o)
 .text.avr-libc.fplib
                0x00000000        0xc c:/program files (x86)/atmel/studio/7.0/toolchain/avr8/avr8-gnu-toolchain/bin/../lib/gcc/avr/5.4.0/../../../../avr/lib/avr5\libm.a(fp_inf.o)
 .text          0x00000000        0x0 c:/program files (x86)/atmel/studio/7.0/toolchain/avr8/avr8-gnu-toolchain/bin/../lib/gcc/avr/5.4.0/../../../../avr/lib/avr5\libm.a(fp_nan.o)
 .data          0x00000000        0x0 c:/program files (x86)/atmel/studio/7.0/toolchain/avr8/avr8-gnu-toolchain/bin/../lib/gcc/avr/5.4.0/../../../../avr/lib/avr5\libm.a(fp_nan.o)
 .bss           0x00000000        0x0 c:/program files (x86)/atmel/studio/7.0/toolchain/avr8/avr8-gnu-toolchain/bin/../lib/gcc/avr/5.4.0/../../../../avr/lib/avr5\libm.a(fp_nan.o)
 .text.avr-libc.fplib
                0x00000000        0x6 c:/program files (x86)/atmel/studio/7.0/toolchain/avr8/avr8-gnu-toolchain/bin/../lib/gcc/avr/5.4.0/../../../../avr/lib/avr5\libm.a(fp_nan.o)
 .text          0x00000000        0x0 c:/program files (x86)/atmel/studio/7.0/toolchain/avr8/avr8-gnu-toolchain/bin/../lib/gcc/avr/5.4.0/../../../../avr/lib/avr5\libm.a(fp_pscA.o)
 .data          0x00000000        0x0 c:/program files (x86)/atmel/studio/7.0/toolchain/avr8/avr8-gnu-toolchain/bin/../lib/gcc/avr/5.4.0/../../../../avr/lib/avr5\libm.a(fp_pscA.o)
 .bss           0x00000000        0x0 c:/program files (x86)/atmel/studio/7.0/toolchain/avr8/avr8-gnu-toolchain/bin/../lib/gcc/avr/5.4.0/../../../../avr/lib/avr5\libm.a(fp_pscA.o)
 .text.avr-libc.fplib
                0x00000000        0xe c:/program files (x86)/atmel/studio/7.0/toolchain/avr8/avr8-gnu-toolchain/bin/../lib/gcc/avr/5.4.0/../../../../avr/lib/avr5\libm.a(fp_pscA.o)
 .text          0x00000000        0x0 c:/program files (x86)/atmel/studio/7.0/toolchain/avr8/avr8-gnu-toolchain/bin/../lib/gcc/avr/5.4.0/../../../../avr/lib/avr5\libm.a(fp_pscB.o)
 .data          0x00000000        0x0 c:/program files (x86)/atmel/studio/7.0/toolchain/avr8/avr8-gnu-toolchain/bin/../lib/gcc/avr/5.4.0/../../../../avr/lib/avr5\libm.a(fp_pscB.o)
 .bss           0x00000000        0x0 c:/program files (x86)/atmel/studio/7.0/toolchain/avr8/avr8-gnu-toolchain/bin/../lib/gcc/avr/5.4.0/../../../../avr/lib/avr5\libm.a(fp_pscB.o)
 .text.avr-libc.fplib
                0x00000000        0xe c:/program files (x86)/atmel/studio/7.0/toolchain/avr8/avr8-gnu-toolchain/bin/../lib/gcc/avr/5.4.0/../../../../avr/lib/avr5\libm.a(fp_pscB.o)
 .text          0x00000000        0x0 c:/program files (x86)/atmel/studio/7.0/toolchain/avr8/avr8-gnu-toolchain/bin/../lib/gcc/avr/5.4.0/../../../../avr/lib/avr5\libm.a(fp_round.o)
 .data          0x00000000        0x0 c:/program files (x86)/atmel/studio/7.0/toolchain/avr8/avr8-gnu-toolchain/bin/../lib/gcc/avr/5.4.0/../../../../avr/lib/avr5\libm.a(fp_round.o)
 .bss           0x00000000        0x0 c:/program files (x86)/atmel/studio/7.0/toolchain/avr8/avr8-gnu-toolchain/bin/../lib/gcc/avr/5.4.0/../../../../avr/lib/avr5\libm.a(fp_round.o)
 .text.avr-libc.fplib
                0x00000000       0x22 c:/program files (x86)/atmel/studio/7.0/toolchain/avr8/avr8-gnu-toolchain/bin/../lib/gcc/avr/5.4.0/../../../../avr/lib/avr5\libm.a(fp_round.o)
 .text          0x00000000        0x0 c:/program files (x86)/atmel/studio/7.0/toolchain/avr8/avr8-gnu-toolchain/bin/../lib/gcc/avr/5.4.0/../../../../avr/lib/avr5\libm.a(fp_split3.o)
 .data          0x00000000        0x0 c:/program files (x86)/atmel/studio/7.0/toolchain/avr8/avr8-gnu-toolchain/bin/../lib/gcc/avr/5.4.0/../../../../avr/lib/avr5\libm.a(fp_split3.o)
 .bss           0x00000000        0x0 c:/program files (x86)/atmel/studio/7.0/toolchain/avr8/avr8-gnu-toolchain/bin/../lib/gcc/avr/5.4.0/../../../../avr/lib/avr5\libm.a(fp_split3.o)
 .text.avr-libc.fplib
                0x00000000       0x44 c:/program files (x86)/atmel/studio/7.0/toolchain/avr8/avr8-gnu-toolchain/bin/../lib/gcc/avr/5.4.0/../../../../avr/lib/avr5\libm.a(fp_split3.o)
 .text          0x00000000        0x0 c:/program files (x86)/atmel/studio/7.0/toolchain/avr8/avr8-gnu-toolchain/bin/../lib/gcc/avr/5.4.0/../../../../avr/lib/avr5\libm.a(fp_zero.o)
 .data          0x00000000        0x0 c:/program files (x86)/atmel/studio/7.0/toolchain/avr8/avr8-gnu-toolchain/bin/../lib/gcc/avr/5.4.0/../../../../avr/lib/avr5\libm.a(fp_zero.o)
 .bss           0x00000000        0x0 c:/program files (x86)/atmel/studio/7.0/toolchain/avr8/avr8-gnu-toolchain/bin/../lib/gcc/avr/5.4.0/../../../../avr/lib/avr5\libm.a(fp_zero.o)
 .text.avr-libc.fplib
                0x00000000        0xe c:/program files (x86)/atmel/studio/7.0/toolchain/avr8/avr8-gnu-toolchain/bin/../lib/gcc/avr/5.4.0/../../../../avr/lib/avr5\libm.a(fp_zero.o)
 .text          0x00000000        0x0 c:/program files (x86)/atmel/studio/7.0/toolchain/avr8/avr8-gnu-toolchain/bin/../lib/gcc/avr/5.4.0/../../../../avr/lib/avr5\libm.a(gesf2.o)
 .data          0x00000000        0x0 c:/program files (x86)/atmel/studio/7.0/toolchain/avr8/avr8-gnu-toolchain/bin/../lib/gcc/avr/5.4.0/../../../../avr/lib/avr5\libm.a(gesf2.o)
 .bss           0x00000000        0x0 c:/program files (x86)/atmel/studio/7.0/toolchain/avr8/avr8-gnu-toolchain/bin/../lib/gcc/avr/5.4.0/../../../../avr/lib/avr5\libm.a(gesf2.o)
 .text.avr-libc.fplib
                0x00000000        0xa c:/program files (x86)/atmel/studio/7.0/toolchain/avr8/avr8-gnu-toolchain/bin/../lib/gcc/avr/5.4.0/../../../../avr/lib/avr5\libm.a(gesf2.o)
 .text          0x00000000        0x0 c:/program files (x86)/atmel/studio/7.0/toolchain/avr8/avr8-gnu-toolchain/bin/../lib/gcc/avr/5.4.0/../../../../avr/lib/avr5\libm.a(mulsf3.o)
 .data          0x00000000        0x0 c:/program files (x86)/atmel/studio/7.0/toolchain/avr8/avr8-gnu-toolchain/bin/../lib/gcc/avr/5.4.0/../../../../avr/lib/avr5\libm.a(mulsf3.o)
 .bss           0x00000000        0x0 c:/program files (x86)/atmel/studio/7.0/toolchain/avr8/avr8-gnu-toolchain/bin/../lib/gcc/avr/5.4.0/../../../../avr/lib/avr5\libm.a(mulsf3.o)
 .text.avr-libc.fplib
                0x00000000        0x8 c:/program files (x86)/atmel/studio/7.0/toolchain/avr8/avr8-gnu-toolchain/bin/../lib/gcc/avr/5.4.0/../../../../avr/lib/avr5\libm.a(mulsf3.o)
 .text          0x00000000        0x0 c:/program files (x86)/atmel/studio/7.0/toolchain/avr8/avr8-gnu-toolchain/bin/../lib/gcc/avr/5.4.0/../../../../avr/lib/avr5\libm.a(mulsf3x.o)
 .data          0x00000000        0x0 c:/program files (x86)/atmel/studio/7.0/toolchain/avr8/avr8-gnu-toolchain/bin/../lib/gcc/avr/5.4.0/../../../../avr/lib/avr5\libm.a(mulsf3x.o)
 .bss           0x00000000        0x0 c:/program files (x86)/atmel/studio/7.0/toolchain/avr8/avr8-gnu-toolchain/bin/../lib/gcc/avr/5.4.0/../../../../avr/lib/avr5\libm.a(mulsf3x.o)
 .text.avr-libc.fplib
                0x00000000       0xd2 c:/program files (x86)/atmel/studio/7.0/toolchain/avr8/avr8-gnu-toolchain/bin/../lib/gcc/avr/5.4.0/../../../../avr/lib/avr5\libm.a(mulsf3x.o)
 .text          0x00000000        0x0 c:/program files (x86)/atmel/studio/7.0/toolchain/avr8/avr8-gnu-toolchain/bin/../lib/gcc/avr/5.4.0/../../../../avr/lib/avr5\libm.a(unordsf2.o)
 .data          0x00000000        0x0 c:/program files (x86)/atmel/studio/7.0/toolchain/avr8/avr8-gnu-toolchain/bin/../lib/gcc/avr/5.4.0/../../../../avr/lib/avr5\libm.a(unordsf2.o)
 .bss           0x00000000        0x0 c:/program files (x86)/atmel/studio/7.0/toolchain/avr8/avr8-gnu-toolchain/bin/../lib/gcc/avr/5.4.0/../../../../avr/lib/avr5\libm.a(unordsf2.o)
 .text.avr-libc.fplib
                0x00000000        0xa c:/program files (x86)/atmel/studio/7.0/toolchain/avr8/avr8-gnu-toolchain/bin/../lib/gcc/avr/5.4.0/../../../../avr/lib/avr5\libm.a(unordsf2.o)
 .text          0x00000000        0x0 c:/program files (x86)/atmel/studio/7.0/toolchain/avr8/avr8-gnu-toolchain/bin/../lib/gcc/avr/5.4.0/avr5\libgcc.a(_udivmodsi4.o)
 .data          0x00000000        0x0 c:/program files (x86)/atmel/studio/7.0/toolchain/avr8/avr8-gnu-toolchain/bin/../lib/gcc/avr/5.4.0/avr5\libgcc.a(_udivmodsi4.o)
 .bss           0x00000000        0x0 c:/program files (x86)/atmel/studio/7.0/toolchain/avr8/avr8-gnu-toolchain/bin/../lib/gcc/avr/5.4.0/avr5\libgcc.a(_udivmodsi4.o)
 .text.libgcc.mul
                0x00000000        0x0 c:/program files (x86)/atmel/studio/7.0/toolchain/avr8/avr8-gnu-toolchain/bin/../lib/gcc/avr/5.4.0/avr5\libgcc.a(_udivmodsi4.o)
 .text.libgcc   0x00000000        0x0 c:/program files (x86)/atmel/studio/7.0/toolchain/avr8/avr8-gnu-toolchain/bin/../lib/gcc/avr/5.4.0/avr5\libgcc.a(_udivmodsi4.o)
 .text.libgcc.prologue
                0x00000000        0x0 c:/program files (x86)/atmel/studio/7.0/toolchain/avr8/avr8-gnu-toolchain/bin/../lib/gcc/avr/5.4.0/avr5\libgcc.a(_udivmodsi4.o)
 .text.libgcc.builtins
                0x00000000        0x0 c:/program files (x86)/atmel/studio/7.0/toolchain/avr8/avr8-gnu-toolchain/bin/../lib/gcc/avr/5.4.0/avr5\libgcc.a(_udivmodsi4.o)
 .text.libgcc.fmul
                0x00000000        0x0 c:/program files (x86)/atmel/studio/7.0/toolchain/avr8/avr8-gnu-toolchain/bin/../lib/gcc/avr/5.4.0/avr5\libgcc.a(_udivmodsi4.o)
 .text.libgcc.fixed
                0x00000000        0x0 c:/program files (x86)/atmel/studio/7.0/toolchain/avr8/avr8-gnu-toolchain/bin/../lib/gcc/avr/5.4.0/avr5\libgcc.a(_udivmodsi4.o)
 .text          0x00000000        0x0 c:/program files (x86)/atmel/studio/7.0/toolchain/avr8/avr8-gnu-toolchain/bin/../lib/gcc/avr/5.4.0/avr5\libgcc.a(_exit.o)
 .data          0x00000000        0x0 c:/program files (x86)/atmel/studio/7.0/toolchain/avr8/avr8-gnu-toolchain/bin/../lib/gcc/avr/5.4.0/avr5\libgcc.a(_exit.o)
 .bss           0x00000000        0x0 c:/program files (x86)/atmel/studio/7.0/toolchain/avr8/avr8-gnu-toolchain/bin/../lib/gcc/avr/5.4.0/avr5\libgcc.a(_exit.o)
 .text.libgcc.mul
                0x00000000        0x0 c:/program files (x86)/atmel/studio/7.0/toolchain/avr8/avr8-gnu-toolchain/bin/../lib/gcc/avr/5.4.0/avr5\libgcc.a(_exit.o)
 .text.libgcc.div
                0x00000000        0x0 c:/program files (x86)/atmel/studio/7.0/toolchain/avr8/avr8-gnu-toolchain/bin/../lib/gcc/avr/5.4.0/avr5\libgcc.a(_exit.o)
 .text.libgcc   0x00000000        0x0 c:/program files (x86)/atmel/studio/7.0/toolchain/avr8/avr8-gnu-toolchain/bin/../lib/gcc/avr/5.4.0/avr5\libgcc.a(_exit.o)
 .text.libgcc.prologue
                0x00000000        0x0 c:/program files (x86)/atmel/studio/7.0/toolchain/avr8/avr8-gnu-toolchain/bin/../lib/gcc/avr/5.4.0/avr5\libgcc.a(_exit.o)
 .text.libgcc.builtins
                0x00000000        0x0 c:/program files (x86)/atmel/studio/7.0/toolchain/avr8/avr8-gnu-toolchain/bin/../lib/gcc/avr/5.4.0/avr5\libgcc.a(_exit.o)
 .text.libgcc.fmul
                0x00000000        0x0 c:/program files (x86)/atmel/studio/7.0/toolchain/avr8/avr8-gnu-toolchain/bin/../lib/gcc/avr/5.4.0/avr5\libgcc.a(_exit.o)
 .text.libgcc.fixed
                0x00000000        0x0 c:/program files (x86)/atmel/studio/7.0/toolchain/avr8/avr8-gnu-toolchain/bin/../lib/gcc/avr/5.4.0/avr5\libgcc.a(_exit.o)
 .text          0x00000000        0x0 c:/program files (x86)/atmel/studio/7.0/toolchain/avr8/avr8-gnu-toolchain/bin/../lib/gcc/avr/5.4.0/avr5\libgcc.a(_tablejump2.o)
 .data          0x00000000        0x0 c:/program files (x86)/atmel/studio/7.0/toolchain/avr8/avr8-gnu-toolchain/bin/../lib/gcc/avr/5.4.0/avr5\libgcc.a(_tablejump2.o)
 .bss           0x00000000        0x0 c:/program files (x86)/atmel/studio/7.0/toolchain/avr8/avr8-gnu-toolchain/bin/../lib/gcc/avr/5.4.0/avr5\libgcc.a(_tablejump2.o)
 .text.libgcc.mul
                0x00000000        0x0 c:/program files (x86)/atmel/studio/7.0/toolchain/avr8/avr8-gnu-toolchain/bin/../lib/gcc/avr/5.4.0/avr5\libgcc.a(_tablejump2.o)
 .text.libgcc.div
                0x00000000        0x0 c:/program files (x86)/atmel/studio/7.0/toolchain/avr8/avr8-gnu-toolchain/bin/../lib/gcc/avr/5.4.0/avr5\libgcc.a(_tablejump2.o)
 .text.libgcc.prologue
                0x00000000        0x0 c:/program files (x86)/atmel/studio/7.0/toolchain/avr8/avr8-gnu-toolchain/bin/../lib/gcc/avr/5.4.0/avr5\libgcc.a(_tablejump2.o)
 .text.libgcc.builtins
                0x00000000        0x0 c:/program files (x86)/atmel/studio/7.0/toolchain/avr8/avr8-gnu-toolchain/bin/../lib/gcc/avr/5.4.0/avr5\libgcc.a(_tablejump2.o)
 .text.libgcc.fmul
                0x00000000        0x0 c:/program files (x86)/atmel/studio/7.0/toolchain/avr8/avr8-gnu-toolchain/bin/../lib/gcc/avr/5.4.0/avr5\libgcc.a(_tablejump2.o)
 .text.libgcc.fixed
                0x00000000        0x0 c:/program files (x86)/atmel/studio/7.0/toolchain/avr8/avr8-gnu-toolchain/bin/../lib/gcc/avr/5.4.0/avr5\libgcc.a(_tablejump2.o)
 .text          0x00000000        0x0 c:/program files (x86)/atmel/studio/7.0/toolchain/avr8/avr8-gnu-toolchain/bin/../lib/gcc/avr/5.4.0/avr5\libgcc.a(_copy_data.o)
 .data          0x00000000        0x0 c:/program files (x86)/atmel/studio/7.0/toolchain/avr8/avr8-gnu-toolchain/bin/../lib/gcc/avr/5.4.0/avr5\libgcc.a(_copy_data.o)
 .bss           0x00000000        0x0 c:/program files (x86)/atmel/studio/7.0/toolchain/avr8/avr8-gnu-toolchain/bin/../lib/gcc/avr/5.4.0/avr5\libgcc.a(_copy_data.o)
 .text.libgcc.mul
                0x00000000        0x0 c:/program files (x86)/atmel/studio/7.0/toolchain/avr8/avr8-gnu-toolchain/bin/../lib/gcc/avr/5.4.0/avr5\libgcc.a(_copy_data.o)
 .text.libgcc.div
                0x00000000        0x0 c:/program files (x86)/atmel/studio/7.0/toolchain/avr8/avr8-gnu-toolchain/bin/../lib/gcc/avr/5.4.0/avr5\libgcc.a(_copy_data.o)
 .text.libgcc   0x00000000        0x0 c:/program files (x86)/atmel/studio/7.0/toolchain/avr8/avr8-gnu-toolchain/bin/../lib/gcc/avr/5.4.0/avr5\libgcc.a(_copy_data.o)
 .text.libgcc.prologue
                0x00000000        0x0 c:/program files (x86)/atmel/studio/7.0/toolchain/avr8/avr8-gnu-toolchain/bin/../lib/gcc/avr/5.4.0/avr5\libgcc.a(_copy_data.o)
 .text.libgcc.builtins
                0x00000000        0x0 c:/program files (x86)/atmel/studio/7.0/toolchain/avr8/avr8-gnu-toolchain/bin/../lib/gcc/avr/5.4.0/avr5\libgcc.a(_copy_data.o)
 .text.libgcc.fmul
                0x00000000        0x0 c:/program files (x86)/atmel/studio/7.0/toolchain/avr8/avr8-gnu-toolchain/bin/../lib/gcc/avr/5.4.0/avr5\libgcc.a(_copy_data.o)
 .text.libgcc.fixed
                0x00000000        0x0 c:/program files (x86)/atmel/studio/7.0/toolchain/avr8/avr8-gnu-toolchain/bin/../lib/gcc/avr/5.4.0/avr5\libgcc.a(_copy_data.o)
 .text          0x00000000        0x0 c:/program files (x86)/atmel/studio/7.0/toolchain/avr8/avr8-gnu-toolchain/bin/../lib/gcc/avr/5.4.0/avr5\libgcc.a(_clear_bss.o)
 .data          0x00000000        0x0 c:/program files (x86)/atmel/studio/7.0/toolchain/avr8/avr8-gnu-toolchain/bin/../lib/gcc/avr/5.4.0/avr5\libgcc.a(_clear_bss.o)
 .bss           0x00000000        0x0 c:/program files (x86)/atmel/studio/7.0/toolchain/avr8/avr8-gnu-toolchain/bin/../lib/gcc/avr/5.4.0/avr5\libgcc.a(_clear_bss.o)
 .text.libgcc.mul
                0x00000000        0x0 c:/program files (x86)/atmel/studio/7.0/toolchain/avr8/avr8-gnu-toolchain/bin/../lib/gcc/avr/5.4.0/avr5\libgcc.a(_clear_bss.o)
 .text.libgcc.div
                0x00000000        0x0 c:/program files (x86)/atmel/studio/7.0/toolchain/avr8/avr8-gnu-toolchain/bin/../lib/gcc/avr/5.4.0/avr5\libgcc.a(_clear_bss.o)
 .text.libgcc   0x00000000        0x0 c:/program files (x86)/atmel/studio/7.0/toolchain/avr8/avr8-gnu-toolchain/bin/../lib/gcc/avr/5.4.0/avr5\libgcc.a(_clear_bss.o)
 .text.libgcc.prologue
                0x00000000        0x0 c:/program files (x86)/atmel/studio/7.0/toolchain/avr8/avr8-gnu-toolchain/bin/../lib/gcc/avr/5.4.0/avr5\libgcc.a(_clear_bss.o)
 .text.libgcc.builtins
                0x00000000        0x0 c:/program files (x86)/atmel/studio/7.0/toolchain/avr8/avr8-gnu-toolchain/bin/../lib/gcc/avr/5.4.0/avr5\libgcc.a(_clear_bss.o)
 .text.libgcc.fmul
                0x00000000        0x0 c:/program files (x86)/atmel/studio/7.0/toolchain/avr8/avr8-gnu-toolchain/bin/../lib/gcc/avr/5.4.0/avr5\libgcc.a(_clear_bss.o)
 .text.libgcc.fixed
                0x00000000        0x0 c:/program files (x86)/atmel/studio/7.0/toolchain/avr8/avr8-gnu-toolchain/bin/../lib/gcc/avr/5.4.0/avr5\libgcc.a(_clear_bss.o)
 .text          0x00000000        0x0 c:/program files (x86)/atmel/studio/7.0/toolchain/avr8/avr8-gnu-toolchain/bin/../lib/gcc/avr/5.4.0/avr5\libgcc.a(_ctors.o)
 .data          0x00000000        0x0 c:/program files (x86)/atmel/studio/7.0/toolchain/avr8/avr8-gnu-toolchain/bin/../lib/gcc/avr/5.4.0/avr5\libgcc.a(_ctors.o)
 .bss           0x00000000        0x0 c:/program files (x86)/atmel/studio/7.0/toolchain/avr8/avr8-gnu-toolchain/bin/../lib/gcc/avr/5.4.0/avr5\libgcc.a(_ctors.o)
 .text.libgcc.mul
                0x00000000        0x0 c:/program files (x86)/atmel/studio/7.0/toolchain/avr8/avr8-gnu-toolchain/bin/../lib/gcc/avr/5.4.0/avr5\libgcc.a(_ctors.o)
 .text.libgcc.div
                0x00000000        0x0 c:/program files (x86)/atmel/studio/7.0/toolchain/avr8/avr8-gnu-toolchain/bin/../lib/gcc/avr/5.4.0/avr5\libgcc.a(_ctors.o)
 .text.libgcc   0x00000000        0x0 c:/program files (x86)/atmel/studio/7.0/toolchain/avr8/avr8-gnu-toolchain/bin/../lib/gcc/avr/5.4.0/avr5\libgcc.a(_ctors.o)
 .text.libgcc.prologue
                0x00000000        0x0 c:/program files (x86)/atmel/studio/7.0/toolchain/avr8/avr8-gnu-toolchain/bin/../lib/gcc/avr/5.4.0/avr5\libgcc.a(_ctors.o)
 .text.libgcc.builtins
                0x00000000        0x0 c:/program files (x86)/atmel/studio/7.0/toolchain/avr8/avr8-gnu-toolchain/bin/../lib/gcc/avr/5.4.0/avr5\libgcc.a(_ctors.o)
 .text.libgcc.fmul
                0x00000000        0x0 c:/program files (x86)/atmel/studio/7.0/toolchain/avr8/avr8-gnu-toolchain/bin/../lib/gcc/avr/5.4.0/avr5\libgcc.a(_ctors.o)
 .text.libgcc.fixed
                0x00000000        0x0 c:/program files (x86)/atmel/studio/7.0/toolchain/avr8/avr8-gnu-toolchain/bin/../lib/gcc/avr/5.4.0/avr5\libgcc.a(_ctors.o)
 .text          0x00000000        0x0 c:/program files (x86)/atmel/studio/7.0/toolchain/avr8/avr8-gnu-toolchain/bin/../lib/gcc/avr/5.4.0/../../../../avr/lib/avr5\libc.a(abort.o)
 .data          0x00000000        0x0 c:/program files (x86)/atmel/studio/7.0/toolchain/avr8/avr8-gnu-toolchain/bin/../lib/gcc/avr/5.4.0/../../../../avr/lib/avr5\libc.a(abort.o)
 .bss           0x00000000        0x0 c:/program files (x86)/atmel/studio/7.0/toolchain/avr8/avr8-gnu-toolchain/bin/../lib/gcc/avr/5.4.0/../../../../avr/lib/avr5\libc.a(abort.o)
 .text.avr-libc
                0x00000000        0xa c:/program files (x86)/atmel/studio/7.0/toolchain/avr8/avr8-gnu-toolchain/bin/../lib/gcc/avr/5.4.0/../../../../avr/lib/avr5\libc.a(abort.o)
 .text          0x00000000        0x0 c:/program files (x86)/atmel/studio/7.0/toolchain/avr8/avr8-gnu-toolchain/bin/../lib/gcc/avr/5.4.0/../../../../avr/lib/avr5\libc.a(memcpy.o)
 .data          0x00000000        0x0 c:/program files (x86)/atmel/studio/7.0/toolchain/avr8/avr8-gnu-toolchain/bin/../lib/gcc/avr/5.4.0/../../../../avr/lib/avr5\libc.a(memcpy.o)
 .bss           0x00000000        0x0 c:/program files (x86)/atmel/studio/7.0/toolchain/avr8/avr8-gnu-toolchain/bin/../lib/gcc/avr/5.4.0/../../../../avr/lib/avr5\libc.a(memcpy.o)

Memory Configuration

Name             Origin             Length             Attributes
text             0x00000000         0x00008000         xr
data             0x00800100         0x00000800         rw !x
eeprom           0x00810000         0x00000400         rw !x
fuse             0x00820000         0x00000003         rw !x
lock             0x00830000         0x00000400         rw !x
signature        0x00840000         0x00000400         rw !x
user_signatures  0x00850000         0x00000400         rw !x
*default*        0x00000000         0xffffffff

Linker script and memory map

Address of section .data set to 0x800100
LOAD C:/Program Files (x86)/Atmel/Studio/7.0/Packs/atmel/ATmega_DFP/1.6.364/gcc/dev/atmega328p/avr5/crtatmega328p.o
LOAD Sketch.o
LOAD stateHandlers.o
START GROUP
LOAD c:/program files (x86)/atmel/studio/7.0/toolchain/avr8/avr8-gnu-toolchain/bin/../lib/gcc/avr/5.4.0/../../../../avr/lib/avr5\libm.a
LOAD C:\Users\user\Desktop\CI_Projects\VotingGateway\ArduinoCore\Debug\libArduinoCore.a
END GROUP
LOAD c:/program files (x86)/atmel/studio/7.0/toolchain/avr8/avr8-gnu-toolchain/bin/../lib/gcc/avr/5.4.0/avr5\libgcc.a
LOAD c:/program files (x86)/atmel/studio/7.0/toolchain/avr8/avr8-gnu-toolchain/bin/../lib/gcc/avr/5.4.0/../../../../avr/lib/avr5\libm.a
START GROUP
LOAD c:/program files (x86)/atmel/studio/7.0/toolchain/avr8/avr8-gnu-toolchain/bin/../lib/gcc/avr/5.4.0/avr5\libgcc.a
LOAD c:/program files (x86)/atmel/studio/7.0/toolchain/avr8/avr8-gnu-toolchain/bin/../lib/gcc/avr/5.4.0/../../../../avr/lib/avr5\libm.a
LOAD c:/program files (x86)/atmel/studio/7.0/toolchain/avr8/avr8-gnu-toolchain/bin/../lib/gcc/avr/5.4.0/../../../../avr/lib/avr5\libc.a
LOAD C:/Program Files (x86)/Atmel/Studio/7.0/Packs/atmel/ATmega_DFP/1.6.364/gcc/dev/atmega328p/avr5\libatmega328p.a
END GROUP
                0x00000000                __TEXT_REGION_ORIGIN__ = DEFINED (__TEXT_REGION_ORIGIN__)?__TEXT_REGION_ORIGIN__:0x0
                [0x00800100]                __DATA_REGION_ORIGIN__ = DEFINED (__DATA_REGION_ORIGIN__)?__DATA_REGION_ORIGIN__:0x800060
                [0x00008000]                __TEXT_REGION_LENGTH__ = DEFINED (__TEXT_REGION_LENGTH__)?__TEXT_REGION_LENGTH__:0x20000
                [0x00000800]                __DATA_REGION_LENGTH__ = DEFINED (__DATA_REGION_LENGTH__)?__DATA_REGION_LENGTH__:0xffa0
                [0x00000400]                __EEPROM_REGION_LENGTH__ = DEFINED (__EEPROM_REGION_LENGTH__)?__EEPROM_REGION_LENGTH__:0x10000
                [0x00000003]                __FUSE_REGION_LENGTH__ = DEFINED (__FUSE_REGION_LENGTH__)?__FUSE_REGION_LENGTH__:0x400
                0x00000400                __LOCK_REGION_LENGTH__ = DEFINED (__LOCK_REGION_LENGTH__)?__LOCK_REGION_LENGTH__:0x400
                0x00000400                __SIGNATURE_REGION_LENGTH__ = DEFINED (__SIGNATURE_REGION_LENGTH__)?__SIGNATURE_REGION_LENGTH__:0x400
                0x00000400                __USER_SIGNATURE_REGION_LENGTH__ = DEFINED (__USER_SIGNATURE_REGION_LENGTH__)?__USER_SIGNATURE_REGION_LENGTH__:0x400

.hash
 *(.hash)

.dynsym
 *(.dynsym)

.dynstr
 *(.dynstr)

.gnu.version
 *(.gnu.version)

.gnu.version_d
 *(.gnu.version_d)

.gnu.version_r
 *(.gnu.version_r)

.rel.init
 *(.rel.init)

.rela.init
 *(.rela.init)

.rel.text
 *(.rel.text)
 *(.rel.text.*)
 *(.rel.gnu.linkonce.t*)

.rela.text
 *(.rela.text)
 *(.rela.text.*)
 *(.rela.gnu.linkonce.t*)

.rel.fini
 *(.rel.fini)

.rela.fini
 *(.rela.fini)

.rel.rodata
 *(.rel.rodata)
 *(.rel.rodata.*)
 *(.rel.gnu.linkonce.r*)

.rela.rodata
 *(.rela.rodata)
 *(.rela.rodata.*)
 *(.rela.gnu.linkonce.r*)

.rel.data
 *(.rel.data)
 *(.rel.data.*)
 *(.rel.gnu.linkonce.d*)

.rela.data
 *(.rela.data)
 *(.rela.data.*)
 *(.rela.gnu.linkonce.d*)

.rel.ctors
 *(.rel.ctors)

.rela.ctors
 *(.rela.ctors)

.rel.dtors
 *(.rel.dtors)

.rela.dtors
 *(.rela.dtors)

.rel.got
 *(.rel.got)

.rela.got
 *(.rela.got)

.rel.bss
 *(.rel.bss)

.rela.bss
 *(.rela.bss)

.rel.plt
 *(.rel.plt)

.rela.plt
 *(.rela.plt)

.text           0x00000000     0x17a2
 *(.vectors)
 .vectors       0x00000000       0x68 C:/Program Files (x86)/Atmel/Studio/7.0/Packs/atmel/ATmega_DFP/1.6.364/gcc/dev/atmega328p/avr5/crtatmega328p.o
                0x00000000                __vector_default
                0x00000000                __vectors
 *(.vectors)
 *(.progmem.gcc*)
 .progmem.gcc_sw_table._ZN7MCP251510setBitrateE9CAN_SPEED9CAN_CLOCK
                0x00000068       0x58 C:\Users\user\Desktop\CI_Projects\VotingGateway\ArduinoCore\Debug\libArduinoCore.a(mcp2515.o)
                0x000000c0                . = ALIGN (0x2)
                0x000000c0                __trampolines_start = .
 *(.trampolines)
 .trampolines   0x000000c0        0x0 linker stubs
 *(.trampolines*)
                0x000000c0                __trampolines_end = .
 *libprintf_flt.a:*(.progmem.data)
 *libc.a:*(.progmem.data)
 *(.progmem*)
 .progmem.data.digital_pin_to_timer_PGM
                0x000000c0       0x14 C:\Users\user\Desktop\CI_Projects\VotingGateway\ArduinoCore\Debug\libArduinoCore.a(wiring_digital.o)
                0x000000c0                digital_pin_to_timer_PGM
 .progmem.data.digital_pin_to_bit_mask_PGM
                0x000000d4       0x14 C:\Users\user\Desktop\CI_Projects\VotingGateway\ArduinoCore\Debug\libArduinoCore.a(wiring_digital.o)
                0x000000d4                digital_pin_to_bit_mask_PGM
 .progmem.data.digital_pin_to_port_PGM
                0x000000e8       0x14 C:\Users\user\Desktop\CI_Projects\VotingGateway\ArduinoCore\Debug\libArduinoCore.a(wiring_digital.o)
                0x000000e8                digital_pin_to_port_PGM
 .progmem.data.port_to_output_PGM
                0x000000fc        0xa C:\Users\user\Desktop\CI_Projects\VotingGateway\ArduinoCore\Debug\libArduinoCore.a(wiring_digital.o)
                0x000000fc                port_to_output_PGM
 .progmem.data.port_to_mode_PGM
                0x00000106        0xa C:\Users\user\Desktop\CI_Projects\VotingGateway\ArduinoCore\Debug\libArduinoCore.a(wiring_digital.o)
                0x00000106                port_to_mode_PGM
                0x00000110                . = ALIGN (0x2)
 *(.jumptables)
 *(.jumptables*)
 *(.lowtext)
 *(.lowtext*)
                0x00000110                __ctors_start = .
 *(.ctors)
 .ctors         0x00000110        0x2 Sketch.o
 .ctors         0x00000112        0x2 C:\Users\user\Desktop\CI_Projects\VotingGateway\ArduinoCore\Debug\libArduinoCore.a(HardwareSerial0.o)
                0x00000114                __ctors_end = .
                0x00000114                __dtors_start = .
 *(.dtors)
                0x00000114                __dtors_end = .
 SORT(*)(.ctors)
 SORT(*)(.dtors)
 *(.init0)
 .init0         0x00000114        0x0 C:/Program Files (x86)/Atmel/Studio/7.0/Packs/atmel/ATmega_DFP/1.6.364/gcc/dev/atmega328p/avr5/crtatmega328p.o
                0x00000114                __init
 *(.init0)
 *(.init1)
 *(.init1)
 *(.init2)
 .init2         0x00000114        0xc C:/Program Files (x86)/Atmel/Studio/7.0/Packs/atmel/ATmega_DFP/1.6.364/gcc/dev/atmega328p/avr5/crtatmega328p.o
 *(.init2)
 *(.init3)
 *(.init3)
 *(.init4)
 .init4         0x00000120       0x16 c:/program files (x86)/atmel/studio/7.0/toolchain/avr8/avr8-gnu-toolchain/bin/../lib/gcc/avr/5.4.0/avr5\libgcc.a(_copy_data.o)
                0x00000120                __do_copy_data
 .init4         0x00000136       0x10 c:/program files (x86)/atmel/studio/7.0/toolchain/avr8/avr8-gnu-toolchain/bin/../lib/gcc/avr/5.4.0/avr5\libgcc.a(_clear_bss.o)
                0x00000136                __do_clear_bss
 *(.init4)
 *(.init5)
 *(.init5)
 *(.init6)
 .init6         0x00000146       0x16 c:/program files (x86)/atmel/studio/7.0/toolchain/avr8/avr8-gnu-toolchain/bin/../lib/gcc/avr/5.4.0/avr5\libgcc.a(_ctors.o)
                0x00000146                __do_global_ctors
 *(.init6)
 *(.init7)
 *(.init7)
 *(.init8)
 *(.init8)
 *(.init9)
 .init9         0x0000015c        0x8 C:/Program Files (x86)/Atmel/Studio/7.0/Packs/atmel/ATmega_DFP/1.6.364/gcc/dev/atmega328p/avr5/crtatmega328p.o
 *(.init9)
 *(.text)
 .text          0x00000164        0x4 C:/Program Files (x86)/Atmel/Studio/7.0/Packs/atmel/ATmega_DFP/1.6.364/gcc/dev/atmega328p/avr5/crtatmega328p.o
                0x00000164                __vector_22
                0x00000164                __vector_1
                0x00000164                __vector_24
                0x00000164                __vector_12
                0x00000164                __bad_interrupt
                0x00000164                __vector_6
                0x00000164                __vector_3
                0x00000164                __vector_23
                0x00000164                __vector_25
                0x00000164                __vector_11
                0x00000164                __vector_13
                0x00000164                __vector_17
                0x00000164                __vector_7
                0x00000164                __vector_5
                0x00000164                __vector_4
                0x00000164                __vector_9
                0x00000164                __vector_2
                0x00000164                __vector_21
                0x00000164                __vector_15
                0x00000164                __vector_8
                0x00000164                __vector_14
                0x00000164                __vector_10
                0x00000164                __vector_20
                0x00000168                . = ALIGN (0x2)
 *(.text.*)
 .text.setup    0x00000168       0x40 Sketch.o
                0x00000168                setup
 .text.startup._GLOBAL__sub_I_mcp2515
                0x000001a8       0x20 Sketch.o
 .text.loop     0x000001c8       0x56 Sketch.o
                0x000001c8                loop
 .text._Z17stateIDLE_handlerv
                0x0000021e       0xc8 stateHandlers.o
                0x0000021e                _Z17stateIDLE_handlerv
 .text._Z19stateACTIVE_handlerv
                0x000002e6      0x128 stateHandlers.o
                0x000002e6                _Z19stateACTIVE_handlerv
 .text._ZN14HardwareSerial9availableEv
                0x0000040e       0x18 C:\Users\user\Desktop\CI_Projects\VotingGateway\ArduinoCore\Debug\libArduinoCore.a(HardwareSerial.o)
                0x0000040e                _ZN14HardwareSerial9availableEv
 .text._ZN14HardwareSerial4peekEv
                0x00000426       0x1c C:\Users\user\Desktop\CI_Projects\VotingGateway\ArduinoCore\Debug\libArduinoCore.a(HardwareSerial.o)
                0x00000426                _ZN14HardwareSerial4peekEv
 .text._ZN14HardwareSerial4readEv
                0x00000442       0x28 C:\Users\user\Desktop\CI_Projects\VotingGateway\ArduinoCore\Debug\libArduinoCore.a(HardwareSerial.o)
                0x00000442                _ZN14HardwareSerial4readEv
 .text._ZN14HardwareSerial17availableForWriteEv
                0x0000046a       0x1e C:\Users\user\Desktop\CI_Projects\VotingGateway\ArduinoCore\Debug\libArduinoCore.a(HardwareSerial.o)
                0x0000046a                _ZN14HardwareSerial17availableForWriteEv
 .text._Z14serialEventRunv
                0x00000488       0x1c C:\Users\user\Desktop\CI_Projects\VotingGateway\ArduinoCore\Debug\libArduinoCore.a(HardwareSerial.o)
                0x00000488                _Z14serialEventRunv
 .text._ZN14HardwareSerial17_tx_udr_empty_irqEv
                0x000004a4       0x44 C:\Users\user\Desktop\CI_Projects\VotingGateway\ArduinoCore\Debug\libArduinoCore.a(HardwareSerial.o)
                0x000004a4                _ZN14HardwareSerial17_tx_udr_empty_irqEv
 .text._ZN14HardwareSerial5writeEh
                0x000004e8       0x9a C:\Users\user\Desktop\CI_Projects\VotingGateway\ArduinoCore\Debug\libArduinoCore.a(HardwareSerial.o)
                0x000004e8                _ZN14HardwareSerial5writeEh
 .text._ZN14HardwareSerial5flushEv
                0x00000582       0x44 C:\Users\user\Desktop\CI_Projects\VotingGateway\ArduinoCore\Debug\libArduinoCore.a(HardwareSerial.o)
                0x00000582                _ZN14HardwareSerial5flushEv
 .text._ZN14HardwareSerial5beginEmh
                0x000005c6       0xca C:\Users\user\Desktop\CI_Projects\VotingGateway\ArduinoCore\Debug\libArduinoCore.a(HardwareSerial.o)
                0x000005c6                _ZN14HardwareSerial5beginEmh
 .text.__vector_18
                0x00000690       0x64 C:\Users\user\Desktop\CI_Projects\VotingGateway\ArduinoCore\Debug\libArduinoCore.a(HardwareSerial0.o)
                0x00000690                __vector_18
 .text.__vector_19
                0x000006f4       0x4c C:\Users\user\Desktop\CI_Projects\VotingGateway\ArduinoCore\Debug\libArduinoCore.a(HardwareSerial0.o)
                0x000006f4                __vector_19
 .text._Z17Serial0_availablev
                0x00000740       0x14 C:\Users\user\Desktop\CI_Projects\VotingGateway\ArduinoCore\Debug\libArduinoCore.a(HardwareSerial0.o)
                0x00000740                _Z17Serial0_availablev
 .text.startup._GLOBAL__sub_I___vector_18
                0x00000754       0x5a C:\Users\user\Desktop\CI_Projects\VotingGateway\ArduinoCore\Debug\libArduinoCore.a(HardwareSerial0.o)
 .text.initVariant
                0x000007ae        0x2 C:\Users\user\Desktop\CI_Projects\VotingGateway\ArduinoCore\Debug\libArduinoCore.a(main.o)
                0x000007ae                initVariant
 .text.startup.main
                0x000007b0       0x1e C:\Users\user\Desktop\CI_Projects\VotingGateway\ArduinoCore\Debug\libArduinoCore.a(main.o)
                0x000007b0                main
 .text._ZN5Print5writeEPKhj
                0x000007ce       0x54 C:\Users\user\Desktop\CI_Projects\VotingGateway\ArduinoCore\Debug\libArduinoCore.a(Print.o)
                0x000007ce                _ZN5Print5writeEPKhj
 .text._ZN5Print5writeEPKc
                0x00000822       0x2a C:\Users\user\Desktop\CI_Projects\VotingGateway\ArduinoCore\Debug\libArduinoCore.a(Print.o)
                0x00000822                _ZN5Print5writeEPKc
 .text._ZN5Print5printEPKc
                0x0000084c        0x4 C:\Users\user\Desktop\CI_Projects\VotingGateway\ArduinoCore\Debug\libArduinoCore.a(Print.o)
                0x0000084c                _ZN5Print5printEPKc
 .text._ZN5Print7printlnEv
                0x00000850        0x8 C:\Users\user\Desktop\CI_Projects\VotingGateway\ArduinoCore\Debug\libArduinoCore.a(Print.o)
                0x00000850                _ZN5Print7printlnEv
 .text._ZN5Print11printNumberEmh
                0x00000858       0x92 C:\Users\user\Desktop\CI_Projects\VotingGateway\ArduinoCore\Debug\libArduinoCore.a(Print.o)
                0x00000858                _ZN5Print11printNumberEmh
 .text._ZN5Print5printEmi
                0x000008ea       0x1a C:\Users\user\Desktop\CI_Projects\VotingGateway\ArduinoCore\Debug\libArduinoCore.a(Print.o)
                0x000008ea                _ZN5Print5printEmi
 .text._ZN5Print5printEhi
                0x00000904        0xe C:\Users\user\Desktop\CI_Projects\VotingGateway\ArduinoCore\Debug\libArduinoCore.a(Print.o)
                0x00000904                _ZN5Print5printEhi
 .text.__vector_16
                0x00000912       0x94 C:\Users\user\Desktop\CI_Projects\VotingGateway\ArduinoCore\Debug\libArduinoCore.a(wiring.o)
                0x00000912                __vector_16
 .text.millis   0x000009a6       0x18 C:\Users\user\Desktop\CI_Projects\VotingGateway\ArduinoCore\Debug\libArduinoCore.a(wiring.o)
                0x000009a6                millis
 .text.micros   0x000009be       0x4a C:\Users\user\Desktop\CI_Projects\VotingGateway\ArduinoCore\Debug\libArduinoCore.a(wiring.o)
                0x000009be                micros
 .text.delay    0x00000a08       0x78 C:\Users\user\Desktop\CI_Projects\VotingGateway\ArduinoCore\Debug\libArduinoCore.a(wiring.o)
                0x00000a08                delay
 .text.init     0x00000a80       0x76 C:\Users\user\Desktop\CI_Projects\VotingGateway\ArduinoCore\Debug\libArduinoCore.a(wiring.o)
                0x00000a80                init
 .text._ZN8SPIClass8transferEh
                0x00000af6        0xe C:\Users\user\Desktop\CI_Projects\VotingGateway\ArduinoCore\Debug\libArduinoCore.a(mcp2515.o)
                0x00000af6                _ZN8SPIClass8transferEh
 .text._ZN7MCP25158startSPIEv
                0x00000b04       0x74 C:\Users\user\Desktop\CI_Projects\VotingGateway\ArduinoCore\Debug\libArduinoCore.a(mcp2515.o)
                0x00000b04                _ZN7MCP25158startSPIEv
 .text._ZN7MCP25156endSPIEv
                0x00000b78       0x2c C:\Users\user\Desktop\CI_Projects\VotingGateway\ArduinoCore\Debug\libArduinoCore.a(mcp2515.o)
                0x00000b78                _ZN7MCP25156endSPIEv
 .text._ZN7MCP2515C2EhmP8SPIClass
                0x00000ba4       0x5c C:\Users\user\Desktop\CI_Projects\VotingGateway\ArduinoCore\Debug\libArduinoCore.a(mcp2515.o)
                0x00000ba4                _ZN7MCP2515C1EhmP8SPIClass
                0x00000ba4                _ZN7MCP2515C2EhmP8SPIClass
 .text._ZN7MCP251512readRegisterENS_8REGISTERE
                0x00000c00       0x32 C:\Users\user\Desktop\CI_Projects\VotingGateway\ArduinoCore\Debug\libArduinoCore.a(mcp2515.o)
                0x00000c00                _ZN7MCP251512readRegisterENS_8REGISTERE
 .text._ZN7MCP251513readRegistersENS_8REGISTEREPhh
                0x00000c32       0x58 C:\Users\user\Desktop\CI_Projects\VotingGateway\ArduinoCore\Debug\libArduinoCore.a(mcp2515.o)
                0x00000c32                _ZN7MCP251513readRegistersENS_8REGISTEREPhh
 .text._ZN7MCP251511setRegisterENS_8REGISTEREh
                0x00000c8a       0x32 C:\Users\user\Desktop\CI_Projects\VotingGateway\ArduinoCore\Debug\libArduinoCore.a(mcp2515.o)
                0x00000c8a                _ZN7MCP251511setRegisterENS_8REGISTEREh
 .text._ZN7MCP251512setRegistersENS_8REGISTEREPKhh
                0x00000cbc       0x56 C:\Users\user\Desktop\CI_Projects\VotingGateway\ArduinoCore\Debug\libArduinoCore.a(mcp2515.o)
                0x00000cbc                _ZN7MCP251512setRegistersENS_8REGISTEREPKhh
 .text._ZN7MCP251514modifyRegisterENS_8REGISTEREhh
                0x00000d12       0x3e C:\Users\user\Desktop\CI_Projects\VotingGateway\ArduinoCore\Debug\libArduinoCore.a(mcp2515.o)
                0x00000d12                _ZN7MCP251514modifyRegisterENS_8REGISTEREhh
 .text._ZN7MCP25159getStatusEv
                0x00000d50       0x2a C:\Users\user\Desktop\CI_Projects\VotingGateway\ArduinoCore\Debug\libArduinoCore.a(mcp2515.o)
                0x00000d50                _ZN7MCP25159getStatusEv
 .text._ZN7MCP25157setModeENS_18CANCTRL_REQOP_MODEE
                0x00000d7a       0x64 C:\Users\user\Desktop\CI_Projects\VotingGateway\ArduinoCore\Debug\libArduinoCore.a(mcp2515.o)
                0x00000d7a                _ZN7MCP25157setModeENS_18CANCTRL_REQOP_MODEE
 .text._ZN7MCP251513setConfigModeEv
                0x00000dde        0x6 C:\Users\user\Desktop\CI_Projects\VotingGateway\ArduinoCore\Debug\libArduinoCore.a(mcp2515.o)
                0x00000dde                _ZN7MCP251513setConfigModeEv
 .text._ZN7MCP251513setNormalModeEv
                0x00000de4        0x6 C:\Users\user\Desktop\CI_Projects\VotingGateway\ArduinoCore\Debug\libArduinoCore.a(mcp2515.o)
                0x00000de4                _ZN7MCP251513setNormalModeEv
 .text._ZN7MCP251510setBitrateE9CAN_SPEED9CAN_CLOCK
                0x00000dea      0x194 C:\Users\user\Desktop\CI_Projects\VotingGateway\ArduinoCore\Debug\libArduinoCore.a(mcp2515.o)
                0x00000dea                _ZN7MCP251510setBitrateE9CAN_SPEED9CAN_CLOCK
 .text._ZN7MCP251510setBitrateE9CAN_SPEED
                0x00000f7e        0x6 C:\Users\user\Desktop\CI_Projects\VotingGateway\ArduinoCore\Debug\libArduinoCore.a(mcp2515.o)
                0x00000f7e                _ZN7MCP251510setBitrateE9CAN_SPEED
 .text._ZN7MCP25159prepareIdEPhbm
                0x00000f84       0x56 C:\Users\user\Desktop\CI_Projects\VotingGateway\ArduinoCore\Debug\libArduinoCore.a(mcp2515.o)
                0x00000f84                _ZN7MCP25159prepareIdEPhbm
 .text._ZN7MCP251513setFilterMaskENS_4MASKEbm
                0x00000fda       0x8a C:\Users\user\Desktop\CI_Projects\VotingGateway\ArduinoCore\Debug\libArduinoCore.a(mcp2515.o)
                0x00000fda                _ZN7MCP251513setFilterMaskENS_4MASKEbm
 .text._ZN7MCP25159setFilterENS_3RXFEbm
                0x00001064       0xc0 C:\Users\user\Desktop\CI_Projects\VotingGateway\ArduinoCore\Debug\libArduinoCore.a(mcp2515.o)
                0x00001064                _ZN7MCP25159setFilterENS_3RXFEbm
 .text._ZN7MCP25155resetEv
                0x00001124      0x140 C:\Users\user\Desktop\CI_Projects\VotingGateway\ArduinoCore\Debug\libArduinoCore.a(mcp2515.o)
                0x00001124                _ZN7MCP25155resetEv
 .text._ZN7MCP251511sendMessageENS_4TXBnEPK9can_frame
                0x00001264      0x11c C:\Users\user\Desktop\CI_Projects\VotingGateway\ArduinoCore\Debug\libArduinoCore.a(mcp2515.o)
                0x00001264                _ZN7MCP251511sendMessageENS_4TXBnEPK9can_frame
 .text._ZN7MCP251511sendMessageEPK9can_frame
                0x00001380       0xc0 C:\Users\user\Desktop\CI_Projects\VotingGateway\ArduinoCore\Debug\libArduinoCore.a(mcp2515.o)
                0x00001380                _ZN7MCP251511sendMessageEPK9can_frame
 .text._ZN7MCP251511readMessageENS_4RXBnEP9can_frame
                0x00001440      0x12a C:\Users\user\Desktop\CI_Projects\VotingGateway\ArduinoCore\Debug\libArduinoCore.a(mcp2515.o)
                0x00001440                _ZN7MCP251511readMessageENS_4RXBnEP9can_frame
 .text._ZN7MCP251511readMessageEP9can_frame
                0x0000156a       0x3c C:\Users\user\Desktop\CI_Projects\VotingGateway\ArduinoCore\Debug\libArduinoCore.a(mcp2515.o)
                0x0000156a                _ZN7MCP251511readMessageEP9can_frame
 .text._ZN8SPIClass5beginEv
                0x000015a6       0x6c C:\Users\user\Desktop\CI_Projects\VotingGateway\ArduinoCore\Debug\libArduinoCore.a(SPI.o)
                0x000015a6                _ZN8SPIClass5beginEv
 .text.__empty  0x00001612        0x2 C:\Users\user\Desktop\CI_Projects\VotingGateway\ArduinoCore\Debug\libArduinoCore.a(hooks.o)
                0x00001612                yield
 .text.turnOffPWM
                0x00001614       0x52 C:\Users\user\Desktop\CI_Projects\VotingGateway\ArduinoCore\Debug\libArduinoCore.a(wiring_digital.o)
 .text.pinMode  0x00001666       0x78 C:\Users\user\Desktop\CI_Projects\VotingGateway\ArduinoCore\Debug\libArduinoCore.a(wiring_digital.o)
                0x00001666                pinMode
 .text.digitalWrite
                0x000016de       0x5e C:\Users\user\Desktop\CI_Projects\VotingGateway\ArduinoCore\Debug\libArduinoCore.a(wiring_digital.o)
                0x000016de                digitalWrite
 .text.libgcc.div
                0x0000173c       0x44 c:/program files (x86)/atmel/studio/7.0/toolchain/avr8/avr8-gnu-toolchain/bin/../lib/gcc/avr/5.4.0/avr5\libgcc.a(_udivmodsi4.o)
                0x0000173c                __udivmodsi4
 .text.libgcc   0x00001780        0xc c:/program files (x86)/atmel/studio/7.0/toolchain/avr8/avr8-gnu-toolchain/bin/../lib/gcc/avr/5.4.0/avr5\libgcc.a(_tablejump2.o)
                0x00001780                __tablejump2__
 .text.avr-libc
                0x0000178c       0x12 c:/program files (x86)/atmel/studio/7.0/toolchain/avr8/avr8-gnu-toolchain/bin/../lib/gcc/avr/5.4.0/../../../../avr/lib/avr5\libc.a(memcpy.o)
                0x0000178c                memcpy
                0x0000179e                . = ALIGN (0x2)
 *(.fini9)
 .fini9         0x0000179e        0x0 c:/program files (x86)/atmel/studio/7.0/toolchain/avr8/avr8-gnu-toolchain/bin/../lib/gcc/avr/5.4.0/avr5\libgcc.a(_exit.o)
                0x0000179e                _exit
                0x0000179e                exit
 *(.fini9)
 *(.fini8)
 *(.fini8)
 *(.fini7)
 *(.fini7)
 *(.fini6)
 *(.fini6)
 *(.fini5)
 *(.fini5)
 *(.fini4)
 *(.fini4)
 *(.fini3)
 *(.fini3)
 *(.fini2)
 *(.fini2)
 *(.fini1)
 *(.fini1)
 *(.fini0)
 .fini0         0x0000179e        0x4 c:/program files (x86)/atmel/studio/7.0/toolchain/avr8/avr8-gnu-toolchain/bin/../lib/gcc/avr/5.4.0/avr5\libgcc.a(_exit.o)
 *(.fini0)
                0x000017a2                _etext = .

.data           0x00800100       0x3e load address 0x000017a2
                0x00800100                PROVIDE (__data_start, .)
 *(.data)
 *(.data*)
 *(.gnu.linkonce.d*)
 *(.rodata)
 .rodata        0x00800100        0x9 C:\Users\user\Desktop\CI_Projects\VotingGateway\ArduinoCore\Debug\libArduinoCore.a(mcp2515.o)
 *(.rodata*)
 .rodata.str1.1
                0x00800109        0x2 stateHandlers.o
 .rodata._ZTV14HardwareSerial
                0x0080010b       0x12 C:\Users\user\Desktop\CI_Projects\VotingGateway\ArduinoCore\Debug\libArduinoCore.a(HardwareSerial.o)
                0x0080010b                _ZTV14HardwareSerial
 .rodata.str1.1
                0x0080011d        0xf C:\Users\user\Desktop\CI_Projects\VotingGateway\ArduinoCore\Debug\libArduinoCore.a(Print.o)
 .rodata._ZN7MCP25153RXBE
                0x0080012c        0x8 C:\Users\user\Desktop\CI_Projects\VotingGateway\ArduinoCore\Debug\libArduinoCore.a(mcp2515.o)
                0x0080012c                _ZN7MCP25153RXBE
 .rodata._ZN7MCP25153TXBE
                0x00800134        0x9 C:\Users\user\Desktop\CI_Projects\VotingGateway\ArduinoCore\Debug\libArduinoCore.a(mcp2515.o)
                0x00800134                _ZN7MCP25153TXBE
 *(.gnu.linkonce.r*)
                0x0080013e                . = ALIGN (0x2)
 *fill*         0x0080013d        0x1 
                0x0080013e                _edata = .
                0x0080013e                PROVIDE (__data_end, .)

.bss            0x0080013e       0xe0
                0x0080013e                PROVIDE (__bss_start, .)
 *(.bss)
 *(.bss*)
 .bss.stateExit
                0x0080013e        0x1 Sketch.o
                0x0080013e                stateExit
 .bss.stateEntry
                0x0080013f        0x1 Sketch.o
                0x0080013f                stateEntry
 .bss.mainEvent
                0x00800140        0x1 Sketch.o
                0x00800140                mainEvent
 .bss.mainState
                0x00800141        0x1 Sketch.o
                0x00800141                mainState
 *fill*         0x00800142        0x6 
 .bss.voteFrame
                0x00800148       0x10 Sketch.o
                0x00800148                voteFrame
 .bss.responseFrame
                0x00800158       0x10 Sketch.o
                0x00800158                responseFrame
 .bss.mcp2515   0x00800168        0x7 Sketch.o
                0x00800168                mcp2515
 .bss._ZL11currentTime
                0x0080016f        0x4 stateHandlers.o
 .bss.Serial    0x00800173       0x9d C:\Users\user\Desktop\CI_Projects\VotingGateway\ArduinoCore\Debug\libArduinoCore.a(HardwareSerial0.o)
                0x00800173                Serial
 .bss.timer0_fract
                0x00800210        0x1 C:\Users\user\Desktop\CI_Projects\VotingGateway\ArduinoCore\Debug\libArduinoCore.a(wiring.o)
 .bss.timer0_millis
                0x00800211        0x4 C:\Users\user\Desktop\CI_Projects\VotingGateway\ArduinoCore\Debug\libArduinoCore.a(wiring.o)
                0x00800211                timer0_millis
 .bss.timer0_overflow_count
                0x00800215        0x4 C:\Users\user\Desktop\CI_Projects\VotingGateway\ArduinoCore\Debug\libArduinoCore.a(wiring.o)
                0x00800215                timer0_overflow_count
 .bss._ZN8SPIClass13interruptSaveE
                0x00800219        0x1 C:\Users\user\Desktop\CI_Projects\VotingGateway\ArduinoCore\Debug\libArduinoCore.a(SPI.o)
                0x00800219                _ZN8SPIClass13interruptSaveE
 .bss._ZN8SPIClass13interruptMaskE
                0x0080021a        0x1 C:\Users\user\Desktop\CI_Projects\VotingGateway\ArduinoCore\Debug\libArduinoCore.a(SPI.o)
                0x0080021a                _ZN8SPIClass13interruptMaskE
 .bss._ZN8SPIClass13interruptModeE
                0x0080021b        0x1 C:\Users\user\Desktop\CI_Projects\VotingGateway\ArduinoCore\Debug\libArduinoCore.a(SPI.o)
                0x0080021b                _ZN8SPIClass13interruptModeE
 .bss._ZN8SPIClass11initializedE
                0x0080021c        0x1 C:\Users\user\Desktop\CI_Projects\VotingGateway\ArduinoCore\Debug\libArduinoCore.a(SPI.o)
                0x0080021c                _ZN8SPIClass11initializedE
 .bss.SPI       0x0080021d        0x1 C:\Users\user\Desktop\CI_Projects\VotingGateway\ArduinoCore\Debug\libArduinoCore.a(SPI.o)
                0x0080021d                SPI
 *(COMMON)
                0x0080021e                PROVIDE (__bss_end, .)
                0x000017a2                __data_load_start = LOADADDR (.data)
                0x000017e0                __data_load_end = (__data_load_start + SIZEOF (.data))

.noinit         0x0080021e        0x0
                [!provide]                PROVIDE (__noinit_start, .)
 *(.noinit*)
                [!provide]                PROVIDE (__noinit_end, .)
                0x0080021e                _end = .
                [!provide]                PROVIDE (__heap_start, .)

.eeprom         0x00810000        0x0
 *(.eeprom*)
                0x00810000                __eeprom_end = .

.fuse
 *(.fuse)
 *(.lfuse)
 *(.hfuse)
 *(.efuse)

.lock
 *(.lock*)

.signature
 *(.signature*)

.user_signatures
 *(.user_signatures*)

.stab
 *(.stab)

.stabstr
 *(.stabstr)

.stab.excl
 *(.stab.excl)

.stab.exclstr
 *(.stab.exclstr)

.stab.index
 *(.stab.index)

.stab.indexstr
 *(.stab.indexstr)

.comment        0x00000000       0x30
 *(.comment)
 .comment       0x00000000       0x30 Sketch.o
                                 0x31 (size before relaxing)
 .comment       0x00000030       0x31 stateHandlers.o
 .comment       0x00000030       0x31 C:\Users\user\Desktop\CI_Projects\VotingGateway\ArduinoCore\Debug\libArduinoCore.a(HardwareSerial.o)
 .comment       0x00000030       0x31 C:\Users\user\Desktop\CI_Projects\VotingGateway\ArduinoCore\Debug\libArduinoCore.a(HardwareSerial0.o)
 .comment       0x00000030       0x31 C:\Users\user\Desktop\CI_Projects\VotingGateway\ArduinoCore\Debug\libArduinoCore.a(main.o)
 .comment       0x00000030       0x31 C:\Users\user\Desktop\CI_Projects\VotingGateway\ArduinoCore\Debug\libArduinoCore.a(Print.o)
 .comment       0x00000030       0x31 C:\Users\user\Desktop\CI_Projects\VotingGateway\ArduinoCore\Debug\libArduinoCore.a(wiring.o)
 .comment       0x00000030       0x31 C:\Users\user\Desktop\CI_Projects\VotingGateway\ArduinoCore\Debug\libArduinoCore.a(mcp2515.o)
 .comment       0x00000030       0x31 C:\Users\user\Desktop\CI_Projects\VotingGateway\ArduinoCore\Debug\libArduinoCore.a(SPI.o)
 .comment       0x00000030       0x31 C:\Users\user\Desktop\CI_Projects\VotingGateway\ArduinoCore\Debug\libArduinoCore.a(hooks.o)
 .comment       0x00000030       0x31 C:\Users\user\Desktop\CI_Projects\VotingGateway\ArduinoCore\Debug\libArduinoCore.a(wiring_digital.o)

.note.gnu.avr.deviceinfo
                0x00000000       0x40
 .note.gnu.avr.deviceinfo
                0x00000000       0x40 C:/Program Files (x86)/Atmel/Studio/7.0/Packs/atmel/ATmega_DFP/1.6.364/gcc/dev/atmega328p/avr5/crtatmega328p.o

.note.gnu.build-id
 *(.note.gnu.build-id)

.debug
 *(.debug)

.line
 *(.line)

.debug_srcinfo
 *(.debug_srcinfo)

.debug_sfnames
 *(.debug_sfnames)

.debug_aranges  0x00000000      0x468
 *(.debug_aranges)
 .debug_aranges
                0x00000000       0x30 Sketch.o
 .debug_aranges
                0x00000030       0x28 stateHandlers.o
 .debug_aranges
                0x00000058       0x68 C:\Users\user\Desktop\CI_Projects\VotingGateway\ArduinoCore\Debug\libArduinoCore.a(HardwareSerial.o)
 .debug_aranges
                0x000000c0       0x48 C:\Users\user\Desktop\CI_Projects\VotingGateway\ArduinoCore\Debug\libArduinoCore.a(HardwareSerial0.o)
 .debug_aranges
                0x00000108       0x30 C:\Users\user\Desktop\CI_Projects\VotingGateway\ArduinoCore\Debug\libArduinoCore.a(main.o)
 .debug_aranges
                0x00000138      0x100 C:\Users\user\Desktop\CI_Projects\VotingGateway\ArduinoCore\Debug\libArduinoCore.a(Print.o)
 .debug_aranges
                0x00000238       0x48 C:\Users\user\Desktop\CI_Projects\VotingGateway\ArduinoCore\Debug\libArduinoCore.a(wiring.o)
 .debug_aranges
                0x00000280      0x158 C:\Users\user\Desktop\CI_Projects\VotingGateway\ArduinoCore\Debug\libArduinoCore.a(mcp2515.o)
 .debug_aranges
                0x000003d8       0x38 C:\Users\user\Desktop\CI_Projects\VotingGateway\ArduinoCore\Debug\libArduinoCore.a(SPI.o)
 .debug_aranges
                0x00000410       0x20 C:\Users\user\Desktop\CI_Projects\VotingGateway\ArduinoCore\Debug\libArduinoCore.a(hooks.o)
 .debug_aranges
                0x00000430       0x38 C:\Users\user\Desktop\CI_Projects\VotingGateway\ArduinoCore\Debug\libArduinoCore.a(wiring_digital.o)

.debug_pubnames
 *(.debug_pubnames)

.debug_info     0x00000000     0xd159
 *(.debug_info .gnu.linkonce.wi.*)
 .debug_info    0x00000000      0x5f4 C:/Program Files (x86)/Atmel/Studio/7.0/Packs/atmel/ATmega_DFP/1.6.364/gcc/dev/atmega328p/avr5/crtatmega328p.o
 .debug_info    0x000005f4     0x1469 Sketch.o
 .debug_info    0x00001a5d     0x135f stateHandlers.o
 .debug_info    0x00002dbc     0x1f64 C:\Users\user\Desktop\CI_Projects\VotingGateway\ArduinoCore\Debug\libArduinoCore.a(HardwareSerial.o)
 .debug_info    0x00004d20     0x1b16 C:\Users\user\Desktop\CI_Projects\VotingGateway\ArduinoCore\Debug\libArduinoCore.a(HardwareSerial0.o)
 .debug_info    0x00006836      0x237 C:\Users\user\Desktop\CI_Projects\VotingGateway\ArduinoCore\Debug\libArduinoCore.a(main.o)
 .debug_info    0x00006a6d     0x28ff C:\Users\user\Desktop\CI_Projects\VotingGateway\ArduinoCore\Debug\libArduinoCore.a(Print.o)
 .debug_info    0x0000936c      0x2cb C:\Users\user\Desktop\CI_Projects\VotingGateway\ArduinoCore\Debug\libArduinoCore.a(wiring.o)
 .debug_info    0x00009637     0x2e7b C:\Users\user\Desktop\CI_Projects\VotingGateway\ArduinoCore\Debug\libArduinoCore.a(mcp2515.o)
 .debug_info    0x0000c4b2      0x66b C:\Users\user\Desktop\CI_Projects\VotingGateway\ArduinoCore\Debug\libArduinoCore.a(SPI.o)
 .debug_info    0x0000cb1d       0x3e C:\Users\user\Desktop\CI_Projects\VotingGateway\ArduinoCore\Debug\libArduinoCore.a(hooks.o)
 .debug_info    0x0000cb5b      0x5fe C:\Users\user\Desktop\CI_Projects\VotingGateway\ArduinoCore\Debug\libArduinoCore.a(wiring_digital.o)

.debug_abbrev   0x00000000     0x26e3
 *(.debug_abbrev)
 .debug_abbrev  0x00000000      0x5a2 C:/Program Files (x86)/Atmel/Studio/7.0/Packs/atmel/ATmega_DFP/1.6.364/gcc/dev/atmega328p/avr5/crtatmega328p.o
 .debug_abbrev  0x000005a2      0x443 Sketch.o
 .debug_abbrev  0x000009e5      0x3d8 stateHandlers.o
 .debug_abbrev  0x00000dbd      0x4b7 C:\Users\user\Desktop\CI_Projects\VotingGateway\ArduinoCore\Debug\libArduinoCore.a(HardwareSerial.o)
 .debug_abbrev  0x00001274      0x3ce C:\Users\user\Desktop\CI_Projects\VotingGateway\ArduinoCore\Debug\libArduinoCore.a(HardwareSerial0.o)
 .debug_abbrev  0x00001642      0x12d C:\Users\user\Desktop\CI_Projects\VotingGateway\ArduinoCore\Debug\libArduinoCore.a(main.o)
 .debug_abbrev  0x0000176f      0x47a C:\Users\user\Desktop\CI_Projects\VotingGateway\ArduinoCore\Debug\libArduinoCore.a(Print.o)
 .debug_abbrev  0x00001be9      0x146 C:\Users\user\Desktop\CI_Projects\VotingGateway\ArduinoCore\Debug\libArduinoCore.a(wiring.o)
 .debug_abbrev  0x00001d2f      0x5ac C:\Users\user\Desktop\CI_Projects\VotingGateway\ArduinoCore\Debug\libArduinoCore.a(mcp2515.o)
 .debug_abbrev  0x000022db      0x283 C:\Users\user\Desktop\CI_Projects\VotingGateway\ArduinoCore\Debug\libArduinoCore.a(SPI.o)
 .debug_abbrev  0x0000255e       0x2a C:\Users\user\Desktop\CI_Projects\VotingGateway\ArduinoCore\Debug\libArduinoCore.a(hooks.o)
 .debug_abbrev  0x00002588      0x15b C:\Users\user\Desktop\CI_Projects\VotingGateway\ArduinoCore\Debug\libArduinoCore.a(wiring_digital.o)

.debug_line     0x00000000     0x2bdb
 *(.debug_line .debug_line.* .debug_line_end)
 .debug_line    0x00000000      0x134 C:/Program Files (x86)/Atmel/Studio/7.0/Packs/atmel/ATmega_DFP/1.6.364/gcc/dev/atmega328p/avr5/crtatmega328p.o
 .debug_line    0x00000134      0x2bb Sketch.o
 .debug_line    0x000003ef      0x36b stateHandlers.o
 .debug_line    0x0000075a      0x4c4 C:\Users\user\Desktop\CI_Projects\VotingGateway\ArduinoCore\Debug\libArduinoCore.a(HardwareSerial.o)
 .debug_line    0x00000c1e      0x28c C:\Users\user\Desktop\CI_Projects\VotingGateway\ArduinoCore\Debug\libArduinoCore.a(HardwareSerial0.o)
 .debug_line    0x00000eaa      0x165 C:\Users\user\Desktop\CI_Projects\VotingGateway\ArduinoCore\Debug\libArduinoCore.a(main.o)
 .debug_line    0x0000100f      0x685 C:\Users\user\Desktop\CI_Projects\VotingGateway\ArduinoCore\Debug\libArduinoCore.a(Print.o)
 .debug_line    0x00001694      0x299 C:\Users\user\Desktop\CI_Projects\VotingGateway\ArduinoCore\Debug\libArduinoCore.a(wiring.o)
 .debug_line    0x0000192d      0xd38 C:\Users\user\Desktop\CI_Projects\VotingGateway\ArduinoCore\Debug\libArduinoCore.a(mcp2515.o)
 .debug_line    0x00002665      0x2e3 C:\Users\user\Desktop\CI_Projects\VotingGateway\ArduinoCore\Debug\libArduinoCore.a(SPI.o)
 .debug_line    0x00002948       0x41 C:\Users\user\Desktop\CI_Projects\VotingGateway\ArduinoCore\Debug\libArduinoCore.a(hooks.o)
 .debug_line    0x00002989      0x252 C:\Users\user\Desktop\CI_Projects\VotingGateway\ArduinoCore\Debug\libArduinoCore.a(wiring_digital.o)

.debug_frame    0x00000000      0xdb4
 *(.debug_frame)
 .debug_frame   0x00000000       0x50 Sketch.o
 .debug_frame   0x00000050       0x54 stateHandlers.o
 .debug_frame   0x000000a4      0x110 C:\Users\user\Desktop\CI_Projects\VotingGateway\ArduinoCore\Debug\libArduinoCore.a(HardwareSerial.o)
 .debug_frame   0x000001b4       0xe0 C:\Users\user\Desktop\CI_Projects\VotingGateway\ArduinoCore\Debug\libArduinoCore.a(HardwareSerial0.o)
 .debug_frame   0x00000294       0x54 C:\Users\user\Desktop\CI_Projects\VotingGateway\ArduinoCore\Debug\libArduinoCore.a(main.o)
 .debug_frame   0x000002e8      0x3ac C:\Users\user\Desktop\CI_Projects\VotingGateway\ArduinoCore\Debug\libArduinoCore.a(Print.o)
 .debug_frame   0x00000694       0xc4 C:\Users\user\Desktop\CI_Projects\VotingGateway\ArduinoCore\Debug\libArduinoCore.a(wiring.o)
 .debug_frame   0x00000758      0x560 C:\Users\user\Desktop\CI_Projects\VotingGateway\ArduinoCore\Debug\libArduinoCore.a(mcp2515.o)
 .debug_frame   0x00000cb8       0x5c C:\Users\user\Desktop\CI_Projects\VotingGateway\ArduinoCore\Debug\libArduinoCore.a(SPI.o)
 .debug_frame   0x00000d14       0x24 C:\Users\user\Desktop\CI_Projects\VotingGateway\ArduinoCore\Debug\libArduinoCore.a(hooks.o)
 .debug_frame   0x00000d38       0x7c C:\Users\user\Desktop\CI_Projects\VotingGateway\ArduinoCore\Debug\libArduinoCore.a(wiring_digital.o)

.debug_str      0x00000000     0x367b
 *(.debug_str)
 .debug_str     0x00000000      0x208 C:/Program Files (x86)/Atmel/Studio/7.0/Packs/atmel/ATmega_DFP/1.6.364/gcc/dev/atmega328p/avr5/crtatmega328p.o
 .debug_str     0x00000208     0x1690 Sketch.o
                               0x1773 (size before relaxing)
 .debug_str     0x00001898       0x6c stateHandlers.o
                               0x16dd (size before relaxing)
 .debug_str     0x00001904     0x12d6 C:\Users\user\Desktop\CI_Projects\VotingGateway\ArduinoCore\Debug\libArduinoCore.a(HardwareSerial.o)
                               0x1602 (size before relaxing)
 .debug_str     0x00002bda       0x86 C:\Users\user\Desktop\CI_Projects\VotingGateway\ArduinoCore\Debug\libArduinoCore.a(HardwareSerial0.o)
                               0x13f5 (size before relaxing)
 .debug_str     0x00002c60       0x37 C:\Users\user\Desktop\CI_Projects\VotingGateway\ArduinoCore\Debug\libArduinoCore.a(main.o)
                                0x2a1 (size before relaxing)
 .debug_str     0x00002c97      0x3a8 C:\Users\user\Desktop\CI_Projects\VotingGateway\ArduinoCore\Debug\libArduinoCore.a(Print.o)
                               0x122f (size before relaxing)
 .debug_str     0x0000303f      0x159 C:\Users\user\Desktop\CI_Projects\VotingGateway\ArduinoCore\Debug\libArduinoCore.a(wiring.o)
                                0x237 (size before relaxing)
 .debug_str     0x00003198      0x366 C:\Users\user\Desktop\CI_Projects\VotingGateway\ArduinoCore\Debug\libArduinoCore.a(mcp2515.o)
                               0x18d2 (size before relaxing)
 .debug_str     0x000034fe       0xe9 C:\Users\user\Desktop\CI_Projects\VotingGateway\ArduinoCore\Debug\libArduinoCore.a(SPI.o)
                                0x69a (size before relaxing)
 .debug_str     0x000035e7       0x1c C:\Users\user\Desktop\CI_Projects\VotingGateway\ArduinoCore\Debug\libArduinoCore.a(hooks.o)
                                0x12c (size before relaxing)
 .debug_str     0x00003603       0x78 C:\Users\user\Desktop\CI_Projects\VotingGateway\ArduinoCore\Debug\libArduinoCore.a(wiring_digital.o)
                                0x29c (size before relaxing)

.debug_loc      0x00000000     0x5712
 *(.debug_loc)
 .debug_loc     0x00000000       0x81 Sketch.o
 .debug_loc     0x00000081       0xa0 stateHandlers.o
 .debug_loc     0x00000121      0x4dc C:\Users\user\Desktop\CI_Projects\VotingGateway\ArduinoCore\Debug\libArduinoCore.a(HardwareSerial.o)
 .debug_loc     0x000005fd      0x1b0 C:\Users\user\Desktop\CI_Projects\VotingGateway\ArduinoCore\Debug\libArduinoCore.a(HardwareSerial0.o)
 .debug_loc     0x000007ad     0x1c87 C:\Users\user\Desktop\CI_Projects\VotingGateway\ArduinoCore\Debug\libArduinoCore.a(Print.o)
 .debug_loc     0x00002434      0x28d C:\Users\user\Desktop\CI_Projects\VotingGateway\ArduinoCore\Debug\libArduinoCore.a(wiring.o)
 .debug_loc     0x000026c1     0x2871 C:\Users\user\Desktop\CI_Projects\VotingGateway\ArduinoCore\Debug\libArduinoCore.a(mcp2515.o)
 .debug_loc     0x00004f32      0x1e4 C:\Users\user\Desktop\CI_Projects\VotingGateway\ArduinoCore\Debug\libArduinoCore.a(SPI.o)
 .debug_loc     0x00005116      0x5fc C:\Users\user\Desktop\CI_Projects\VotingGateway\ArduinoCore\Debug\libArduinoCore.a(wiring_digital.o)

.debug_macinfo
 *(.debug_macinfo)

.debug_weaknames
 *(.debug_weaknames)

.debug_funcnames
 *(.debug_funcnames)

.debug_typenames
 *(.debug_typenames)

.debug_varnames
 *(.debug_varnames)

.debug_pubtypes
 *(.debug_pubtypes)

.debug_ranges   0x00000000      0x420
 *(.debug_ranges)
 .debug_ranges  0x00000000       0x20 Sketch.o
 .debug_ranges  0x00000020       0x18 stateHandlers.o
 .debug_ranges  0x00000038       0x58 C:\Users\user\Desktop\CI_Projects\VotingGateway\ArduinoCore\Debug\libArduinoCore.a(HardwareSerial.o)
 .debug_ranges  0x00000090       0x38 C:\Users\user\Desktop\CI_Projects\VotingGateway\ArduinoCore\Debug\libArduinoCore.a(HardwareSerial0.o)
 .debug_ranges  0x000000c8       0x20 C:\Users\user\Desktop\CI_Projects\VotingGateway\ArduinoCore\Debug\libArduinoCore.a(main.o)
 .debug_ranges  0x000000e8      0x120 C:\Users\user\Desktop\CI_Projects\VotingGateway\ArduinoCore\Debug\libArduinoCore.a(Print.o)
 .debug_ranges  0x00000208       0x38 C:\Users\user\Desktop\CI_Projects\VotingGateway\ArduinoCore\Debug\libArduinoCore.a(wiring.o)
 .debug_ranges  0x00000240      0x180 C:\Users\user\Desktop\CI_Projects\VotingGateway\ArduinoCore\Debug\libArduinoCore.a(mcp2515.o)
 .debug_ranges  0x000003c0       0x28 C:\Users\user\Desktop\CI_Projects\VotingGateway\ArduinoCore\Debug\libArduinoCore.a(SPI.o)
 .debug_ranges  0x000003e8       0x10 C:\Users\user\Desktop\CI_Projects\VotingGateway\ArduinoCore\Debug\libArduinoCore.a(hooks.o)
 .debug_ranges  0x000003f8       0x28 C:\Users\user\Desktop\CI_Projects\VotingGateway\ArduinoCore\Debug\libArduinoCore.a(wiring_digital.o)

.debug_macro
 *(.debug_macro)
OUTPUT(VotingGateway.elf elf32-avr)
LOAD linker stubs
